Archive member included to satisfy reference by file (symbol)

/home/zhangk/d9/source/toolchain/gcc_linaro/gcc-arm-none-eabi-7.3.1/bin/../lib/gcc/arm-none-eabi/7.3.1/thumb/v7-ar/fpv3/hard/libgcc.a(_arm_addsubdf3.o)
                              ./build-ospi_handover_d9_ref/lib/libc.mod.o (__aeabi_ul2d)
/home/zhangk/d9/source/toolchain/gcc_linaro/gcc-arm-none-eabi-7.3.1/bin/../lib/gcc/arm-none-eabi/7.3.1/thumb/v7-ar/fpv3/hard/libgcc.a(_aeabi_ldivmod.o)
                              ./build-ospi_handover_d9_ref/lib/libc.mod.o (__aeabi_ldivmod)
/home/zhangk/d9/source/toolchain/gcc_linaro/gcc-arm-none-eabi-7.3.1/bin/../lib/gcc/arm-none-eabi/7.3.1/thumb/v7-ar/fpv3/hard/libgcc.a(_aeabi_uldivmod.o)
                              ./build-ospi_handover_d9_ref/platform/kunlun/safety.mod.o (__aeabi_uldivmod)
/home/zhangk/d9/source/toolchain/gcc_linaro/gcc-arm-none-eabi-7.3.1/bin/../lib/gcc/arm-none-eabi/7.3.1/thumb/v7-ar/fpv3/hard/libgcc.a(_udivmoddi4.o)
                              /home/zhangk/d9/source/toolchain/gcc_linaro/gcc-arm-none-eabi-7.3.1/bin/../lib/gcc/arm-none-eabi/7.3.1/thumb/v7-ar/fpv3/hard/libgcc.a(_aeabi_ldivmod.o) (__udivmoddi4)
/home/zhangk/d9/source/toolchain/gcc_linaro/gcc-arm-none-eabi-7.3.1/bin/../lib/gcc/arm-none-eabi/7.3.1/thumb/v7-ar/fpv3/hard/libgcc.a(_dvmd_tls.o)
                              /home/zhangk/d9/source/toolchain/gcc_linaro/gcc-arm-none-eabi-7.3.1/bin/../lib/gcc/arm-none-eabi/7.3.1/thumb/v7-ar/fpv3/hard/libgcc.a(_aeabi_ldivmod.o) (__aeabi_ldiv0)

Discarded input sections

 .text          0x0000000000000000        0x0 ./build-ospi_handover_d9_ref/target/reference_d9/safety.mod.o
 .rodata.UART_RX_PIN
                0x0000000000000000        0x2 ./build-ospi_handover_d9_ref/target/reference_d9/safety.mod.o
 .rodata.UART_TX_PIN
                0x0000000000000000        0x2 ./build-ospi_handover_d9_ref/target/reference_d9/safety.mod.o
 .data          0x0000000000000000        0x0 ./build-ospi_handover_d9_ref/target/reference_d9/safety.mod.o
 .bss           0x0000000000000000        0x0 ./build-ospi_handover_d9_ref/target/reference_d9/safety.mod.o
 .comment       0x0000000000000000      0x100 ./build-ospi_handover_d9_ref/target/reference_d9/safety.mod.o
 .text.reset_safety_cr5
                0x0000000000000000        0xc ./build-ospi_handover_d9_ref/platform/kunlun/safety.mod.o
 .text.debug_cycle_count
                0x0000000000000000       0x18 ./build-ospi_handover_d9_ref/platform/kunlun/safety.mod.o
 .text.uart_pputc
                0x0000000000000000       0x14 ./build-ospi_handover_d9_ref/platform/kunlun/safety.mod.o
 .text.uart_pgetc
                0x0000000000000000        0x4 ./build-ospi_handover_d9_ref/platform/kunlun/safety.mod.o
 .text.uart_flush_tx
                0x0000000000000000        0x4 ./build-ospi_handover_d9_ref/platform/kunlun/safety.mod.o
 .text.uart_flush_rx
                0x0000000000000000        0x4 ./build-ospi_handover_d9_ref/platform/kunlun/safety.mod.o
 .text.uart_init_port
                0x0000000000000000        0x4 ./build-ospi_handover_d9_ref/platform/kunlun/safety.mod.o
 .text.uart_update_rx_cbk
                0x0000000000000000       0x38 ./build-ospi_handover_d9_ref/platform/kunlun/safety.mod.o
 .text.uart_exit
                0x0000000000000000       0x20 ./build-ospi_handover_d9_ref/platform/kunlun/safety.mod.o
 .text.mask_interrupt
                0x0000000000000000       0x50 ./build-ospi_handover_d9_ref/platform/kunlun/safety.mod.o
 .rodata.__PRETTY_FUNCTION__.7130
                0x0000000000000000       0x12 ./build-ospi_handover_d9_ref/platform/kunlun/safety.mod.o
 .rodata.debug_cycle_count.str1.4
                0x0000000000000000       0x12 ./build-ospi_handover_d9_ref/platform/kunlun/safety.mod.o
 .data          0x0000000000000000        0x0 ./build-ospi_handover_d9_ref/platform/kunlun/safety.mod.o
 .bss           0x0000000000000000        0x0 ./build-ospi_handover_d9_ref/platform/kunlun/safety.mod.o
 .comment       0x0000000000000000      0x380 ./build-ospi_handover_d9_ref/platform/kunlun/safety.mod.o
 .text.dcc_worker_entry
                0x0000000000000000       0x34 ./build-ospi_handover_d9_ref/arch/arm.mod.o
 .text.arm_dcc_enable
                0x0000000000000000       0x48 ./build-ospi_handover_d9_ref/arch/arm.mod.o
 .text.arm_dcc_read_available
                0x0000000000000000        0xc ./build-ospi_handover_d9_ref/arch/arm.mod.o
 .text.arm_dcc_read
                0x0000000000000000       0x50 ./build-ospi_handover_d9_ref/arch/arm.mod.o
 .text.arm_dcc_write
                0x0000000000000000       0x54 ./build-ospi_handover_d9_ref/arch/arm.mod.o
 .text.arm_fpu_thread_initialize
                0x0000000000000000       0x20 ./build-ospi_handover_d9_ref/arch/arm.mod.o
 .text.arm_fpu_thread_swap
                0x0000000000000000       0x58 ./build-ospi_handover_d9_ref/arch/arm.mod.o
 .text.mpu_region_nr
                0x0000000000000000        0xc ./build-ospi_handover_d9_ref/arch/arm.mod.o
 .text.aligncheck
[...]
Memory Configuration

Name             Origin             Length             Attributes
*default*        0x0000000000000000 0xffffffffffffffff

Linker script and memory map

START GROUP
LOAD ./build-ospi_handover_d9_ref/target/reference_d9/safety.mod.o
LOAD ./build-ospi_handover_d9_ref/platform/kunlun/safety.mod.o
LOAD ./build-ospi_handover_d9_ref/arch/arm.mod.o
LOAD ./build-ospi_handover_d9_ref/top.mod.o
LOAD ./build-ospi_handover_d9_ref/application/system/ospi_handover.mod.o
LOAD ./build-ospi_handover_d9_ref/application/system/soc-init.mod.o
LOAD ./build-ospi_handover_d9_ref/application/tools/port_helper.mod.o
LOAD ./build-ospi_handover_d9_ref/chipdev/clkgen/sd_clkgen.mod.o
LOAD ./build-ospi_handover_d9_ref/chipdev/crypto/silex.mod.o
LOAD ./build-ospi_handover_d9_ref/chipdev/dio/sd_dio.mod.o
LOAD ./build-ospi_handover_d9_ref/chipdev/i2c/dw_i2c.mod.o
LOAD ./build-ospi_handover_d9_ref/chipdev/interrupt/arm_gic.mod.o
LOAD ./build-ospi_handover_d9_ref/chipdev/mailbox/sd_mbox.mod.o
LOAD ./build-ospi_handover_d9_ref/chipdev/pll.mod.o
LOAD ./build-ospi_handover_d9_ref/chipdev/pmu/sd_pmu.mod.o
LOAD ./build-ospi_handover_d9_ref/chipdev/port/sd_port.mod.o
LOAD ./build-ospi_handover_d9_ref/chipdev/rstgen/sd_rstgen.mod.o
LOAD ./build-ospi_handover_d9_ref/chipdev/scr.mod.o
LOAD ./build-ospi_handover_d9_ref/chipdev/spi_nor.mod.o
LOAD ./build-ospi_handover_d9_ref/chipdev/timer/sd_timer.mod.o
LOAD ./build-ospi_handover_d9_ref/chipdev/uart/dw_uart.mod.o
LOAD ./build-ospi_handover_d9_ref/framework/audio/core.mod.o
LOAD ./build-ospi_handover_d9_ref/framework/lib/system.mod.o
LOAD ./build-ospi_handover_d9_ref/framework/service/base.mod.o
LOAD ./build-ospi_handover_d9_ref/framework/service/sys_diagnosis.mod.o
LOAD ./build-ospi_handover_d9_ref/framework/service/worker.mod.o
LOAD ./build-ospi_handover_d9_ref/hal/clkgen_hal/sd_clkgen_hal.mod.o
LOAD ./build-ospi_handover_d9_ref/hal/cpu_hal/sd_cpu_hal.mod.o
LOAD ./build-ospi_handover_d9_ref/hal/crypto_hal/.mod.o
LOAD ./build-ospi_handover_d9_ref/hal/dio_hal/sd_dio_hal.mod.o
LOAD ./build-ospi_handover_d9_ref/hal/dma_hal/sd_dma_hal.mod.o
LOAD ./build-ospi_handover_d9_ref/hal/firewall_hal/.mod.o
LOAD ./build-ospi_handover_d9_ref/hal/gpioirq_hal.mod.o
LOAD ./build-ospi_handover_d9_ref/hal/i2c_hal/sd_i2c_hal.mod.o
LOAD ./build-ospi_handover_d9_ref/hal/interrupt_hal/arm_gic_hal.mod.o
LOAD ./build-ospi_handover_d9_ref/hal/mbox_hal/sd_mbox_hal.mod.o
LOAD ./build-ospi_handover_d9_ref/hal/mmc.mod.o
LOAD ./build-ospi_handover_d9_ref/hal/net.mod.o
LOAD ./build-ospi_handover_d9_ref/hal/pll/.mod.o
LOAD ./build-ospi_handover_d9_ref/hal/pmu_hal/sd_pmu_hal.mod.o
LOAD ./build-ospi_handover_d9_ref/hal/port_hal/sd_port_hal.mod.o
LOAD ./build-ospi_handover_d9_ref/hal/pvt_hal/.mod.o
LOAD ./build-ospi_handover_d9_ref/hal/pwm_hal/sd_pwm_hal.mod.o
LOAD ./build-ospi_handover_d9_ref/hal/res/.mod.o
LOAD ./build-ospi_handover_d9_ref/hal/rstgen_hal/sd_rstgen_hal.mod.o
LOAD ./build-ospi_handover_d9_ref/hal/scr/.mod.o
LOAD ./build-ospi_handover_d9_ref/hal/spdif_hal/sd_spdif_hal.mod.o
LOAD ./build-ospi_handover_d9_ref/hal/spi_hal/sd_spi_hal.mod.o
LOAD ./build-ospi_handover_d9_ref/hal/spi_nor.mod.o
LOAD ./build-ospi_handover_d9_ref/hal/timer_hal/sd_timer_hal.mod.o
LOAD ./build-ospi_handover_d9_ref/hal/uart_hal/dw_uart_hal.mod.o
LOAD ./build-ospi_handover_d9_ref/hal/wdg_hal/sd_wdg_hal.mod.o
LOAD ./build-ospi_handover_d9_ref/kernel.mod.o
LOAD ./build-ospi_handover_d9_ref/lib/apploader.mod.o
LOAD ./build-ospi_handover_d9_ref/lib/debug.mod.o
LOAD ./build-ospi_handover_d9_ref/lib/heap.mod.o
LOAD ./build-ospi_handover_d9_ref/lib/libc.mod.o
LOAD ./build-ospi_handover_d9_ref/lib/system_config.mod.o
LOAD ./build-ospi_handover_d9_ref/platform/kunlun/common.mod.o
LOAD ./build-ospi_handover_d9_ref/chipdev/func_safety.mod.o
LOAD ./build-ospi_handover_d9_ref/exdev/norflash.mod.o
LOAD ./build-ospi_handover_d9_ref/hal/i2s_hal/sd_i2s_hal/1.0.mod.o
LOAD ./build-ospi_handover_d9_ref/kernel/lk_wrapper.mod.o
LOAD ./build-ospi_handover_d9_ref/lib/cbuf.mod.o
LOAD ./build-ospi_handover_d9_ref/lib/io.mod.o
END GROUP
LOAD /home/zhangk/d9/source/toolchain/gcc_linaro/gcc-arm-none-eabi-7.3.1/bin/../lib/gcc/arm-none-eabi/7.3.1/thumb/v7-ar/fpv3/hard/libgcc.a
                0x0000000000100000                . = 0x100000
                0x0000000000100000                _start = .

.boot.vect
 *(.text.boot.vect)
 *(.text.boot.vect)

.text           0x0000000000100000     0xbdd8
 *(.text.boot.vectab1)
 *(.text.boot.vectab2)
 *(.text.boot)
 .text.boot     0x0000000000100000      0x198 ./build-ospi_handover_d9_ref/arch/arm.mod.o
                0x0000000000100040                arm_reset
                0x0000000000100040                platform_reset
 *(.text* .sram.text.glue_7* .gnu.linkonce.t.*)
 .text.target_early_init
                0x0000000000100198        0x4 ./build-ospi_handover_d9_ref/target/reference_d9/safety.mod.o
                0x0000000000100198                target_early_init
 .text.target_init
                0x000000000010019c        0x4 ./build-ospi_handover_d9_ref/target/reference_d9/safety.mod.o
                0x000000000010019c                target_init
 .text.uart_port_init
                0x00000000001001a0       0x5c ./build-ospi_handover_d9_ref/target/reference_d9/safety.mod.o
                0x00000000001001a0                uart_port_init
 .text          0x00000000001001fc       0x54 ./build-ospi_handover_d9_ref/platform/kunlun/safety.mod.o
                0x00000000001001fc                tcm_init
 .text.vector_remap
                0x0000000000100250       0xf0 ./build-ospi_handover_d9_ref/platform/kunlun/safety.mod.o
 .text.platform_core_reset
                0x0000000000100340       0x5c ./build-ospi_handover_d9_ref/platform/kunlun/safety.mod.o
 .text.platform_early_init
                0x000000000010039c      0x158 ./build-ospi_handover_d9_ref/platform/kunlun/safety.mod.o
                0x000000000010039c                platform_early_init
 .text.platform_init
                0x00000000001004f4        0x4 ./build-ospi_handover_d9_ref/platform/kunlun/safety.mod.o
                0x00000000001004f4                platform_init
 .text._dputc   0x00000000001004f8       0x2c ./build-ospi_handover_d9_ref/platform/kunlun/safety.mod.o
                0x00000000001004f8                _dputc
 .text.dgetc    0x0000000000100524       0x20 ./build-ospi_handover_d9_ref/platform/kunlun/safety.mod.o
                0x0000000000100524                dgetc
 .text.platform_halt
                0x0000000000100544        0x4 ./build-ospi_handover_d9_ref/platform/kunlun/safety.mod.o
                0x0000000000100544                platform_halt
 .text.platform_dputc
                0x0000000000100548        0x4 ./build-ospi_handover_d9_ref/platform/kunlun/safety.mod.o
                0x0000000000100548                platform_dputc
 .text.platform_dgetc
                0x000000000010054c        0x4 ./build-ospi_handover_d9_ref/platform/kunlun/safety.mod.o
                0x000000000010054c                platform_dgetc
 .text.save_char
                0x0000000000100550       0x3c ./build-ospi_handover_d9_ref/platform/kunlun/safety.mod.o
 .text.uart_init
                0x000000000010058c       0x34 ./build-ospi_handover_d9_ref/platform/kunlun/safety.mod.o
                0x000000000010058c                uart_init
 .text.uart_init_early
                0x00000000001005c0       0x58 ./build-ospi_handover_d9_ref/platform/kunlun/safety.mod.o
                0x00000000001005c0                uart_init_early
 .text.uart_putc
                0x0000000000100618       0x14 ./build-ospi_handover_d9_ref/platform/kunlun/safety.mod.o
                0x0000000000100618                uart_putc
 .text.uart_getc
                0x000000000010062c       0x3c ./build-ospi_handover_d9_ref/platform/kunlun/safety.mod.o
                0x000000000010062c                uart_getc
 .text.uart_get_current_port
                0x0000000000100668        0x4 ./build-ospi_handover_d9_ref/platform/kunlun/safety.mod.o
                0x0000000000100668                uart_get_current_port
 .text.current_time_hires
                0x000000000010066c       0x1c ./build-ospi_handover_d9_ref/platform/kunlun/safety.mod.o
                0x000000000010066c                current_time_hires
 .text.current_time
                0x0000000000100688       0x1c ./build-ospi_handover_d9_ref/platform/kunlun/safety.mod.o
                0x0000000000100688                current_time
 .text.timer_init_early
                0x00000000001006a4       0x64 ./build-ospi_handover_d9_ref/platform/kunlun/safety.mod.o
                0x00000000001006a4                timer_init_early
 .text.vPortTickTimerEnable
                0x0000000000100708       0x40 ./build-ospi_handover_d9_ref/platform/kunlun/safety.mod.o
                0x0000000000100708                vPortTickTimerEnable
 .text.register_int_handler
                0x0000000000100748       0x6c ./build-ospi_handover_d9_ref/platform/kunlun/safety.mod.o
                0x0000000000100748                register_int_handler
 .text.unmask_interrupt
                0x00000000001007b4       0x50 ./build-ospi_handover_d9_ref/platform/kunlun/safety.mod.o
                0x00000000001007b4                unmask_interrupt
 .text.arm_gic_init_early
                0x0000000000100804       0x48 ./build-ospi_handover_d9_ref/platform/kunlun/safety.mod.o
                0x0000000000100804                arm_gic_init_early
 .text.vApplicationIRQHandler
                0x000000000010084c        0x4 ./build-ospi_handover_d9_ref/platform/kunlun/safety.mod.o
                0x000000000010084c                vApplicationIRQHandler
 .text.sysd_reboot_probe
                0x0000000000100850        0x4 ./build-ospi_handover_d9_ref/platform/kunlun/safety.mod.o
                0x0000000000100850                sysd_reboot_probe
 .text          0x0000000000100854      0x6c8 ./build-ospi_handover_d9_ref/arch/arm.mod.o
                0x0000000000100854                arm_context_switch
                0x000000000010086c                arm_save_mode_regs
                0x00000000001008c8                arm_chain_load
                0x00000000001008e0                arch_disable_cache
                0x000000000010093c                arch_enable_cache
                0x0000000000100ac0                arch_clean_cache_range_asm
                0x0000000000100ae4                arch_clean_invalidate_cache_range_asm
                0x0000000000100b08                arch_invalidate_cache_range_asm
                0x0000000000100b2c                arch_sync_cache_range_asm
                0x0000000000100b48                _arch_enable_ints
                0x0000000000100b58                _arch_disable_ints
                0x0000000000100b68                _atomic_swap
                0x0000000000100b80                _atomic_add
                0x0000000000100b9c                _atomic_and
                0x0000000000100bb8                _atomic_or
                0x0000000000100bd4                arch_spin_trylock
                0x0000000000100bf0                arch_spin_lock
                0x0000000000100c14                arch_spin_unlock
                0x0000000000100c2c                arch_idle
                0x0000000000100c34                arm_invalidate_tlb
                0x0000000000100c40                arm_undefined
                0x0000000000100c98                arm_syscall
                0x0000000000100cf0                arm_prefetch_abort
                0x0000000000100d4c                arm_data_abort
                0x0000000000100da8                arm_reserved
                0x0000000000100dac                arm_irq
                0x0000000000100e2c                arm_fiq
                0x0000000000100e88                arch_copy_to_user
                0x0000000000100ea8                arch_copy_from_user
                0x0000000000100ec8                arch_strlcpy_from_user
 .text.dump_mode_regs
                0x0000000000100f1c      0x2cc ./build-ospi_handover_d9_ref/arch/arm.mod.o
 .text.exception_die
                0x00000000001011e8       0xac ./build-ospi_handover_d9_ref/arch/arm.mod.o
 .text.arm_syscall_handler
                0x0000000000101294       0x10 ./build-ospi_handover_d9_ref/arch/arm.mod.o
                0x0000000000101294                arm_syscall_handler
 .text.arm_undefined_handler
                0x00000000001012a4       0xe8 ./build-ospi_handover_d9_ref/arch/arm.mod.o
                0x00000000001012a4                arm_undefined_handler
 .text.arm_data_abort_handler
                0x000000000010138c      0x1bc ./build-ospi_handover_d9_ref/arch/arm.mod.o
                0x000000000010138c                arm_data_abort_handler
 .text.arm_prefetch_abort_handler
                0x0000000000101548       0xf0 ./build-ospi_handover_d9_ref/arch/arm.mod.o
                0x0000000000101548                arm_prefetch_abort_handler
 .text.arm_fpu_set_enable
                0x0000000000101638       0x10 ./build-ospi_handover_d9_ref/arch/arm.mod.o
                0x0000000000101638                arm_fpu_set_enable
 .text.arm_fpu_undefined_instruction
                0x0000000000101648       0x80 ./build-ospi_handover_d9_ref/arch/arm.mod.o
                0x0000000000101648                arm_fpu_undefined_instruction
 .text.mpu_add_region
                0x00000000001016c8      0x134 ./build-ospi_handover_d9_ref/arch/arm.mod.o
                0x00000000001016c8                mpu_add_region
 .text.mpu_enable
                0x00000000001017fc       0x28 ./build-ospi_handover_d9_ref/arch/arm.mod.o
                0x00000000001017fc                mpu_enable
 .text.arch_invalidate_cache_range
                0x0000000000101824        0x4 ./build-ospi_handover_d9_ref/arch/arm.mod.o
                0x0000000000101824                arch_invalidate_cache_range
 .text.arch_early_init
                0x0000000000101828       0x80 ./build-ospi_handover_d9_ref/arch/arm.mod.o
                0x0000000000101828                arch_early_init
 .text.arch_init
                0x00000000001018a8        0x4 ./build-ospi_handover_d9_ref/arch/arm.mod.o
                0x00000000001018a8                arch_init
 .text.lk_init_level
                0x00000000001018ac       0xd0 ./build-ospi_handover_d9_ref/top.mod.o
                0x00000000001018ac                lk_init_level
 .text.lk_main  0x000000000010197c       0xe4 ./build-ospi_handover_d9_ref/top.mod.o
                0x000000000010197c                lk_main
 .text.bootstrap2
                0x0000000000101a60       0x6c ./build-ospi_handover_d9_ref/top.mod.o
 .text.soc_global_rst
                0x0000000000101acc       0x40 ./build-ospi_handover_d9_ref/application/system/ospi_handover.mod.o
                0x0000000000101acc                soc_global_rst
 .text.ospi_handover_entry
                0x0000000000101b0c       0xe0 ./build-ospi_handover_d9_ref/application/system/ospi_handover.mod.o
                0x0000000000101b0c                ospi_handover_entry
 .text.setup_pll
                0x0000000000101bec       0x4c ./build-ospi_handover_d9_ref/application/system/soc-init.mod.o
 .text.safety_init
                0x0000000000101c38      0x10c ./build-ospi_handover_d9_ref/application/system/soc-init.mod.o
 .text.set_pmu_ctrl_ap_domain
                0x0000000000101d44       0xb8 ./build-ospi_handover_d9_ref/application/system/soc-init.mod.o
                0x0000000000101d44                set_pmu_ctrl_ap_domain
 .text.module_iso_disable
                0x0000000000101dfc       0x68 ./build-ospi_handover_d9_ref/application/system/soc-init.mod.o
                0x0000000000101dfc                module_iso_disable
 .text.module_rst
                0x0000000000101e64       0x68 ./build-ospi_handover_d9_ref/application/system/soc-init.mod.o
                0x0000000000101e64                module_rst
 .text.init_gpu1_ss
                0x0000000000101ecc       0xe4 ./build-ospi_handover_d9_ref/application/system/soc-init.mod.o
                0x0000000000101ecc                init_gpu1_ss
 .text.init_gpu2_ss
                0x0000000000101fb0       0xd8 ./build-ospi_handover_d9_ref/application/system/soc-init.mod.o
                0x0000000000101fb0                init_gpu2_ss
 .text.init_vpu_ss
                0x0000000000102088      0x168 ./build-ospi_handover_d9_ref/application/system/soc-init.mod.o
                0x0000000000102088                init_vpu_ss
 .text.rstgen_sec_module_rst
                0x00000000001021f0       0x48 ./build-ospi_handover_d9_ref/application/system/soc-init.mod.o
                0x00000000001021f0                rstgen_sec_module_rst
 .text.release_rst_all
                0x0000000000102238       0x20 ./build-ospi_handover_d9_ref/application/system/soc-init.mod.o
                0x0000000000102238                release_rst_all
 .text.enable_gating_all
                0x0000000000102258       0x54 ./build-ospi_handover_d9_ref/application/system/soc-init.mod.o
                0x0000000000102258                enable_gating_all
 .text.module_config_init
                0x00000000001022ac       0x90 ./build-ospi_handover_d9_ref/application/system/soc-init.mod.o
                0x00000000001022ac                module_config_init
 .text.soc_init
                0x000000000010233c       0x88 ./build-ospi_handover_d9_ref/application/system/soc-init.mod.o
                0x000000000010233c                soc_init
 .text.hpi_qos_init
                0x00000000001023c4      0xaf0 ./build-ospi_handover_d9_ref/application/system/soc-init.mod.o
                0x00000000001023c4                hpi_qos_init
 .text.ce_key_ctrl
                0x0000000000102eb4       0x34 ./build-ospi_handover_d9_ref/application/system/soc-init.mod.o
                0x0000000000102eb4                ce_key_ctrl
 .text.scr_init
                0x0000000000102ee8       0x44 ./build-ospi_handover_d9_ref/application/system/soc-init.mod.o
                0x0000000000102ee8                scr_init
 .text.clkgen_get_default_config
                0x0000000000102f2c       0x10 ./build-ospi_handover_d9_ref/chipdev/clkgen/sd_clkgen.mod.o
                0x0000000000102f2c                clkgen_get_default_config
 .text.clkgen_fsrefclk_sel
                0x0000000000102f3c       0x44 ./build-ospi_handover_d9_ref/chipdev/clkgen/sd_clkgen.mod.o
                0x0000000000102f3c                clkgen_fsrefclk_sel
 .text.clkgen_gating_enable
                0x0000000000102f80       0x4c ./build-ospi_handover_d9_ref/chipdev/clkgen/sd_clkgen.mod.o
                0x0000000000102f80                clkgen_gating_enable
 .text.clkgen_ip_slice_set
                0x0000000000102fcc       0xc8 ./build-ospi_handover_d9_ref/chipdev/clkgen/sd_clkgen.mod.o
                0x0000000000102fcc                clkgen_ip_slice_set
 .text.clkgen_ip_ctl_get
                0x0000000000103094        0xc ./build-ospi_handover_d9_ref/chipdev/clkgen/sd_clkgen.mod.o
                0x0000000000103094                clkgen_ip_ctl_get
 .text.clkgen_ip_ctl_set
                0x00000000001030a0       0xb0 ./build-ospi_handover_d9_ref/chipdev/clkgen/sd_clkgen.mod.o
                0x00000000001030a0                clkgen_ip_ctl_set
 .text.clkgen_bus_slice_switch
                0x0000000000103150      0x238 ./build-ospi_handover_d9_ref/chipdev/clkgen/sd_clkgen.mod.o
                0x0000000000103150                clkgen_bus_slice_switch
 .text.clkgen_bus_ctl_get
                0x0000000000103388       0x34 ./build-ospi_handover_d9_ref/chipdev/clkgen/sd_clkgen.mod.o
                0x0000000000103388                clkgen_bus_ctl_get
 .text.clkgen_bus_ctl_set
                0x00000000001033bc      0x240 ./build-ospi_handover_d9_ref/chipdev/clkgen/sd_clkgen.mod.o
                0x00000000001033bc                clkgen_bus_ctl_set
 .text.clkgen_core_slice_switch
                0x00000000001035fc      0x124 ./build-ospi_handover_d9_ref/chipdev/clkgen/sd_clkgen.mod.o
                0x00000000001035fc                clkgen_core_slice_switch
 .text.clkgen_core_ctl_get
                0x0000000000103720       0x10 ./build-ospi_handover_d9_ref/chipdev/clkgen/sd_clkgen.mod.o
                0x0000000000103720                clkgen_core_ctl_get
 .text.clkgen_core_ctl_set
                0x0000000000103730      0x110 ./build-ospi_handover_d9_ref/chipdev/clkgen/sd_clkgen.mod.o
                0x0000000000103730                clkgen_core_ctl_set
 .text.clkgen_mon_ip_slice
                0x0000000000103840      0x12c ./build-ospi_handover_d9_ref/chipdev/clkgen/sd_clkgen.mod.o
                0x0000000000103840                clkgen_mon_ip_slice
 .text.clkgen_mon_bus_slice
                0x000000000010396c      0x130 ./build-ospi_handover_d9_ref/chipdev/clkgen/sd_clkgen.mod.o
                0x000000000010396c                clkgen_mon_bus_slice
 .text.clkgen_mon_core_slice
                0x0000000000103a9c      0x12c ./build-ospi_handover_d9_ref/chipdev/clkgen/sd_clkgen.mod.o
                0x0000000000103a9c                clkgen_mon_core_slice
 .text.clkgen_uuu_clock_wrapper
                0x0000000000103bc8       0x7c ./build-ospi_handover_d9_ref/chipdev/clkgen/sd_clkgen.mod.o
                0x0000000000103bc8                clkgen_uuu_clock_wrapper
 .text.clkgen_uuu_ctl_get
                0x0000000000103c44       0x10 ./build-ospi_handover_d9_ref/chipdev/clkgen/sd_clkgen.mod.o
                0x0000000000103c44                clkgen_uuu_ctl_get
 .text.clkgen_uuu_ctl_set
                0x0000000000103c54       0x58 ./build-ospi_handover_d9_ref/chipdev/clkgen/sd_clkgen.mod.o
                0x0000000000103c54                clkgen_uuu_ctl_set
 .text.clkgen_ipslice_debug_enable
                0x0000000000103cac       0x3c ./build-ospi_handover_d9_ref/chipdev/clkgen/sd_clkgen.mod.o
                0x0000000000103cac                clkgen_ipslice_debug_enable
 .text.clkgen_ipslice_debug_disable
                0x0000000000103ce8       0x2c ./build-ospi_handover_d9_ref/chipdev/clkgen/sd_clkgen.mod.o
                0x0000000000103ce8                clkgen_ipslice_debug_disable
 .text.clkgen_busslice_debug_enable
                0x0000000000103d14       0x40 ./build-ospi_handover_d9_ref/chipdev/clkgen/sd_clkgen.mod.o
                0x0000000000103d14                clkgen_busslice_debug_enable
 .text.clkgen_busslice_debug_disable
                0x0000000000103d54        0x4 ./build-ospi_handover_d9_ref/chipdev/clkgen/sd_clkgen.mod.o
                0x0000000000103d54                clkgen_busslice_debug_disable
 .text.clkgen_coreslice_debug_enable
                0x0000000000103d58       0x38 ./build-ospi_handover_d9_ref/chipdev/clkgen/sd_clkgen.mod.o
                0x0000000000103d58                clkgen_coreslice_debug_enable
 .text.clkgen_coreslice_debug_disable
                0x0000000000103d90        0x4 ./build-ospi_handover_d9_ref/chipdev/clkgen/sd_clkgen.mod.o
                0x0000000000103d90                clkgen_coreslice_debug_disable
 .text.clkgen_uuuslice_debug_enable
                0x0000000000103d94       0x40 ./build-ospi_handover_d9_ref/chipdev/clkgen/sd_clkgen.mod.o
                0x0000000000103d94                clkgen_uuuslice_debug_enable
 .text.clkgen_uuuslice_debug_disable
                0x0000000000103dd4       0x2c ./build-ospi_handover_d9_ref/chipdev/clkgen/sd_clkgen.mod.o
                0x0000000000103dd4                clkgen_uuuslice_debug_disable
 .text.sram_config
                0x0000000000103e00       0x38 ./build-ospi_handover_d9_ref/chipdev/crypto/silex.mod.o
                0x0000000000103e00                sram_config
 .text.trng_irq_handle
                0x0000000000103e38       0x14 ./build-ospi_handover_d9_ref/chipdev/crypto/silex.mod.o
                0x0000000000103e38                trng_irq_handle
 .text.ce_globle_init
                0x0000000000103e4c       0x54 ./build-ospi_handover_d9_ref/chipdev/crypto/silex.mod.o
                0x0000000000103e4c                ce_globle_init
 .text.arm_gic_init_percpu
                0x0000000000103ea0       0x1c ./build-ospi_handover_d9_ref/chipdev/interrupt/arm_gic.mod.o
 .text.arm_gic_suspend_cpu
                0x0000000000103ebc        0x4 ./build-ospi_handover_d9_ref/chipdev/interrupt/arm_gic.mod.o
 .text.__arm_gic_get_priority_shift
                0x0000000000103ec0       0x5c ./build-ospi_handover_d9_ref/chipdev/interrupt/arm_gic.mod.o
 .text.arm_gic_register_int_handler
                0x0000000000103f1c       0x58 ./build-ospi_handover_d9_ref/chipdev/interrupt/arm_gic.mod.o
                0x0000000000103f1c                arm_gic_register_int_handler
 .text.arm_gic_init
                0x0000000000103f74       0x90 ./build-ospi_handover_d9_ref/chipdev/interrupt/arm_gic.mod.o
                0x0000000000103f74                arm_gic_init
 .text.arm_gic_resume_cpu
                0x0000000000104004       0x44 ./build-ospi_handover_d9_ref/chipdev/interrupt/arm_gic.mod.o
 .text.arm_gic_set_priority
                0x0000000000104048       0x5c ./build-ospi_handover_d9_ref/chipdev/interrupt/arm_gic.mod.o
                0x0000000000104048                arm_gic_set_priority
 .text.arm_gic_unmask_interrupt
                0x00000000001040a4       0x3c ./build-ospi_handover_d9_ref/chipdev/interrupt/arm_gic.mod.o
                0x00000000001040a4                arm_gic_unmask_interrupt
 .text.platform_irq
                0x00000000001040e0       0x60 ./build-ospi_handover_d9_ref/chipdev/interrupt/arm_gic.mod.o
                0x00000000001040e0                platform_irq
 .text.arm_gic_platform_irq_spotless
                0x0000000000104140       0x3c ./build-ospi_handover_d9_ref/chipdev/interrupt/arm_gic.mod.o
                0x0000000000104140                arm_gic_platform_irq_spotless
 .text.platform_fiq
                0x000000000010417c       0x18 ./build-ospi_handover_d9_ref/chipdev/interrupt/arm_gic.mod.o
                0x000000000010417c                platform_fiq
 .text.pll_config
                0x0000000000104194      0x2fc ./build-ospi_handover_d9_ref/chipdev/pll.mod.o
                0x0000000000104194                pll_config
 .text.pmu_check.part.0
                0x0000000000104490       0x14 ./build-ospi_handover_d9_ref/chipdev/pmu/sd_pmu.mod.o
 .text.pmu_init
                0x00000000001044a4       0x4c ./build-ospi_handover_d9_ref/chipdev/pmu/sd_pmu.mod.o
                0x00000000001044a4                pmu_init
 .text.pmu_exit
                0x00000000001044f0       0x48 ./build-ospi_handover_d9_ref/chipdev/pmu/sd_pmu.mod.o
                0x00000000001044f0                pmu_exit
 .text.pmu_get_status
                0x0000000000104538       0x88 ./build-ospi_handover_d9_ref/chipdev/pmu/sd_pmu.mod.o
                0x0000000000104538                pmu_get_status
 .text.pmu_get_event_source
                0x00000000001045c0       0x48 ./build-ospi_handover_d9_ref/chipdev/pmu/sd_pmu.mod.o
                0x00000000001045c0                pmu_get_event_source
 .text.pmu_clean_single_event_source
                0x0000000000104608       0x40 ./build-ospi_handover_d9_ref/chipdev/pmu/sd_pmu.mod.o
                0x0000000000104608                pmu_clean_single_event_source
 .text.pmu_clean_all_event_source
                0x0000000000104648       0x38 ./build-ospi_handover_d9_ref/chipdev/pmu/sd_pmu.mod.o
                0x0000000000104648                pmu_clean_all_event_source
 .text.pmu_powerdown
                0x0000000000104680       0x50 ./build-ospi_handover_d9_ref/chipdev/pmu/sd_pmu.mod.o
                0x0000000000104680                pmu_powerdown
 .text.pmu_set_powerdown_delay
                0x00000000001046d0       0x44 ./build-ospi_handover_d9_ref/chipdev/pmu/sd_pmu.mod.o
                0x00000000001046d0                pmu_set_powerdown_delay
 .text.pmu_set_powerup_delay
                0x0000000000104714       0x40 ./build-ospi_handover_d9_ref/chipdev/pmu/sd_pmu.mod.o
                0x0000000000104714                pmu_set_powerup_delay
 .text.pmu_set_powerctrl_powerdown_delay
                0x0000000000104754       0x74 ./build-ospi_handover_d9_ref/chipdev/pmu/sd_pmu.mod.o
                0x0000000000104754                pmu_set_powerctrl_powerdown_delay
 .text.pmu_set_powerctrl_powerup_delay
                0x00000000001047c8       0x70 ./build-ospi_handover_d9_ref/chipdev/pmu/sd_pmu.mod.o
                0x00000000001047c8                pmu_set_powerctrl_powerup_delay
 .text.pmu_set_powerctrl_io_mode
                0x0000000000104838       0x78 ./build-ospi_handover_d9_ref/chipdev/pmu/sd_pmu.mod.o
                0x0000000000104838                pmu_set_powerctrl_io_mode
 .text.pmu_set_powerctrl_out_mode
                0x00000000001048b0       0x7c ./build-ospi_handover_d9_ref/chipdev/pmu/sd_pmu.mod.o
                0x00000000001048b0                pmu_set_powerctrl_out_mode
 .text.pmu_set_powerctrl_out_ctrl
                0x000000000010492c       0x78 ./build-ospi_handover_d9_ref/chipdev/pmu/sd_pmu.mod.o
                0x000000000010492c                pmu_set_powerctrl_out_ctrl
 .text.pmu_get_powerctrl_input_status
                0x00000000001049a4       0x80 ./build-ospi_handover_d9_ref/chipdev/pmu/sd_pmu.mod.o
                0x00000000001049a4                pmu_get_powerctrl_input_status
 .text.pmu_set_internal_powerdown_enable
                0x0000000000104a24       0x54 ./build-ospi_handover_d9_ref/chipdev/pmu/sd_pmu.mod.o
                0x0000000000104a24                pmu_set_internal_powerdown_enable
 .text.pmu_set_internal_powerdown_polarity
                0x0000000000104a78       0x58 ./build-ospi_handover_d9_ref/chipdev/pmu/sd_pmu.mod.o
                0x0000000000104a78                pmu_set_internal_powerdown_polarity
 .text.pmu_get_internal_powerdown_status
                0x0000000000104ad0       0x60 ./build-ospi_handover_d9_ref/chipdev/pmu/sd_pmu.mod.o
                0x0000000000104ad0                pmu_get_internal_powerdown_status
 .text.pmu_set_external_reset_enable
                0x0000000000104b30       0x54 ./build-ospi_handover_d9_ref/chipdev/pmu/sd_pmu.mod.o
                0x0000000000104b30                pmu_set_external_reset_enable
 .text.pmu_set_external_reset_polarity
                0x0000000000104b84       0x58 ./build-ospi_handover_d9_ref/chipdev/pmu/sd_pmu.mod.o
                0x0000000000104b84                pmu_set_external_reset_polarity
 .text.pmu_set_external_reset_debounce_enable
                0x0000000000104bdc       0x58 ./build-ospi_handover_d9_ref/chipdev/pmu/sd_pmu.mod.o
                0x0000000000104bdc                pmu_set_external_reset_debounce_enable
 .text.pmu_set_external_reset_debounce_delay
                0x0000000000104c34       0x58 ./build-ospi_handover_d9_ref/chipdev/pmu/sd_pmu.mod.o
                0x0000000000104c34                pmu_set_external_reset_debounce_delay
 .text.pmu_get_external_reset_status
                0x0000000000104c8c       0x60 ./build-ospi_handover_d9_ref/chipdev/pmu/sd_pmu.mod.o
                0x0000000000104c8c                pmu_get_external_reset_status
 .text.pmu_set_internal_wakeup_enable
                0x0000000000104cec       0x50 ./build-ospi_handover_d9_ref/chipdev/pmu/sd_pmu.mod.o
                0x0000000000104cec                pmu_set_internal_wakeup_enable
 .text.pmu_set_external_wakeup_enable
                0x0000000000104d3c       0x58 ./build-ospi_handover_d9_ref/chipdev/pmu/sd_pmu.mod.o
                0x0000000000104d3c                pmu_set_external_wakeup_enable
 .text.pmu_set_external_wakeup_polarity
                0x0000000000104d94       0x58 ./build-ospi_handover_d9_ref/chipdev/pmu/sd_pmu.mod.o
                0x0000000000104d94                pmu_set_external_wakeup_polarity
 .text.pmu_set_external_wakeup_debounce_enable
                0x0000000000104dec       0x58 ./build-ospi_handover_d9_ref/chipdev/pmu/sd_pmu.mod.o
                0x0000000000104dec                pmu_set_external_wakeup_debounce_enable
 .text.pmu_set_external_wakeup_debounce_delay
                0x0000000000104e44       0x58 ./build-ospi_handover_d9_ref/chipdev/pmu/sd_pmu.mod.o
                0x0000000000104e44                pmu_set_external_wakeup_debounce_delay
 .text.pmu_get_external_wakeup_status
                0x0000000000104e9c       0x60 ./build-ospi_handover_d9_ref/chipdev/pmu/sd_pmu.mod.o
                0x0000000000104e9c                pmu_get_external_wakeup_status
 .text.pmu_set_glitch_filter_delay
                0x0000000000104efc       0x44 ./build-ospi_handover_d9_ref/chipdev/pmu/sd_pmu.mod.o
                0x0000000000104efc                pmu_set_glitch_filter_delay
 .text.pmu_set_glitch_filter_enable
                0x0000000000104f40       0x50 ./build-ospi_handover_d9_ref/chipdev/pmu/sd_pmu.mod.o
                0x0000000000104f40                pmu_set_glitch_filter_enable
 .text.pmu_set_por_powerdown_delay
                0x0000000000104f90       0x44 ./build-ospi_handover_d9_ref/chipdev/pmu/sd_pmu.mod.o
                0x0000000000104f90                pmu_set_por_powerdown_delay
 .text.pmu_set_por_auto_powerdown
                0x0000000000104fd4       0x44 ./build-ospi_handover_d9_ref/chipdev/pmu/sd_pmu.mod.o
                0x0000000000104fd4                pmu_set_por_auto_powerdown
 .text.pmu_set_por_force_powerdown
                0x0000000000105018       0x44 ./build-ospi_handover_d9_ref/chipdev/pmu/sd_pmu.mod.o
                0x0000000000105018                pmu_set_por_force_powerdown
 .text.scr_write_signal.isra.4
                0x000000000010505c       0x2c ./build-ospi_handover_d9_ref/chipdev/port/sd_port.mod.o
 .text.scr_read_signal.isra.5
                0x0000000000105088       0x2c ./build-ospi_handover_d9_ref/chipdev/port/sd_port.mod.o
 .text.Port_SetGPIOSCR
                0x00000000001050b4       0xf4 ./build-ospi_handover_d9_ref/chipdev/port/sd_port.mod.o
 .text.Port_Init
                0x00000000001051a8      0x2c4 ./build-ospi_handover_d9_ref/chipdev/port/sd_port.mod.o
                0x00000000001051a8                Port_Init
 .text.Port_SetPinMode
                0x000000000010546c       0xdc ./build-ospi_handover_d9_ref/chipdev/port/sd_port.mod.o
                0x000000000010546c                Port_SetPinMode
 .text.Port_SetHandle
                0x0000000000105548       0x30 ./build-ospi_handover_d9_ref/chipdev/port/sd_port.mod.o
                0x0000000000105548                Port_SetHandle
 .text.rstgen_get_default_config
                0x0000000000105578        0x8 ./build-ospi_handover_d9_ref/chipdev/rstgen/sd_rstgen.mod.o
                0x0000000000105578                rstgen_get_default_config
 .text.rstgen_init
                0x0000000000105580       0x3c ./build-ospi_handover_d9_ref/chipdev/rstgen/sd_rstgen.mod.o
                0x0000000000105580                rstgen_init
 .text.rstgen_global_rst_enable
                0x00000000001055bc       0x14 ./build-ospi_handover_d9_ref/chipdev/rstgen/sd_rstgen.mod.o
                0x00000000001055bc                rstgen_global_rst_enable
 .text.rstgen_global_rst_disable
                0x00000000001055d0       0x18 ./build-ospi_handover_d9_ref/chipdev/rstgen/sd_rstgen.mod.o
                0x00000000001055d0                rstgen_global_rst_disable
 .text.rstgen_sw_self_rst
                0x00000000001055e8       0x1c ./build-ospi_handover_d9_ref/chipdev/rstgen/sd_rstgen.mod.o
                0x00000000001055e8                rstgen_sw_self_rst
 .text.rstgen_sw_oth_rst
                0x0000000000105604       0x1c ./build-ospi_handover_d9_ref/chipdev/rstgen/sd_rstgen.mod.o
                0x0000000000105604                rstgen_sw_oth_rst
 .text.rstgen_get_rst_sta
                0x0000000000105620        0x8 ./build-ospi_handover_d9_ref/chipdev/rstgen/sd_rstgen.mod.o
                0x0000000000105620                rstgen_get_rst_sta
 .text.rstgen_iso_enable
                0x0000000000105628       0x10 ./build-ospi_handover_d9_ref/chipdev/rstgen/sd_rstgen.mod.o
                0x0000000000105628                rstgen_iso_enable
 .text.rstgen_iso_status
                0x0000000000105638        0xc ./build-ospi_handover_d9_ref/chipdev/rstgen/sd_rstgen.mod.o
                0x0000000000105638                rstgen_iso_status
 .text.rstgen_iso_disable
                0x0000000000105644        0xc ./build-ospi_handover_d9_ref/chipdev/rstgen/sd_rstgen.mod.o
                0x0000000000105644                rstgen_iso_disable
 .text.rstgen_core_reset
                0x0000000000105650       0x4c ./build-ospi_handover_d9_ref/chipdev/rstgen/sd_rstgen.mod.o
                0x0000000000105650                rstgen_core_reset
 .text.rstgen_core_ctl
                0x000000000010569c       0x54 ./build-ospi_handover_d9_ref/chipdev/rstgen/sd_rstgen.mod.o
                0x000000000010569c                rstgen_core_ctl
 .text.rstgen_module_ctl
                0x00000000001056f0       0x4c ./build-ospi_handover_d9_ref/chipdev/rstgen/sd_rstgen.mod.o
                0x00000000001056f0                rstgen_module_ctl
 .text.rstgen_module_status
                0x000000000010573c        0xc ./build-ospi_handover_d9_ref/chipdev/rstgen/sd_rstgen.mod.o
                0x000000000010573c                rstgen_module_status
 .text.rstgen_core_status
                0x0000000000105748        0xc ./build-ospi_handover_d9_ref/chipdev/rstgen/sd_rstgen.mod.o
                0x0000000000105748                rstgen_core_status
 .text.scr_get  0x0000000000105754       0x98 ./build-ospi_handover_d9_ref/chipdev/scr.mod.o
                0x0000000000105754                scr_get
 .text.scr_is_locked
                0x00000000001057ec       0x94 ./build-ospi_handover_d9_ref/chipdev/scr.mod.o
                0x00000000001057ec                scr_is_locked
 .text.scr_set  0x0000000000105880       0xd4 ./build-ospi_handover_d9_ref/chipdev/scr.mod.o
                0x0000000000105880                scr_set
 .text.cospi_early_init
                0x0000000000105954       0x80 ./build-ospi_handover_d9_ref/chipdev/spi_nor.mod.o
 .text.cospi_wait_for_bit.constprop.16
                0x00000000001059d4       0x38 ./build-ospi_handover_d9_ref/chipdev/spi_nor.mod.o
 .text.cospi_data_thread
                0x0000000000105a0c      0x2dc ./build-ospi_handover_d9_ref/chipdev/spi_nor.mod.o
 .text.timer_drv_cntr_set
                0x0000000000105ce8       0x50 ./build-ospi_handover_d9_ref/chipdev/timer/sd_timer.mod.o
                0x0000000000105ce8                timer_drv_cntr_set
 .text.timer_drv_cntr_get
                0x0000000000105d38       0x30 ./build-ospi_handover_d9_ref/chipdev/timer/sd_timer.mod.o
                0x0000000000105d38                timer_drv_cntr_get
 .text.timer_drv_ovf_set
                0x0000000000105d68       0x30 ./build-ospi_handover_d9_ref/chipdev/timer/sd_timer.mod.o
                0x0000000000105d68                timer_drv_ovf_set
 .text.timer_drv_cascade_set
                0x0000000000105d98       0x14 ./build-ospi_handover_d9_ref/chipdev/timer/sd_timer.mod.o
                0x0000000000105d98                timer_drv_cascade_set
 .text.timer_drv_clk_init
                0x0000000000105dac       0x18 ./build-ospi_handover_d9_ref/chipdev/timer/sd_timer.mod.o
                0x0000000000105dac                timer_drv_clk_init
 .text.timer_drv_int_sta_enable
                0x0000000000105dc4       0x10 ./build-ospi_handover_d9_ref/chipdev/timer/sd_timer.mod.o
                0x0000000000105dc4                timer_drv_int_sta_enable
 .text.timer_drv_int_sig_enable
                0x0000000000105dd4       0x10 ./build-ospi_handover_d9_ref/chipdev/timer/sd_timer.mod.o
                0x0000000000105dd4                timer_drv_int_sig_enable
 .text.timer_drv_ovf_irq_handle
                0x0000000000105de4       0x5c ./build-ospi_handover_d9_ref/chipdev/timer/sd_timer.mod.o
                0x0000000000105de4                timer_drv_ovf_irq_handle
 .text.timer_drv_func_irq_handle
                0x0000000000105e40      0x220 ./build-ospi_handover_d9_ref/chipdev/timer/sd_timer.mod.o
                0x0000000000105e40                timer_drv_func_irq_handle
 .text.uart_drv_init
                0x0000000000106060      0x21c ./build-ospi_handover_d9_ref/chipdev/uart/dw_uart.mod.o
                0x0000000000106060                uart_drv_init
 .text.uart_drv_putc
                0x000000000010627c       0x1c ./build-ospi_handover_d9_ref/chipdev/uart/dw_uart.mod.o
                0x000000000010627c                uart_drv_putc
 .text.uart_drv_int_cbk_register
                0x0000000000106298       0x18 ./build-ospi_handover_d9_ref/chipdev/uart/dw_uart.mod.o
                0x0000000000106298                uart_drv_int_cbk_register
 .text.uart_drv_int_src_enable
                0x00000000001062b0       0x20 ./build-ospi_handover_d9_ref/chipdev/uart/dw_uart.mod.o
                0x00000000001062b0                uart_drv_int_src_enable
 .text.uart_drv_int_src_disable
                0x00000000001062d0       0x28 ./build-ospi_handover_d9_ref/chipdev/uart/dw_uart.mod.o
                0x00000000001062d0                uart_drv_int_src_disable
 .text.uart_drv_irq_handle
                0x00000000001062f8      0x154 ./build-ospi_handover_d9_ref/chipdev/uart/dw_uart.mod.o
                0x00000000001062f8                uart_drv_irq_handle
 .text.dcf_early_init
                0x000000000010644c        0x4 ./build-ospi_handover_d9_ref/framework/service/base.mod.o
                0x000000000010644c                dcf_early_init
 .text.hal_clock_get_instance
                0x0000000000106450       0x8c ./build-ospi_handover_d9_ref/hal/clkgen_hal/sd_clkgen_hal.mod.o
 .text.hal_clock_release_handle.part.2
                0x00000000001064dc       0x28 ./build-ospi_handover_d9_ref/hal/clkgen_hal/sd_clkgen_hal.mod.o
 .text.hal_clock_release_instance
                0x0000000000106504       0x48 ./build-ospi_handover_d9_ref/hal/clkgen_hal/sd_clkgen_hal.mod.o
 .text.hal_clock_creat_handle
                0x000000000010654c       0x38 ./build-ospi_handover_d9_ref/hal/clkgen_hal/sd_clkgen_hal.mod.o
                0x000000000010654c                hal_clock_creat_handle
 .text.hal_clock_release_handle
                0x0000000000106584       0x10 ./build-ospi_handover_d9_ref/hal/clkgen_hal/sd_clkgen_hal.mod.o
                0x0000000000106584                hal_clock_release_handle
 .text.hal_clock_osc_init
                0x0000000000106594       0x68 ./build-ospi_handover_d9_ref/hal/clkgen_hal/sd_clkgen_hal.mod.o
                0x0000000000106594                hal_clock_osc_init
 .text.hal_clock_ip_init
                0x00000000001065fc       0x4c ./build-ospi_handover_d9_ref/hal/clkgen_hal/sd_clkgen_hal.mod.o
                0x00000000001065fc                hal_clock_ip_init
 .text.hal_clock_bus_init
                0x0000000000106648       0x94 ./build-ospi_handover_d9_ref/hal/clkgen_hal/sd_clkgen_hal.mod.o
                0x0000000000106648                hal_clock_bus_init
 .text.hal_saf_clock_set_default
                0x00000000001066dc       0x94 ./build-ospi_handover_d9_ref/hal/clkgen_hal/sd_clkgen_hal.mod.o
                0x00000000001066dc                hal_saf_clock_set_default
 .text.hal_sec_clock_set_default
                0x0000000000106770       0xa8 ./build-ospi_handover_d9_ref/hal/clkgen_hal/sd_clkgen_hal.mod.o
                0x0000000000106770                hal_sec_clock_set_default
 .text.hal_clock_core_init
                0x0000000000106818       0x64 ./build-ospi_handover_d9_ref/hal/clkgen_hal/sd_clkgen_hal.mod.o
                0x0000000000106818                hal_clock_core_init
 .text.hal_clock_uuu_init
                0x000000000010687c       0x60 ./build-ospi_handover_d9_ref/hal/clkgen_hal/sd_clkgen_hal.mod.o
                0x000000000010687c                hal_clock_uuu_init
 .text.hal_soc_clock_set_default
                0x00000000001068dc      0x104 ./build-ospi_handover_d9_ref/hal/clkgen_hal/sd_clkgen_hal.mod.o
                0x00000000001068dc                hal_soc_clock_set_default
 .text.hal_clock_enable
                0x00000000001069e0       0x68 ./build-ospi_handover_d9_ref/hal/clkgen_hal/sd_clkgen_hal.mod.o
                0x00000000001069e0                hal_clock_enable
 .text.hal_clock_coreclk_set
                0x0000000000106a48       0x7c ./build-ospi_handover_d9_ref/hal/clkgen_hal/sd_clkgen_hal.mod.o
                0x0000000000106a48                hal_clock_coreclk_set
 .text.hal_clock_uuuclk_set
                0x0000000000106ac4       0x88 ./build-ospi_handover_d9_ref/hal/clkgen_hal/sd_clkgen_hal.mod.o
                0x0000000000106ac4                hal_clock_uuuclk_set
 .text.hal_crypto_init
                0x0000000000106b4c        0x4 ./build-ospi_handover_d9_ref/hal/crypto_hal/.mod.o
                0x0000000000106b4c                hal_crypto_init
 .text.hal_arm_gic_create_handle
                0x0000000000106b50        0x4 ./build-ospi_handover_d9_ref/hal/interrupt_hal/arm_gic_hal.mod.o
                0x0000000000106b50                hal_arm_gic_create_handle
 .text.hal_arm_gic_release_handle
                0x0000000000106b54        0x4 ./build-ospi_handover_d9_ref/hal/interrupt_hal/arm_gic_hal.mod.o
                0x0000000000106b54                hal_arm_gic_release_handle
 .text.hal_arm_gic_init
                0x0000000000106b58       0x40 ./build-ospi_handover_d9_ref/hal/interrupt_hal/arm_gic_hal.mod.o
                0x0000000000106b58                hal_arm_gic_init
 .text.hal_arm_gic_enable_interrupt
                0x0000000000106b98       0x10 ./build-ospi_handover_d9_ref/hal/interrupt_hal/arm_gic_hal.mod.o
                0x0000000000106b98                hal_arm_gic_enable_interrupt
 .text.hal_arm_gic_register_interrupt
                0x0000000000106ba8       0x1c ./build-ospi_handover_d9_ref/hal/interrupt_hal/arm_gic_hal.mod.o
                0x0000000000106ba8                hal_arm_gic_register_interrupt
 .text.hal_pll_create_handle
                0x0000000000106bc4       0x40 ./build-ospi_handover_d9_ref/hal/pll/.mod.o
                0x0000000000106bc4                hal_pll_create_handle
 .text.hal_pll_delete_handle
                0x0000000000106c04        0x4 ./build-ospi_handover_d9_ref/hal/pll/.mod.o
                0x0000000000106c04                hal_pll_delete_handle
 .text.hal_pll_config
                0x0000000000106c08       0x9c ./build-ospi_handover_d9_ref/hal/pll/.mod.o
                0x0000000000106c08                hal_pll_config
 .text.hal_pmu_drv_ops_init
                0x0000000000106ca4      0x17c ./build-ospi_handover_d9_ref/hal/pmu_hal/sd_pmu_hal.mod.o
                0x0000000000106ca4                hal_pmu_drv_ops_init
 .text.hal_pmu_creat_handle
                0x0000000000106e20       0x88 ./build-ospi_handover_d9_ref/hal/pmu_hal/sd_pmu_hal.mod.o
                0x0000000000106e20                hal_pmu_creat_handle
 .text.hal_pmu_release_handle
                0x0000000000106ea8        0x4 ./build-ospi_handover_d9_ref/hal/pmu_hal/sd_pmu_hal.mod.o
                0x0000000000106ea8                hal_pmu_release_handle
 .text.hal_pmu_init
                0x0000000000106eac       0x48 ./build-ospi_handover_d9_ref/hal/pmu_hal/sd_pmu_hal.mod.o
                0x0000000000106eac                hal_pmu_init
 .text.hal_pmu_exit
                0x0000000000106ef4       0x48 ./build-ospi_handover_d9_ref/hal/pmu_hal/sd_pmu_hal.mod.o
                0x0000000000106ef4                hal_pmu_exit
 .text.hal_pmu_set_powerctrl_io_mode
                0x0000000000106f3c       0x4c ./build-ospi_handover_d9_ref/hal/pmu_hal/sd_pmu_hal.mod.o
                0x0000000000106f3c                hal_pmu_set_powerctrl_io_mode
 .text.hal_pmu_set_powerctrl_out_mode
                0x0000000000106f88       0x4c ./build-ospi_handover_d9_ref/hal/pmu_hal/sd_pmu_hal.mod.o
                0x0000000000106f88                hal_pmu_set_powerctrl_out_mode
 .text.hal_pmu_set_powerctrl_out_ctrl
                0x0000000000106fd4       0x4c ./build-ospi_handover_d9_ref/hal/pmu_hal/sd_pmu_hal.mod.o
                0x0000000000106fd4                hal_pmu_set_powerctrl_out_ctrl
 .text.hal_port_creat_handle
                0x0000000000107020       0xd4 ./build-ospi_handover_d9_ref/hal/port_hal/sd_port_hal.mod.o
                0x0000000000107020                hal_port_creat_handle
 .text.hal_port_release_handle
                0x00000000001070f4       0x70 ./build-ospi_handover_d9_ref/hal/port_hal/sd_port_hal.mod.o
                0x00000000001070f4                hal_port_release_handle
 .text.hal_port_init
                0x0000000000107164       0x44 ./build-ospi_handover_d9_ref/hal/port_hal/sd_port_hal.mod.o
                0x0000000000107164                hal_port_init
 .text.hal_port_set_pin_mode
                0x00000000001071a8       0x40 ./build-ospi_handover_d9_ref/hal/port_hal/sd_port_hal.mod.o
                0x00000000001071a8                hal_port_set_pin_mode
 .text.parse_paddr_ppc
                0x00000000001071e8       0x60 ./build-ospi_handover_d9_ref/hal/res/.mod.o
                0x00000000001071e8                parse_paddr_ppc
 .text.parse_paddr_rpc
                0x0000000000107248       0x80 ./build-ospi_handover_d9_ref/hal/res/.mod.o
                0x0000000000107248                parse_paddr_rpc
 .text.res_parse_info
                0x00000000001072c8       0xd4 ./build-ospi_handover_d9_ref/hal/res/.mod.o
                0x00000000001072c8                res_parse_info
 .text.res_get_info_by_id
                0x000000000010739c       0x48 ./build-ospi_handover_d9_ref/hal/res/.mod.o
                0x000000000010739c                res_get_info_by_id
 .text.hal_rstgen_creat_handle
                0x00000000001073e4       0xe0 ./build-ospi_handover_d9_ref/hal/rstgen_hal/sd_rstgen_hal.mod.o
                0x00000000001073e4                hal_rstgen_creat_handle
 .text.hal_rstgen_release_handle
                0x00000000001074c4       0x18 ./build-ospi_handover_d9_ref/hal/rstgen_hal/sd_rstgen_hal.mod.o
                0x00000000001074c4                hal_rstgen_release_handle
 .text.hal_rstgen_init
                0x00000000001074dc        0x4 ./build-ospi_handover_d9_ref/hal/rstgen_hal/sd_rstgen_hal.mod.o
                0x00000000001074dc                hal_rstgen_init
 .text.hal_rstgen_iso_disable
                0x00000000001074e0       0x38 ./build-ospi_handover_d9_ref/hal/rstgen_hal/sd_rstgen_hal.mod.o
                0x00000000001074e0                hal_rstgen_iso_disable
 .text.hal_rstgen_module_reset
                0x0000000000107518       0x40 ./build-ospi_handover_d9_ref/hal/rstgen_hal/sd_rstgen_hal.mod.o
                0x0000000000107518                hal_rstgen_module_reset
 .text.hal_scr_create_handle
                0x0000000000107558        0x4 ./build-ospi_handover_d9_ref/hal/scr/.mod.o
                0x0000000000107558                hal_scr_create_handle
 .text.hal_scr_delete_handle
                0x000000000010755c       0x30 ./build-ospi_handover_d9_ref/hal/scr/.mod.o
                0x000000000010755c                hal_scr_delete_handle
 .text.hal_scr_get
                0x000000000010758c       0x30 ./build-ospi_handover_d9_ref/hal/scr/.mod.o
                0x000000000010758c                hal_scr_get
 .text.hal_scr_set
                0x00000000001075bc       0x30 ./build-ospi_handover_d9_ref/hal/scr/.mod.o
                0x00000000001075bc                hal_scr_set
 .text.hal_timer_func_irq_handle
                0x00000000001075ec       0x10 ./build-ospi_handover_d9_ref/hal/timer_hal/sd_timer_hal.mod.o
 .text.hal_timer_ovf_irq_handle
                0x00000000001075fc       0x10 ./build-ospi_handover_d9_ref/hal/timer_hal/sd_timer_hal.mod.o
 .text.hal_timer_creat_handle
                0x000000000010760c      0x11c ./build-ospi_handover_d9_ref/hal/timer_hal/sd_timer_hal.mod.o
                0x000000000010760c                hal_timer_creat_handle
 .text.hal_timer_global_init
                0x0000000000107728       0x48 ./build-ospi_handover_d9_ref/hal/timer_hal/sd_timer_hal.mod.o
                0x0000000000107728                hal_timer_global_init
 .text.hal_timer_ovf_init
                0x0000000000107770       0x24 ./build-ospi_handover_d9_ref/hal/timer_hal/sd_timer_hal.mod.o
                0x0000000000107770                hal_timer_ovf_init
 .text.hal_timer_int_src_enable
                0x0000000000107794       0x1c ./build-ospi_handover_d9_ref/hal/timer_hal/sd_timer_hal.mod.o
                0x0000000000107794                hal_timer_int_src_enable
 .text.hal_timer_int_cbk_register
                0x00000000001077b0       0x98 ./build-ospi_handover_d9_ref/hal/timer_hal/sd_timer_hal.mod.o
                0x00000000001077b0                hal_timer_int_cbk_register
 .text.hal_timer_glb_cntr_get
                0x0000000000107848       0x50 ./build-ospi_handover_d9_ref/hal/timer_hal/sd_timer_hal.mod.o
                0x0000000000107848                hal_timer_glb_cntr_get
 .text.hal_uart_irq_handle
                0x0000000000107898       0x10 ./build-ospi_handover_d9_ref/hal/uart_hal/dw_uart_hal.mod.o
 .text.hal_uart_creat_handle
                0x00000000001078a8      0x114 ./build-ospi_handover_d9_ref/hal/uart_hal/dw_uart_hal.mod.o
                0x00000000001078a8                hal_uart_creat_handle
 .text.hal_uart_init
                0x00000000001079bc       0x44 ./build-ospi_handover_d9_ref/hal/uart_hal/dw_uart_hal.mod.o
                0x00000000001079bc                hal_uart_init
 .text.hal_uart_putc
                0x0000000000107a00       0x10 ./build-ospi_handover_d9_ref/hal/uart_hal/dw_uart_hal.mod.o
                0x0000000000107a00                hal_uart_putc
 .text.hal_uart_int_cbk_register
                0x0000000000107a10       0x30 ./build-ospi_handover_d9_ref/hal/uart_hal/dw_uart_hal.mod.o
                0x0000000000107a10                hal_uart_int_cbk_register
 .text.hal_uart_int_src_enable
                0x0000000000107a40        0x8 ./build-ospi_handover_d9_ref/hal/uart_hal/dw_uart_hal.mod.o
                0x0000000000107a40                hal_uart_int_src_enable
 .text.hal_uart_int_src_disable
                0x0000000000107a48        0x8 ./build-ospi_handover_d9_ref/hal/uart_hal/dw_uart_hal.mod.o
                0x0000000000107a48                hal_uart_int_src_disable
 .text          0x0000000000107a50      0x288 ./build-ospi_handover_d9_ref/kernel.mod.o
                0x0000000000107a50                FreeRTOS_SWI_Handler
                0x0000000000107af0                vPortRestoreTaskContext
                0x0000000000107b50                FreeRTOS_IRQ_Handler
 .text.FreeRTOS_Tick_Handler
                0x0000000000107cd8       0x68 ./build-ospi_handover_d9_ref/kernel.mod.o
                0x0000000000107cd8                FreeRTOS_Tick_Handler
 .text.pxPortInitialiseStack
                0x0000000000107d40       0x94 ./build-ospi_handover_d9_ref/kernel.mod.o
                0x0000000000107d40                pxPortInitialiseStack
 .text.xPortStartScheduler
                0x0000000000107dd4      0x108 ./build-ospi_handover_d9_ref/kernel.mod.o
                0x0000000000107dd4                xPortStartScheduler
 .text.vPortEnterCritical
                0x0000000000107edc       0x74 ./build-ospi_handover_d9_ref/kernel.mod.o
                0x0000000000107edc                vPortEnterCritical
 .text.vPortExitCritical
                0x0000000000107f50       0x40 ./build-ospi_handover_d9_ref/kernel.mod.o
                0x0000000000107f50                vPortExitCritical
 .text.vPortTaskUsesFPU
                0x0000000000107f90       0x14 ./build-ospi_handover_d9_ref/kernel.mod.o
                0x0000000000107f90                vPortTaskUsesFPU
 .text.vPortClearInterruptMask
                0x0000000000107fa4       0x2c ./build-ospi_handover_d9_ref/kernel.mod.o
                0x0000000000107fa4                vPortClearInterruptMask
 .text.ulPortSetInterruptMask
                0x0000000000107fd0       0x38 ./build-ospi_handover_d9_ref/kernel.mod.o
                0x0000000000107fd0                ulPortSetInterruptMask
 .text.vPortValidateInterruptPriority
                0x0000000000108008       0x60 ./build-ospi_handover_d9_ref/kernel.mod.o
                0x0000000000108008                vPortValidateInterruptPriority
 .text.vApplicationGetTimerTaskMemory
                0x0000000000108068       0x20 ./build-ospi_handover_d9_ref/kernel.mod.o
                0x0000000000108068                vApplicationGetTimerTaskMemory
 .text.vApplicationGetIdleTaskMemory
                0x0000000000108088       0x20 ./build-ospi_handover_d9_ref/kernel.mod.o
                0x0000000000108088                vApplicationGetIdleTaskMemory
 .text.vApplicationIdleHook
                0x00000000001080a8        0x4 ./build-ospi_handover_d9_ref/kernel.mod.o
                0x00000000001080a8                vApplicationIdleHook
 .text.vApplicationTickHook
                0x00000000001080ac        0x4 ./build-ospi_handover_d9_ref/kernel.mod.o
                0x00000000001080ac                vApplicationTickHook
 .text.vApplicationMallocFailedHook
                0x00000000001080b0        0x4 ./build-ospi_handover_d9_ref/kernel.mod.o
                0x00000000001080b0                vApplicationMallocFailedHook
 .text.vApplicationStackOverflowHook
                0x00000000001080b4       0x14 ./build-ospi_handover_d9_ref/kernel.mod.o
                0x00000000001080b4                vApplicationStackOverflowHook
 .text.traceTASK_SWITCHED_OUT_HOOK
                0x00000000001080c8        0x4 ./build-ospi_handover_d9_ref/kernel.mod.o
                0x00000000001080c8                traceTASK_SWITCHED_OUT_HOOK
 .text.traceTASK_SWITCHED_IN_HOOK
                0x00000000001080cc        0x4 ./build-ospi_handover_d9_ref/kernel.mod.o
                0x00000000001080cc                traceTASK_SWITCHED_IN_HOOK
 .text.vMainAssertCalled
                0x00000000001080d0       0x18 ./build-ospi_handover_d9_ref/kernel.mod.o
                0x00000000001080d0                vMainAssertCalled
 .text.vPortGetCurrentTimeMs
                0x00000000001080e8        0x4 ./build-ospi_handover_d9_ref/kernel.mod.o
                0x00000000001080e8                vPortGetCurrentTimeMs
 .text.prvInsertBlockIntoFreeList
                0x00000000001080ec       0x64 ./build-ospi_handover_d9_ref/kernel.mod.o
 .text.pvPortMallocAligned
                0x0000000000108150      0x1dc ./build-ospi_handover_d9_ref/kernel.mod.o
                0x0000000000108150                pvPortMallocAligned
 .text.vPortFree
                0x000000000010832c       0x94 ./build-ospi_handover_d9_ref/kernel.mod.o
                0x000000000010832c                vPortFree
 .text.malloc   0x00000000001083c0        0x8 ./build-ospi_handover_d9_ref/kernel.mod.o
                0x00000000001083c0                malloc
 .text.pvPortMalloc
                0x00000000001083c8        0x4 ./build-ospi_handover_d9_ref/kernel.mod.o
                0x00000000001083c8                pvPortMalloc
 .text.vListInitialise
                0x00000000001083cc       0x18 ./build-ospi_handover_d9_ref/kernel.mod.o
                0x00000000001083cc                vListInitialise
 .text.vListInitialiseItem
                0x00000000001083e4        0x8 ./build-ospi_handover_d9_ref/kernel.mod.o
                0x00000000001083e4                vListInitialiseItem
 .text.vListInsertEnd
                0x00000000001083ec       0x20 ./build-ospi_handover_d9_ref/kernel.mod.o
                0x00000000001083ec                vListInsertEnd
 .text.vListInsert
                0x000000000010840c       0x34 ./build-ospi_handover_d9_ref/kernel.mod.o
                0x000000000010840c                vListInsert
 .text.uxListRemove
                0x0000000000108440       0x28 ./build-ospi_handover_d9_ref/kernel.mod.o
                0x0000000000108440                uxListRemove
 .text.prvCopyDataToQueue
                0x0000000000108468       0x78 ./build-ospi_handover_d9_ref/kernel.mod.o
 .text.prvNotifyQueueSetContainer
                0x00000000001084e0       0x84 ./build-ospi_handover_d9_ref/kernel.mod.o
 .text.prvCopyDataFromQueue
                0x0000000000108564       0x24 ./build-ospi_handover_d9_ref/kernel.mod.o
 .text.prvUnlockQueue
                0x0000000000108588       0xa0 ./build-ospi_handover_d9_ref/kernel.mod.o
 .text.xQueueGenericReset
                0x0000000000108628       0x80 ./build-ospi_handover_d9_ref/kernel.mod.o
                0x0000000000108628                xQueueGenericReset
 .text.xQueueGenericCreateStatic
                0x00000000001086a8       0xcc ./build-ospi_handover_d9_ref/kernel.mod.o
                0x00000000001086a8                xQueueGenericCreateStatic
 .text.xQueueGenericCreate
                0x0000000000108774       0x68 ./build-ospi_handover_d9_ref/kernel.mod.o
                0x0000000000108774                xQueueGenericCreate
 .text.xQueueGenericSend
                0x00000000001087dc      0x1a0 ./build-ospi_handover_d9_ref/kernel.mod.o
                0x00000000001087dc                xQueueGenericSend
 .text.xQueueCreateMutex
                0x000000000010897c       0x28 ./build-ospi_handover_d9_ref/kernel.mod.o
                0x000000000010897c                xQueueCreateMutex
 .text.xQueueGenericSendFromISR
                0x00000000001089a4      0x100 ./build-ospi_handover_d9_ref/kernel.mod.o
                0x00000000001089a4                xQueueGenericSendFromISR
 .text.xQueueReceive
                0x0000000000108aa4      0x154 ./build-ospi_handover_d9_ref/kernel.mod.o
                0x0000000000108aa4                xQueueReceive
 .text.xQueuePeek
                0x0000000000108bf8      0x148 ./build-ospi_handover_d9_ref/kernel.mod.o
                0x0000000000108bf8                xQueuePeek
 .text.vQueueDelete
                0x0000000000108d40       0x58 ./build-ospi_handover_d9_ref/kernel.mod.o
                0x0000000000108d40                vQueueDelete
 .text.vQueueAddToRegistry
                0x0000000000108d98       0x2c ./build-ospi_handover_d9_ref/kernel.mod.o
                0x0000000000108d98                vQueueAddToRegistry
 .text.vQueueWaitForMessageRestricted
                0x0000000000108dc4       0x48 ./build-ospi_handover_d9_ref/kernel.mod.o
                0x0000000000108dc4                vQueueWaitForMessageRestricted
 .text.prvAddNewTaskToReadyList
                0x0000000000108e0c      0x130 ./build-ospi_handover_d9_ref/kernel.mod.o
 .text.prvAddCurrentTaskToDelayedList
                0x0000000000108f3c       0xac ./build-ospi_handover_d9_ref/kernel.mod.o
 .text.prvResetNextTaskUnblockTime.part.0
                0x0000000000108fe8       0x1c ./build-ospi_handover_d9_ref/kernel.mod.o
 .text.prvTaskIsTaskSuspended
                0x0000000000109004       0x44 ./build-ospi_handover_d9_ref/kernel.mod.o
 .text.prvInitialiseNewTask.isra.2
                0x0000000000109048       0xa8 ./build-ospi_handover_d9_ref/kernel.mod.o
 .text.prvDeleteTCB
                0x00000000001090f0       0x38 ./build-ospi_handover_d9_ref/kernel.mod.o
 .text.prvIdleTask
                0x0000000000109128       0x60 ./build-ospi_handover_d9_ref/kernel.mod.o
 .text.vTaskSwitchContext.part.6
                0x0000000000109188       0xc4 ./build-ospi_handover_d9_ref/kernel.mod.o
 .text.xTaskCreateStatic
                0x000000000010924c       0xb4 ./build-ospi_handover_d9_ref/kernel.mod.o
                0x000000000010924c                xTaskCreateStatic
 .text.xTaskCreate
                0x0000000000109300       0x68 ./build-ospi_handover_d9_ref/kernel.mod.o
                0x0000000000109300                xTaskCreate
 .text.vTaskDelete
                0x0000000000109368       0xfc ./build-ospi_handover_d9_ref/kernel.mod.o
                0x0000000000109368                vTaskDelete
 .text.vTaskPrioritySet
                0x0000000000109464       0xe8 ./build-ospi_handover_d9_ref/kernel.mod.o
                0x0000000000109464                vTaskPrioritySet
 .text.vTaskSuspend
                0x000000000010954c      0x11c ./build-ospi_handover_d9_ref/kernel.mod.o
                0x000000000010954c                vTaskSuspend
 .text.vTaskResume
                0x0000000000109668       0x84 ./build-ospi_handover_d9_ref/kernel.mod.o
                0x0000000000109668                vTaskResume
 .text.vTaskStartScheduler
                0x00000000001096ec       0x8c ./build-ospi_handover_d9_ref/kernel.mod.o
                0x00000000001096ec                vTaskStartScheduler
 .text.vTaskSuspendAll
                0x0000000000109778       0x10 ./build-ospi_handover_d9_ref/kernel.mod.o
                0x0000000000109778                vTaskSuspendAll
 .text.xTaskGetTickCount
                0x0000000000109788       0x18 ./build-ospi_handover_d9_ref/kernel.mod.o
                0x0000000000109788                xTaskGetTickCount
 .text.xTaskIncrementTick
                0x00000000001097a0      0x194 ./build-ospi_handover_d9_ref/kernel.mod.o
                0x00000000001097a0                xTaskIncrementTick
 .text.xTaskResumeAll
                0x0000000000109934      0x118 ./build-ospi_handover_d9_ref/kernel.mod.o
                0x0000000000109934                xTaskResumeAll
 .text.vTaskSwitchContext
                0x0000000000109a4c       0x20 ./build-ospi_handover_d9_ref/kernel.mod.o
                0x0000000000109a4c                vTaskSwitchContext
 .text.vTaskPlaceOnEventList
                0x0000000000109a6c       0x38 ./build-ospi_handover_d9_ref/kernel.mod.o
                0x0000000000109a6c                vTaskPlaceOnEventList
 .text.vTaskPlaceOnEventListRestricted
                0x0000000000109aa4       0x44 ./build-ospi_handover_d9_ref/kernel.mod.o
                0x0000000000109aa4                vTaskPlaceOnEventListRestricted
 .text.xTaskRemoveFromEventList
                0x0000000000109ae8       0x9c ./build-ospi_handover_d9_ref/kernel.mod.o
                0x0000000000109ae8                xTaskRemoveFromEventList
 .text.vTaskInternalSetTimeOutState
                0x0000000000109b84       0x1c ./build-ospi_handover_d9_ref/kernel.mod.o
                0x0000000000109b84                vTaskInternalSetTimeOutState
 .text.xTaskCheckForTimeOut
                0x0000000000109ba0       0xb8 ./build-ospi_handover_d9_ref/kernel.mod.o
                0x0000000000109ba0                xTaskCheckForTimeOut
 .text.vTaskMissedYield
                0x0000000000109c58       0x10 ./build-ospi_handover_d9_ref/kernel.mod.o
                0x0000000000109c58                vTaskMissedYield
 .text.xTaskGetSchedulerState
                0x0000000000109c68       0x24 ./build-ospi_handover_d9_ref/kernel.mod.o
                0x0000000000109c68                xTaskGetSchedulerState
 .text.xTaskPriorityDisinherit
                0x0000000000109c8c       0xd4 ./build-ospi_handover_d9_ref/kernel.mod.o
                0x0000000000109c8c                xTaskPriorityDisinherit
 .text.prvCheckForValidListAndQueue
                0x0000000000109d60       0x88 ./build-ospi_handover_d9_ref/kernel.mod.o
 .text.prvInsertTimerInActiveList
                0x0000000000109de8       0x50 ./build-ospi_handover_d9_ref/kernel.mod.o
 .text.xTimerCreateTimerTask
                0x0000000000109e38       0x70 ./build-ospi_handover_d9_ref/kernel.mod.o
                0x0000000000109e38                xTimerCreateTimerTask
 .text.xTimerGenericCommand
                0x0000000000109ea8       0x6c ./build-ospi_handover_d9_ref/kernel.mod.o
                0x0000000000109ea8                xTimerGenericCommand
 .text.prvSwitchTimerLists
                0x0000000000109f14       0x90 ./build-ospi_handover_d9_ref/kernel.mod.o
 .text.prvTimerTask
                0x0000000000109fa4      0x200 ./build-ospi_handover_d9_ref/kernel.mod.o
 .text.app_thread_entry
                0x000000000010a1a4        0xc ./build-ospi_handover_d9_ref/lib/apploader.mod.o
 .text.apps_init
                0x000000000010a1b0       0xa0 ./build-ospi_handover_d9_ref/lib/apploader.mod.o
                0x000000000010a1b0                apps_init
 .text.spin     0x000000000010a250       0x24 ./build-ospi_handover_d9_ref/lib/debug.mod.o
                0x000000000010a250                spin
 .text._panic   0x000000000010a274       0x2c ./build-ospi_handover_d9_ref/lib/debug.mod.o
                0x000000000010a274                _panic
 .text.hexdump  0x000000000010a2a0       0xcc ./build-ospi_handover_d9_ref/lib/debug.mod.o
                0x000000000010a2a0                hexdump
 .text          0x000000000010a36c      0x1ac ./build-ospi_handover_d9_ref/lib/libc.mod.o
                0x000000000010a36c                bcopy
                0x000000000010a378                memmove
                0x000000000010a378                memcpy
                0x000000000010a47c                bzero
                0x000000000010a484                memset
 .text.isprint  0x000000000010a518        0xc ./build-ospi_handover_d9_ref/lib/libc.mod.o
                0x000000000010a518                isprint
 .text.longlong_to_string
                0x000000000010a524       0xbc ./build-ospi_handover_d9_ref/lib/libc.mod.o
 .text.exponent_to_string
                0x000000000010a5e0       0x64 ./build-ospi_handover_d9_ref/lib/libc.mod.o
 .text.double_to_hexstring.isra.0
                0x000000000010a644      0x2e0 ./build-ospi_handover_d9_ref/lib/libc.mod.o
 .text.longlong_to_hexstring.constprop.1
                0x000000000010a924       0x54 ./build-ospi_handover_d9_ref/lib/libc.mod.o
 .text.double_to_string.constprop.2
                0x000000000010a978      0x2b8 ./build-ospi_handover_d9_ref/lib/libc.mod.o
 .text._printf_engine
                0x000000000010ac30      0x638 ./build-ospi_handover_d9_ref/lib/libc.mod.o
                0x000000000010ac30                _printf_engine
 .text._fprintf_output_func
                0x000000000010b268        0xc ./build-ospi_handover_d9_ref/lib/libc.mod.o
 .text.putchar  0x000000000010b274       0x20 ./build-ospi_handover_d9_ref/lib/libc.mod.o
                0x000000000010b274                putchar
 .text.fputs    0x000000000010b294       0x18 ./build-ospi_handover_d9_ref/lib/libc.mod.o
                0x000000000010b294                fputs
 .text.puts     0x000000000010b2ac       0x30 ./build-ospi_handover_d9_ref/lib/libc.mod.o
                0x000000000010b2ac                puts
 .text.printf   0x000000000010b2dc       0x2c ./build-ospi_handover_d9_ref/lib/libc.mod.o
                0x000000000010b2dc                printf
 .text._vprintf
                0x000000000010b308       0x18 ./build-ospi_handover_d9_ref/lib/libc.mod.o
                0x000000000010b308                _vprintf
 .text.strlen   0x000000000010b320       0x18 ./build-ospi_handover_d9_ref/lib/libc.mod.o
                0x000000000010b320                strlen
 .text.platform_mpu_r5_common
                0x000000000010b338       0x4c ./build-ospi_handover_d9_ref/platform/kunlun/common.mod.o
                0x000000000010b338                platform_mpu_r5_common
 .text.event_init
                0x000000000010b384       0x5c ./build-ospi_handover_d9_ref/kernel/lk_wrapper.mod.o
                0x000000000010b384                event_init
 .text.event_wait_timeout
                0x000000000010b3e0       0x74 ./build-ospi_handover_d9_ref/kernel/lk_wrapper.mod.o
                0x000000000010b3e0                event_wait_timeout
 .text.event_signal
                0x000000000010b454       0x78 ./build-ospi_handover_d9_ref/kernel/lk_wrapper.mod.o
                0x000000000010b454                event_signal
 .text.event_unsignal
                0x000000000010b4cc       0x3c ./build-ospi_handover_d9_ref/kernel/lk_wrapper.mod.o
                0x000000000010b4cc                event_unsignal
 .text.mutex_init
                0x000000000010b508       0x10 ./build-ospi_handover_d9_ref/kernel/lk_wrapper.mod.o
                0x000000000010b508                mutex_init
 .text.mutex_destroy
                0x000000000010b518       0x10 ./build-ospi_handover_d9_ref/kernel/lk_wrapper.mod.o
                0x000000000010b518                mutex_destroy
 .text.task_dispatch
                0x000000000010b528       0x24 ./build-ospi_handover_d9_ref/kernel/lk_wrapper.mod.o
 .text.thread_create
                0x000000000010b54c       0xb8 ./build-ospi_handover_d9_ref/kernel/lk_wrapper.mod.o
                0x000000000010b54c                thread_create
 .text.thread_resume
                0x000000000010b604       0x54 ./build-ospi_handover_d9_ref/kernel/lk_wrapper.mod.o
                0x000000000010b604                thread_resume
 .text.thread_detach
                0x000000000010b658       0x54 ./build-ospi_handover_d9_ref/kernel/lk_wrapper.mod.o
                0x000000000010b658                thread_detach
 .text.cbuf_initialize
                0x000000000010b6ac       0x6c ./build-ospi_handover_d9_ref/lib/cbuf.mod.o
                0x000000000010b6ac                cbuf_initialize
 .text.cbuf_space_avail
                0x000000000010b718       0x24 ./build-ospi_handover_d9_ref/lib/cbuf.mod.o
                0x000000000010b718                cbuf_space_avail
 .text.cbuf_write_char
                0x000000000010b73c       0x78 ./build-ospi_handover_d9_ref/lib/cbuf.mod.o
                0x000000000010b73c                cbuf_write_char
 .text.cbuf_read_char
                0x000000000010b7b4       0x98 ./build-ospi_handover_d9_ref/lib/cbuf.mod.o
                0x000000000010b7b4                cbuf_read_char
 .text.__debug_stdio_write
                0x000000000010b84c       0x68 ./build-ospi_handover_d9_ref/lib/io.mod.o
 .text.__debug_stdio_read
                0x000000000010b8b4       0x1c ./build-ospi_handover_d9_ref/lib/io.mod.o
 .text.io_write
                0x000000000010b8d0       0x10 ./build-ospi_handover_d9_ref/lib/io.mod.o
                0x000000000010b8d0                io_write
 .text          0x000000000010b8e0      0x378 /home/zhangk/d9/source/toolchain/gcc_linaro/gcc-arm-none-eabi-7.3.1/bin/../lib/gcc/arm-none-eabi/7.3.1/thumb/v7-ar/fpv3/hard/libgcc.a(_arm_addsubdf3.o)
                0x000000000010b8e0                __aeabi_drsub
                0x000000000010b8e8                __aeabi_dsub
                0x000000000010b8e8                __subdf3
                0x000000000010b8ec                __adddf3
                0x000000000010b8ec                __aeabi_dadd
                0x000000000010bb64                __aeabi_ui2d
                0x000000000010bb64                __floatunsidf
                0x000000000010bb84                __floatsidf
                0x000000000010bb84                __aeabi_i2d
                0x000000000010bba8                __extendsfdf2
                0x000000000010bba8                __aeabi_f2d
                0x000000000010bbec                __aeabi_ul2d
                0x000000000010bbec                __floatundidf
                0x000000000010bbfc                __floatdidf
                0x000000000010bbfc                __aeabi_l2d
 .text          0x000000000010bc58       0x30 /home/zhangk/d9/source/toolchain/gcc_linaro/gcc-arm-none-eabi-7.3.1/bin/../lib/gcc/arm-none-eabi/7.3.1/thumb/v7-ar/fpv3/hard/libgcc.a(_aeabi_uldivmod.o)
                0x000000000010bc58                __aeabi_uldivmod
 .text          0x000000000010bc88      0x144 /home/zhangk/d9/source/toolchain/gcc_linaro/gcc-arm-none-eabi-7.3.1/bin/../lib/gcc/arm-none-eabi/7.3.1/thumb/v7-ar/fpv3/hard/libgcc.a(_udivmoddi4.o)
                0x000000000010bc88                __udivmoddi4
 .text          0x000000000010bdcc        0x4 /home/zhangk/d9/source/toolchain/gcc_linaro/gcc-arm-none-eabi-7.3.1/bin/../lib/gcc/arm-none-eabi/7.3.1/thumb/v7-ar/fpv3/hard/libgcc.a(_dvmd_tls.o)
                0x000000000010bdcc                __aeabi_ldiv0
                0x000000000010bdcc                __aeabi_idiv0
 .text.__stub   0x000000000010bdd0        0x8 linker stubs

.glue_7         0x000000000010bdd8        0x0
 .glue_7        0x000000000010bdd8        0x0 linker stubs

.glue_7t        0x000000000010bdd8        0x0
 .glue_7t       0x000000000010bdd8        0x0 linker stubs

.vfp11_veneer   0x000000000010bdd8        0x0
 .vfp11_veneer  0x000000000010bdd8        0x0 linker stubs

.v4_bx          0x000000000010bdd8        0x0
 .v4_bx         0x000000000010bdd8        0x0 linker stubs

.iplt           0x000000000010bdd8        0x0
 .iplt          0x000000000010bdd8        0x0 ./build-ospi_handover_d9_ref/target/reference_d9/safety.mod.o

.rel.dyn        0x000000000010bdd8        0x0
 .rel.iplt      0x000000000010bdd8        0x0 ./build-ospi_handover_d9_ref/target/reference_d9/safety.mod.o

.interp
 *(.interp)

.hash
 *(.hash)

.dynsym
 *(.dynsym)

.dynstr
 *(.dynstr)

.rel.text
 *(.rel.text)
 *(.rel.gnu.linkonce.t*)

.rela.text
 *(.rela.text)
 *(.rela.gnu.linkonce.t*)

.rel.data
 *(.rel.data)
 *(.rel.gnu.linkonce.d*)

.rela.data
 *(.rela.data)
 *(.rela.gnu.linkonce.d*)

.rel.rodata
 *(.rel.rodata)
 *(.rel.gnu.linkonce.r*)

.rela.rodata
 *(.rela.rodata)
 *(.rela.gnu.linkonce.r*)

.rel.got
 *(.rel.got)

.rela.got
 *(.rela.got)

.rel.ctors
 *(.rel.ctors)

.rela.ctors
 *(.rela.ctors)

.rel.dtors
 *(.rel.dtors)

.rela.dtors
 *(.rela.dtors)

.rel.init
 *(.rel.init)

.rela.init
 *(.rela.init)

.rel.fini
 *(.rel.fini)

.rela.fini
 *(.rela.fini)

.rel.bss
 *(.rel.bss)

.rela.bss
 *(.rela.bss)

.rel.plt
 *(.rel.plt)

.rela.plt
 *(.rela.plt)

.init
 *(.init)

.plt
 *(.plt)
                0x000000000010bdd8                __exidx_start = .

.ARM.exidx      0x000000000010bdd8        0x8
 *(.ARM.exidx* .gnu.linkonce.armexidx.*)
 .ARM.exidx     0x000000000010bdd8        0x8 /home/zhangk/d9/source/toolchain/gcc_linaro/gcc-arm-none-eabi-7.3.1/bin/../lib/gcc/arm-none-eabi/7.3.1/thumb/v7-ar/fpv3/hard/libgcc.a(_udivmoddi4.o)
                0x000000000010bde0                __exidx_end = .

.rodata         0x000000000010bde0     0x6128
                0x000000000010bde0                __rodata_start = .
                0x000000000010bde0                __fault_handler_table_start = .
 *(.rodata.fault_handler_table)
 .rodata.fault_handler_table
                0x000000000010bde0       0x18 ./build-ospi_handover_d9_ref/arch/arm.mod.o
                0x000000000010bdf8                __fault_handler_table_end = .
 *(.rodata .rodata.* .gnu.linkonce.r.*)
 .rodata.UART_RX_PIN_MODE
                0x000000000010bdf8        0x8 ./build-ospi_handover_d9_ref/target/reference_d9/safety.mod.o
                0x000000000010bdf8                UART_RX_PIN_MODE
 .rodata.UART_TX_PIN_MODE
                0x000000000010be00        0x8 ./build-ospi_handover_d9_ref/target/reference_d9/safety.mod.o
                0x000000000010be00                UART_TX_PIN_MODE
 .rodata.uart_port_init.str1.4
                0x000000000010be08       0x18 ./build-ospi_handover_d9_ref/target/reference_d9/safety.mod.o
 .rodata.platform_core_reset.str1.4
                0x000000000010be20        0x5 ./build-ospi_handover_d9_ref/platform/kunlun/safety.mod.o
 *fill*         0x000000000010be25        0x3 
 .rodata.platform_early_init.str1.4
                0x000000000010be28        0xd ./build-ospi_handover_d9_ref/platform/kunlun/safety.mod.o
 *fill*         0x000000000010be35        0x3 
 .rodata.vector_remap.str1.4
                0x000000000010be38       0x67 ./build-ospi_handover_d9_ref/platform/kunlun/safety.mod.o
 *fill*         0x000000000010be9f        0x1 
 .rodata.register_int_handler.str1.4
                0x000000000010bea0       0x52 ./build-ospi_handover_d9_ref/platform/kunlun/safety.mod.o
 *fill*         0x000000000010bef2        0x2 
 .rodata.str1.4
                0x000000000010bef4       0x12 ./build-ospi_handover_d9_ref/platform/kunlun/safety.mod.o
 *fill*         0x000000000010bf06        0x2 
 .rodata.arm_data_abort_handler.str1.4
                0x000000000010bf08      0x151 ./build-ospi_handover_d9_ref/arch/arm.mod.o
                                        0x159 (size before relaxing)
 *fill*         0x000000000010c059        0x3 
 .rodata.arm_prefetch_abort_handler.str1.4
                0x000000000010c05c       0xdf ./build-ospi_handover_d9_ref/arch/arm.mod.o
 *fill*         0x000000000010c13b        0x1 
 .rodata.arm_syscall_handler.str1.4
                0x000000000010c13c       0x1c ./build-ospi_handover_d9_ref/arch/arm.mod.o
 .rodata.arm_undefined_handler.str1.4
                0x000000000010c158       0x19 ./build-ospi_handover_d9_ref/arch/arm.mod.o
 *fill*         0x000000000010c171        0x3 
 .rodata.dump_mode_regs.str1.4
                0x000000000010c174       0x50 ./build-ospi_handover_d9_ref/arch/arm.mod.o
 .rodata.exception_die.str1.4
                0x000000000010c1c4       0xed ./build-ospi_handover_d9_ref/arch/arm.mod.o
                                         0xf1 (size before relaxing)
 *fill*         0x000000000010c2b1        0x3 
 .rodata.arm_fpu_undefined_instruction.str1.4
                0x000000000010c2b4       0xa1 ./build-ospi_handover_d9_ref/arch/arm.mod.o
 *fill*         0x000000000010c355        0x3 
 .rodata.g_racr_config
                0x000000000010c358       0x18 ./build-ospi_handover_d9_ref/arch/arm.mod.o
 .rodata.mpu_add_region.str1.4
                0x000000000010c370       0xda ./build-ospi_handover_d9_ref/arch/arm.mod.o
                                         0xfa (size before relaxing)
 *fill*         0x000000000010c44a        0x2 
 .rodata.lk_init_level.str1.4
                0x000000000010c44c       0x1c ./build-ospi_handover_d9_ref/top.mod.o
                                         0x3c (size before relaxing)
 .rodata.lk_main.str1.4
                0x000000000010c468        0xb ./build-ospi_handover_d9_ref/top.mod.o
 *fill*         0x000000000010c473        0x1 
 .rodata.__func__.9307
                0x000000000010c474       0x14 ./build-ospi_handover_d9_ref/application/system/ospi_handover.mod.o
 .rodata.ospi_handover_entry.str1.4
                0x000000000010c488       0x2a ./build-ospi_handover_d9_ref/application/system/ospi_handover.mod.o
 *fill*         0x000000000010c4b2        0x2 
 .rodata.default_clk_gating_enabled_table
                0x000000000010c4b4       0x30 ./build-ospi_handover_d9_ref/application/system/soc-init.mod.o
                0x000000000010c4b4                default_clk_gating_enabled_table
 .rodata.default_rst_ip_module
                0x000000000010c4e4       0x28 ./build-ospi_handover_d9_ref/application/system/soc-init.mod.o
                0x000000000010c4e4                default_rst_ip_module
 .rodata.handover_list
                0x000000000010c50c       0xb8 ./build-ospi_handover_d9_ref/application/system/soc-init.mod.o
                0x000000000010c50c                handover_list
 .rodata.safety_init.str1.4
                0x000000000010c5c4       0x48 ./build-ospi_handover_d9_ref/application/system/soc-init.mod.o
 .rodata.setup_pll.str1.4
                0x000000000010c60c       0x25 ./build-ospi_handover_d9_ref/application/system/soc-init.mod.o
 *fill*         0x000000000010c631        0x3 
 .rodata.str1.4
                0x000000000010c634       0x15 ./build-ospi_handover_d9_ref/application/system/soc-init.mod.o
 *fill*         0x000000000010c649        0x3 
 .rodata.init_gpu1_ss.str1.4
                0x000000000010c64c       0x7e ./build-ospi_handover_d9_ref/application/system/soc-init.mod.o
 *fill*         0x000000000010c6ca        0x2 
 .rodata.module_iso_disable.str1.4
                0x000000000010c6cc       0x7a ./build-ospi_handover_d9_ref/application/system/soc-init.mod.o
 *fill*         0x000000000010c746        0x2 
 .rodata.module_rst.str1.4
                0x000000000010c748       0x2b ./build-ospi_handover_d9_ref/application/system/soc-init.mod.o
 *fill*         0x000000000010c773        0x1 
 .rodata.refclk_ResIdx
                0x000000000010c774       0x20 ./build-ospi_handover_d9_ref/application/system/soc-init.mod.o
 .rodata.set_pmu_ctrl_ap_domain.str1.4
                0x000000000010c794       0xbe ./build-ospi_handover_d9_ref/application/system/soc-init.mod.o
 *fill*         0x000000000010c852        0x2 
 .rodata.soc_init.str1.4
                0x000000000010c854       0x1b ./build-ospi_handover_d9_ref/application/system/soc-init.mod.o
                                         0x34 (size before relaxing)
 *fill*         0x000000000010c86f        0x1 
 .rodata.scr_init.str1.4
                0x000000000010c870       0x12 ./build-ospi_handover_d9_ref/application/system/soc-init.mod.o
 *fill*         0x000000000010c882        0x2 
 .rodata.__PRETTY_FUNCTION__.7728
                0x000000000010c884        0xd ./build-ospi_handover_d9_ref/chipdev/interrupt/arm_gic.mod.o
 *fill*         0x000000000010c891        0x3 
 .rodata.arm_gic_register_int_handler.str1.4
                0x000000000010c894       0x2e ./build-ospi_handover_d9_ref/chipdev/interrupt/arm_gic.mod.o
 *fill*         0x000000000010c8c2        0x2 
 .rodata.gicd_itargetsr
                0x000000000010c8c4      0x114 ./build-ospi_handover_d9_ref/chipdev/interrupt/arm_gic.mod.o
 .rodata.platform_fiq.str1.4
                0x000000000010c9d8       0x12 ./build-ospi_handover_d9_ref/chipdev/interrupt/arm_gic.mod.o
 *fill*         0x000000000010c9ea        0x2 
 .rodata.str1.4
                0x000000000010c9ec       0x3c ./build-ospi_handover_d9_ref/chipdev/interrupt/arm_gic.mod.o
 .rodata        0x000000000010ca28       0x60 ./build-ospi_handover_d9_ref/chipdev/pll.mod.o
 .rodata.pll_config.str1.4
                0x000000000010ca88      0x218 ./build-ospi_handover_d9_ref/chipdev/pll.mod.o
                                        0x238 (size before relaxing)
 .rodata.__func__.7892
                0x000000000010cca0        0x9 ./build-ospi_handover_d9_ref/chipdev/pmu/sd_pmu.mod.o
 *fill*         0x000000000010cca9        0x3 
 .rodata.__func__.7896
                0x000000000010ccac        0x9 ./build-ospi_handover_d9_ref/chipdev/pmu/sd_pmu.mod.o
 *fill*         0x000000000010ccb5        0x3 
 .rodata.__func__.7911
                0x000000000010ccb8        0xf ./build-ospi_handover_d9_ref/chipdev/pmu/sd_pmu.mod.o
 *fill*         0x000000000010ccc7        0x1 
 .rodata.__func__.7917
                0x000000000010ccc8       0x15 ./build-ospi_handover_d9_ref/chipdev/pmu/sd_pmu.mod.o
 *fill*         0x000000000010ccdd        0x3 
 .rodata.__func__.7922
                0x000000000010cce0       0x1e ./build-ospi_handover_d9_ref/chipdev/pmu/sd_pmu.mod.o
 *fill*         0x000000000010ccfe        0x2 
 .rodata.__func__.7926
                0x000000000010cd00       0x1b ./build-ospi_handover_d9_ref/chipdev/pmu/sd_pmu.mod.o
 *fill*         0x000000000010cd1b        0x1 
 .rodata.__func__.7931
                0x000000000010cd1c        0xe ./build-ospi_handover_d9_ref/chipdev/pmu/sd_pmu.mod.o
 *fill*         0x000000000010cd2a        0x2 
 .rodata.__func__.7937
                0x000000000010cd2c       0x18 ./build-ospi_handover_d9_ref/chipdev/pmu/sd_pmu.mod.o
 .rodata.__func__.7943
                0x000000000010cd44       0x16 ./build-ospi_handover_d9_ref/chipdev/pmu/sd_pmu.mod.o
 *fill*         0x000000000010cd5a        0x2 
 .rodata.__func__.7951
                0x000000000010cd5c       0x22 ./build-ospi_handover_d9_ref/chipdev/pmu/sd_pmu.mod.o
 *fill*         0x000000000010cd7e        0x2 
 .rodata.__func__.7964
                0x000000000010cd80       0x20 ./build-ospi_handover_d9_ref/chipdev/pmu/sd_pmu.mod.o
 .rodata.__func__.7977
                0x000000000010cda0       0x1a ./build-ospi_handover_d9_ref/chipdev/pmu/sd_pmu.mod.o
 *fill*         0x000000000010cdba        0x2 
 .rodata.__func__.7990
                0x000000000010cdbc       0x1b ./build-ospi_handover_d9_ref/chipdev/pmu/sd_pmu.mod.o
 *fill*         0x000000000010cdd7        0x1 
 .rodata.__func__.8003
                0x000000000010cdd8       0x1b ./build-ospi_handover_d9_ref/chipdev/pmu/sd_pmu.mod.o
 *fill*         0x000000000010cdf3        0x1 
 .rodata.__func__.8017
                0x000000000010cdf4       0x1f ./build-ospi_handover_d9_ref/chipdev/pmu/sd_pmu.mod.o
 *fill*         0x000000000010ce13        0x1 
 .rodata.__func__.8029
                0x000000000010ce14       0x22 ./build-ospi_handover_d9_ref/chipdev/pmu/sd_pmu.mod.o
 *fill*         0x000000000010ce36        0x2 
 .rodata.__func__.8036
                0x000000000010ce38       0x24 ./build-ospi_handover_d9_ref/chipdev/pmu/sd_pmu.mod.o
 .rodata.__func__.8044
                0x000000000010ce5c       0x22 ./build-ospi_handover_d9_ref/chipdev/pmu/sd_pmu.mod.o
 *fill*         0x000000000010ce7e        0x2 
 .rodata.__func__.8051
                0x000000000010ce80       0x1e ./build-ospi_handover_d9_ref/chipdev/pmu/sd_pmu.mod.o
 *fill*         0x000000000010ce9e        0x2 
 .rodata.__func__.8058
                0x000000000010cea0       0x20 ./build-ospi_handover_d9_ref/chipdev/pmu/sd_pmu.mod.o
 .rodata.__func__.8065
                0x000000000010cec0       0x27 ./build-ospi_handover_d9_ref/chipdev/pmu/sd_pmu.mod.o
 *fill*         0x000000000010cee7        0x1 
 .rodata.__func__.8072
                0x000000000010cee8       0x26 ./build-ospi_handover_d9_ref/chipdev/pmu/sd_pmu.mod.o
 *fill*         0x000000000010cf0e        0x2 
 .rodata.__func__.8080
                0x000000000010cf10       0x1e ./build-ospi_handover_d9_ref/chipdev/pmu/sd_pmu.mod.o
 *fill*         0x000000000010cf2e        0x2 
 .rodata.__func__.8086
                0x000000000010cf30       0x1f ./build-ospi_handover_d9_ref/chipdev/pmu/sd_pmu.mod.o
 *fill*         0x000000000010cf4f        0x1 
 .rodata.__func__.8093
                0x000000000010cf50       0x1f ./build-ospi_handover_d9_ref/chipdev/pmu/sd_pmu.mod.o
 *fill*         0x000000000010cf6f        0x1 
 .rodata.__func__.8100
                0x000000000010cf70       0x21 ./build-ospi_handover_d9_ref/chipdev/pmu/sd_pmu.mod.o
 *fill*         0x000000000010cf91        0x3 
 .rodata.__func__.8107
                0x000000000010cf94       0x28 ./build-ospi_handover_d9_ref/chipdev/pmu/sd_pmu.mod.o
 .rodata.__func__.8114
                0x000000000010cfbc       0x27 ./build-ospi_handover_d9_ref/chipdev/pmu/sd_pmu.mod.o
 *fill*         0x000000000010cfe3        0x1 
 .rodata.__func__.8122
                0x000000000010cfe4       0x1f ./build-ospi_handover_d9_ref/chipdev/pmu/sd_pmu.mod.o
 *fill*         0x000000000010d003        0x1 
 .rodata.__func__.8128
                0x000000000010d004       0x1c ./build-ospi_handover_d9_ref/chipdev/pmu/sd_pmu.mod.o
 .rodata.__func__.8134
                0x000000000010d020       0x1d ./build-ospi_handover_d9_ref/chipdev/pmu/sd_pmu.mod.o
 *fill*         0x000000000010d03d        0x3 
 .rodata.__func__.8140
                0x000000000010d040       0x1c ./build-ospi_handover_d9_ref/chipdev/pmu/sd_pmu.mod.o
 .rodata.__func__.8145
                0x000000000010d05c       0x1b ./build-ospi_handover_d9_ref/chipdev/pmu/sd_pmu.mod.o
 *fill*         0x000000000010d077        0x1 
 .rodata.__func__.8150
                0x000000000010d078       0x1c ./build-ospi_handover_d9_ref/chipdev/pmu/sd_pmu.mod.o
 .rodata.pmu_exit.str1.4
                0x000000000010d094       0x2d ./build-ospi_handover_d9_ref/chipdev/pmu/sd_pmu.mod.o
 *fill*         0x000000000010d0c1        0x3 
 .rodata.pmu_get_status.str1.4
                0x000000000010d0c4       0x39 ./build-ospi_handover_d9_ref/chipdev/pmu/sd_pmu.mod.o
 *fill*         0x000000000010d0fd        0x3 
 .rodata.pmu_init.str1.4
                0x000000000010d100       0x2d ./build-ospi_handover_d9_ref/chipdev/pmu/sd_pmu.mod.o
 *fill*         0x000000000010d12d        0x3 
 .rodata.PIN_MAX_NUMBER
                0x000000000010d130       0x14 ./build-ospi_handover_d9_ref/chipdev/port/sd_port.mod.o
 *fill*         0x000000000010d144        0x4 
 .rodata.scr_mshc2_canfd_signals
                0x000000000010d148      0x138 ./build-ospi_handover_d9_ref/chipdev/port/sd_port.mod.o
 .rodata.scr_safety_mux1_signals
                0x000000000010d280       0x48 ./build-ospi_handover_d9_ref/chipdev/port/sd_port.mod.o
 .rodata.scr_safety_mux_signals
                0x000000000010d2c8       0x90 ./build-ospi_handover_d9_ref/chipdev/port/sd_port.mod.o
 .rodata.scr_sec_mux2_signals
                0x000000000010d358       0xa8 ./build-ospi_handover_d9_ref/chipdev/port/sd_port.mod.o
 .rodata.scr_sec_mux_signals
                0x000000000010d400      0x150 ./build-ospi_handover_d9_ref/chipdev/port/sd_port.mod.o
 .rodata.str1.4
                0x000000000010d550      0x7cd ./build-ospi_handover_d9_ref/chipdev/port/sd_port.mod.o
 *fill*         0x000000000010dd1d        0x3 
 .rodata        0x000000000010dd20       0x18 ./build-ospi_handover_d9_ref/chipdev/scr.mod.o
 .rodata.scr_set.str1.4
                0x000000000010dd38       0x1c ./build-ospi_handover_d9_ref/chipdev/scr.mod.o
 .rodata.cospi_data_thread.str1.4
                0x000000000010dd54       0x38 ./build-ospi_handover_d9_ref/chipdev/spi_nor.mod.o
 .rodata.cospi_early_init.str1.4
                0x000000000010dd8c        0xd ./build-ospi_handover_d9_ref/chipdev/spi_nor.mod.o
 *fill*         0x000000000010dd99        0x3 
 .rodata.str1.4
                0x000000000010dd9c        0x6 ./build-ospi_handover_d9_ref/chipdev/spi_nor.mod.o
 *fill*         0x000000000010dda2        0x2 
 .rodata.uart_drv_init.str1.4
                0x000000000010dda4       0x24 ./build-ospi_handover_d9_ref/chipdev/uart/dw_uart.mod.o
                                         0x46 (size before relaxing)
 .rodata.bus.8703
                0x000000000010ddc8       0x5c ./build-ospi_handover_d9_ref/hal/clkgen_hal/sd_clkgen_hal.mod.o
 .rodata.bus.8720
                0x000000000010de24      0x114 ./build-ospi_handover_d9_ref/hal/clkgen_hal/sd_clkgen_hal.mod.o
 .rodata.bus.8743
                0x000000000010df38      0x170 ./build-ospi_handover_d9_ref/hal/clkgen_hal/sd_clkgen_hal.mod.o
 .rodata.core.8748
                0x000000000010e0a8      0x1b8 ./build-ospi_handover_d9_ref/hal/clkgen_hal/sd_clkgen_hal.mod.o
 .rodata.hal_clock_osc_init.str1.4
                0x000000000010e260       0x13 ./build-ospi_handover_d9_ref/hal/clkgen_hal/sd_clkgen_hal.mod.o
 *fill*         0x000000000010e273        0x1 
 .rodata.hal_clock_release_handle.part.2.str1.4
                0x000000000010e274       0x41 ./build-ospi_handover_d9_ref/hal/clkgen_hal/sd_clkgen_hal.mod.o
                                         0x61 (size before relaxing)
 *fill*         0x000000000010e2b5        0x3 
 .rodata.hal_clock_release_instance.str1.4