Archive member included to satisfy reference by file (symbol)

/home/zhangk/d9/source/toolchain/gcc_linaro/gcc-arm-none-eabi-7.3.1/bin/../lib/gcc/arm-none-eabi/7.3.1/thumb/v7-ar/fpv3/hard/libgcc.a(_arm_addsubdf3.o)
                              lk_customize/build-spl_d9_ref/lk/lib/libc.mod.o (__aeabi_ul2d)
/home/zhangk/d9/source/toolchain/gcc_linaro/gcc-arm-none-eabi-7.3.1/bin/../lib/gcc/arm-none-eabi/7.3.1/thumb/v7-ar/fpv3/hard/libgcc.a(_aeabi_ldivmod.o)
                              lk_customize/build-spl_d9_ref/lk_customize/chipdev/mmc.mod.o (__aeabi_ldivmod)
/home/zhangk/d9/source/toolchain/gcc_linaro/gcc-arm-none-eabi-7.3.1/bin/../lib/gcc/arm-none-eabi/7.3.1/thumb/v7-ar/fpv3/hard/libgcc.a(_aeabi_uldivmod.o)
                              lk_customize/build-spl_d9_ref/lk_customize/platform/kunlun/secure.mod.o (__aeabi_uldivmod)
/home/zhangk/d9/source/toolchain/gcc_linaro/gcc-arm-none-eabi-7.3.1/bin/../lib/gcc/arm-none-eabi/7.3.1/thumb/v7-ar/fpv3/hard/libgcc.a(_udivmoddi4.o)
                              /home/zhangk/d9/source/toolchain/gcc_linaro/gcc-arm-none-eabi-7.3.1/bin/../lib/gcc/arm-none-eabi/7.3.1/thumb/v7-ar/fpv3/hard/libgcc.a(_aeabi_ldivmod.o) (__udivmoddi4)
/home/zhangk/d9/source/toolchain/gcc_linaro/gcc-arm-none-eabi-7.3.1/bin/../lib/gcc/arm-none-eabi/7.3.1/thumb/v7-ar/fpv3/hard/libgcc.a(_dvmd_tls.o)
                              /home/zhangk/d9/source/toolchain/gcc_linaro/gcc-arm-none-eabi-7.3.1/bin/../lib/gcc/arm-none-eabi/7.3.1/thumb/v7-ar/fpv3/hard/libgcc.a(_aeabi_ldivmod.o) (__aeabi_ldiv0)

Discarded input sections

 .text          0x0000000000000000        0x0 lk_customize/build-spl_d9_ref/lk_customize/target/reference_d9/secure.mod.o
 .text.unlikely.calculate_voltage.part.0
                0x0000000000000000       0x26 lk_customize/build-spl_d9_ref/lk_customize/target/reference_d9/secure.mod.o
 .text.target_quiesce
                0x0000000000000000        0x4 lk_customize/build-spl_d9_ref/lk_customize/target/reference_d9/secure.mod.o
 .rodata.calculate_voltage.part.0.str1.4
                0x0000000000000000       0x5a lk_customize/build-spl_d9_ref/lk_customize/target/reference_d9/secure.mod.o
 .data          0x0000000000000000        0x0 lk_customize/build-spl_d9_ref/lk_customize/target/reference_d9/secure.mod.o
 .bss           0x0000000000000000        0x0 lk_customize/build-spl_d9_ref/lk_customize/target/reference_d9/secure.mod.o
 .comment       0x0000000000000000      0x100 lk_customize/build-spl_d9_ref/lk_customize/target/reference_d9/secure.mod.o
 .text          0x0000000000000000        0x0 lk_customize/build-spl_d9_ref/lk_customize/platform/kunlun/secure.mod.o
 .text.os_platform_early_init
                0x0000000000000000        0x4 lk_customize/build-spl_d9_ref/lk_customize/platform/kunlun/secure.mod.o
 .text.get_bootreason
                0x0000000000000000       0x10 lk_customize/build-spl_d9_ref/lk_customize/platform/kunlun/secure.mod.o
 .text.config_wakeupsrc
                0x0000000000000000       0x28 lk_customize/build-spl_d9_ref/lk_customize/platform/kunlun/secure.mod.o
 .text.get_wakeupsrc
                0x0000000000000000       0x1c lk_customize/build-spl_d9_ref/lk_customize/platform/kunlun/secure.mod.o
 .text.debug_cycle_count
                0x0000000000000000       0x18 lk_customize/build-spl_d9_ref/lk_customize/platform/kunlun/secure.mod.o
 .text.uart_pputc
                0x0000000000000000       0x14 lk_customize/build-spl_d9_ref/lk_customize/platform/kunlun/secure.mod.o
 .text.uart_pgetc
                0x0000000000000000        0x4 lk_customize/build-spl_d9_ref/lk_customize/platform/kunlun/secure.mod.o
 .text.uart_flush_tx
                0x0000000000000000        0x4 lk_customize/build-spl_d9_ref/lk_customize/platform/kunlun/secure.mod.o
 .text.uart_flush_rx
                0x0000000000000000        0x4 lk_customize/build-spl_d9_ref/lk_customize/platform/kunlun/secure.mod.o
 .text.uart_init_port
                0x0000000000000000        0x4 lk_customize/build-spl_d9_ref/lk_customize/platform/kunlun/secure.mod.o
 .text.uart_exit
                0x0000000000000000       0x20 lk_customize/build-spl_d9_ref/lk_customize/platform/kunlun/secure.mod.o
 .text.hard_code_wdt_clear
                0x0000000000000000       0x58 lk_customize/build-spl_d9_ref/lk_customize/platform/kunlun/secure.mod.o
 .text.reboot_loading
                0x0000000000000000       0x10 lk_customize/build-spl_d9_ref/lk_customize/platform/kunlun/secure.mod.o
 .text.reboot_trigger
                0x0000000000000000       0x10 lk_customize/build-spl_d9_ref/lk_customize/platform/kunlun/secure.mod.o
 .text.domain_reboot_probe
                0x0000000000000000       0x48 lk_customize/build-spl_d9_ref/lk_customize/platform/kunlun/secure.mod.o
 .rodata.__PRETTY_FUNCTION__.7857
                0x0000000000000000       0x12 lk_customize/build-spl_d9_ref/lk_customize/platform/kunlun/secure.mod.o
 .rodata.debug_cycle_count.str1.4
[...]
Memory Configuration

Name             Origin             Length             Attributes
*default*        0x0000000000000000 0xffffffffffffffff

Linker script and memory map

START GROUP
LOAD lk_customize/build-spl_d9_ref/lk_customize/target/reference_d9/secure.mod.o
LOAD lk_customize/build-spl_d9_ref/lk_customize/platform/kunlun/secure.mod.o
LOAD lk_customize/build-spl_d9_ref/lk/arch/arm.mod.o
LOAD lk_customize/build-spl_d9_ref/lk/top.mod.o
LOAD lk_customize/build-spl_d9_ref/lk/app.mod.o
LOAD lk_customize/build-spl_d9_ref/lk/app/shell.mod.o
LOAD lk_customize/build-spl_d9_ref/lk_customize/application/system/spl.mod.o
LOAD lk_customize/build-spl_d9_ref/lk_customize/chipdev/clkgen/sd_clkgen.mod.o
LOAD lk_customize/build-spl_d9_ref/lk_customize/chipdev/crypto/silex.mod.o
LOAD lk_customize/build-spl_d9_ref/lk_customize/chipdev/ddr/dw_umctl2.mod.o
LOAD lk_customize/build-spl_d9_ref/lk_customize/chipdev/dio/sd_dio.mod.o
LOAD lk_customize/build-spl_d9_ref/lk_customize/chipdev/earlycopy.mod.o
LOAD lk_customize/build-spl_d9_ref/lk_customize/chipdev/fuse_ctrl.mod.o
LOAD lk_customize/build-spl_d9_ref/lk_customize/chipdev/i2c/dw_i2c.mod.o
LOAD lk_customize/build-spl_d9_ref/lk_customize/chipdev/interrupt/arm_gic.mod.o
LOAD lk_customize/build-spl_d9_ref/lk_customize/chipdev/mailbox/sd_mbox.mod.o
LOAD lk_customize/build-spl_d9_ref/lk_customize/chipdev/mmc.mod.o
LOAD lk_customize/build-spl_d9_ref/lk_customize/chipdev/pll.mod.o
LOAD lk_customize/build-spl_d9_ref/lk_customize/chipdev/port/sd_port.mod.o
LOAD lk_customize/build-spl_d9_ref/lk_customize/chipdev/rstgen/sd_rstgen.mod.o
LOAD lk_customize/build-spl_d9_ref/lk_customize/chipdev/scr.mod.o
LOAD lk_customize/build-spl_d9_ref/lk_customize/chipdev/timer/sd_timer.mod.o
LOAD lk_customize/build-spl_d9_ref/lk_customize/chipdev/uart/dw_uart.mod.o
LOAD lk_customize/build-spl_d9_ref/lk_customize/chipdev/usb/dw_usb.mod.o
LOAD lk_customize/build-spl_d9_ref/lk_customize/chipdev/wdg/sd_wdg.mod.o
LOAD lk_customize/build-spl_d9_ref/lk/dev.mod.o
LOAD lk_customize/build-spl_d9_ref/lk_customize/framework/audio/core.mod.o
LOAD lk_customize/build-spl_d9_ref/lk_customize/framework/lib/system.mod.o
LOAD lk_customize/build-spl_d9_ref/lk_customize/framework/service/base.mod.o
LOAD lk_customize/build-spl_d9_ref/lk_customize/framework/service/sys_diagnosis.mod.o
LOAD lk_customize/build-spl_d9_ref/lk_customize/framework/service/worker.mod.o
LOAD lk_customize/build-spl_d9_ref/lk_customize/hal/boardinfo.mod.o
LOAD lk_customize/build-spl_d9_ref/lk_customize/hal/clkgen_hal/sd_clkgen_hal.mod.o
LOAD lk_customize/build-spl_d9_ref/lk_customize/hal/cpu_hal/sd_cpu_hal.mod.o
LOAD lk_customize/build-spl_d9_ref/lk_customize/hal/crypto_hal/.mod.o
LOAD lk_customize/build-spl_d9_ref/lk_customize/hal/dio_hal/sd_dio_hal.mod.o
LOAD lk_customize/build-spl_d9_ref/lk_customize/hal/dma_hal/sd_dma_hal.mod.o
LOAD lk_customize/build-spl_d9_ref/lk_customize/hal/firewall_hal/.mod.o
LOAD lk_customize/build-spl_d9_ref/lk_customize/hal/gpioirq_hal.mod.o
LOAD lk_customize/build-spl_d9_ref/lk_customize/hal/i2c_hal/sd_i2c_hal.mod.o
LOAD lk_customize/build-spl_d9_ref/lk_customize/hal/interrupt_hal/arm_gic_hal.mod.o
LOAD lk_customize/build-spl_d9_ref/lk_customize/hal/mbox_hal/sd_mbox_hal.mod.o
LOAD lk_customize/build-spl_d9_ref/lk_customize/hal/mmc.mod.o
LOAD lk_customize/build-spl_d9_ref/lk_customize/hal/module_helper_hal.mod.o
LOAD lk_customize/build-spl_d9_ref/lk_customize/hal/net.mod.o
LOAD lk_customize/build-spl_d9_ref/lk_customize/hal/pll/.mod.o
LOAD lk_customize/build-spl_d9_ref/lk_customize/hal/port_hal/sd_port_hal.mod.o
LOAD lk_customize/build-spl_d9_ref/lk_customize/hal/pvt_hal/.mod.o
LOAD lk_customize/build-spl_d9_ref/lk_customize/hal/pwm_hal/sd_pwm_hal.mod.o
LOAD lk_customize/build-spl_d9_ref/lk_customize/hal/res/.mod.o
LOAD lk_customize/build-spl_d9_ref/lk_customize/hal/rstgen_hal/sd_rstgen_hal.mod.o
LOAD lk_customize/build-spl_d9_ref/lk_customize/hal/scr/.mod.o
LOAD lk_customize/build-spl_d9_ref/lk_customize/hal/spdif_hal/sd_spdif_hal.mod.o
LOAD lk_customize/build-spl_d9_ref/lk_customize/hal/spi_hal/sd_spi_hal.mod.o
LOAD lk_customize/build-spl_d9_ref/lk_customize/hal/spi_nor.mod.o
LOAD lk_customize/build-spl_d9_ref/lk_customize/hal/timer_hal/sd_timer_hal.mod.o
LOAD lk_customize/build-spl_d9_ref/lk_customize/hal/uart_hal/dw_uart_hal.mod.o
LOAD lk_customize/build-spl_d9_ref/lk_customize/hal/usb_hal/sd_usb_hal.mod.o
LOAD lk_customize/build-spl_d9_ref/lk_customize/hal/wdg_hal/sd_wdg_hal.mod.o
LOAD lk_customize/build-spl_d9_ref/lk/kernel.mod.o
LOAD lk_customize/build-spl_d9_ref/lk/lib/version.mod.o
LOAD lk_customize/build-spl_d9_ref/lk/platform.mod.o
LOAD lk_customize/build-spl_d9_ref/lk_customize/platform/kunlun/common.mod.o
LOAD lk_customize/build-spl_d9_ref/lk/target.mod.o
LOAD lk_customize/build-spl_d9_ref/lk_customize/chipdev/func_safety.mod.o
LOAD lk_customize/build-spl_d9_ref/lk/kernel/novm.mod.o
LOAD lk_customize/build-spl_d9_ref/lk/lib/bio.mod.o
LOAD lk_customize/build-spl_d9_ref/lk_customize/lib/boot.mod.o
LOAD lk_customize/build-spl_d9_ref/lk/lib/cbuf.mod.o
LOAD lk_customize/build-spl_d9_ref/lk/lib/console.mod.o
LOAD lk_customize/build-spl_d9_ref/lk/lib/debug.mod.o
LOAD lk_customize/build-spl_d9_ref/lk_customize/lib/fastboot_common.mod.o
LOAD lk_customize/build-spl_d9_ref/lk/lib/heap.mod.o
LOAD lk_customize/build-spl_d9_ref/lk_customize/lib/libavb.mod.o
LOAD lk_customize/build-spl_d9_ref/lk/lib/libc.mod.o
LOAD lk_customize/build-spl_d9_ref/lk_customize/lib/md5.mod.o
LOAD lk_customize/build-spl_d9_ref/lk_customize/lib/partition.mod.o
LOAD lk_customize/build-spl_d9_ref/lk_customize/lib/system_config.mod.o
LOAD lk_customize/build-spl_d9_ref/lk_customize/hal/i2s_hal/sd_i2s_hal/1.0.mod.o
LOAD lk_customize/build-spl_d9_ref/lk/external/lib/cksum.mod.o
LOAD lk_customize/build-spl_d9_ref/lk/lib/heap/miniheap.mod.o
LOAD lk_customize/build-spl_d9_ref/lk/lib/io.mod.o
LOAD lk_customize/build-spl_d9_ref/lk_customize/lib/storage_device.mod.o
END GROUP
LOAD /home/zhangk/d9/source/toolchain/gcc_linaro/gcc-arm-none-eabi-7.3.1/bin/../lib/gcc/arm-none-eabi/7.3.1/thumb/v7-ar/fpv3/hard/libgcc.a
                0x00000000004b0000                TCM_BASE = 0x4b0000
                0x0000000000020000                TCM_SIZE = 0x20000
                0x00000000004b0000                . = TCM_BASE
                0x0000000000192c3c                __LMA_tcm = ALIGN ((LOADADDR (.bss) + SIZEOF (.bss)), 0x4)

.tcm            0x00000000004b0000        0x0 load address 0x0000000000192c3c
                0x00000000004b0000                __tcm_start = .
 *(.tcmcode)
                0x00000000004b0000                . = ALIGN (0x4)
 *(.tcmdata)
                0x00000000004b0000                __tcm_end = ALIGN (0x4)
                0x0000000000000001                ASSERT (((__tcm_end - __tcm_start) <= TCM_SIZE), TCM memory too large!)
                0x0000000000140000                . = 0x140000
                0x0000000000140000                _start = .

.text           0x0000000000140000    0x1dfa8
 *(.text.boot.vectab1)
 *(.text.boot.vectab2)
 *(.text.boot)
 .text.boot     0x0000000000140000      0x1e4 lk_customize/build-spl_d9_ref/lk/arch/arm.mod.o
                0x0000000000140040                arm_reset
                0x0000000000140040                platform_reset
 *(.text* .sram.text.glue_7* .gnu.linkonce.t.*)
 .text.change_voltage.constprop.2
                0x00000000001401e4       0xdc lk_customize/build-spl_d9_ref/lk_customize/target/reference_d9/secure.mod.o
 .text.i2c10_port_config
                0x00000000001402c0       0x4c lk_customize/build-spl_d9_ref/lk_customize/target/reference_d9/secure.mod.o
                0x00000000001402c0                i2c10_port_config
 .text.target_early_init
                0x000000000014030c       0x74 lk_customize/build-spl_d9_ref/lk_customize/target/reference_d9/secure.mod.o
                0x000000000014030c                target_early_init
 .text.target_init
                0x0000000000140380        0x4 lk_customize/build-spl_d9_ref/lk_customize/target/reference_d9/secure.mod.o
                0x0000000000140380                target_init
 .text.reset_module
                0x0000000000140384       0x3c lk_customize/build-spl_d9_ref/lk_customize/target/reference_d9/secure.mod.o
                0x0000000000140384                reset_module
 .text.ddr_init
                0x00000000001403c0     0x3d4c lk_customize/build-spl_d9_ref/lk_customize/target/reference_d9/secure.mod.o
                0x00000000001403c0                ddr_init
 *fill*         0x000000000014410c        0x4 
 .text.platform_cpu_reset
                0x0000000000144110      0x140 lk_customize/build-spl_d9_ref/lk_customize/platform/kunlun/secure.mod.o
                0x0000000000144110                platform_cpu_reset
 .text.platform_early_init
                0x0000000000144250       0xfc lk_customize/build-spl_d9_ref/lk_customize/platform/kunlun/secure.mod.o
                0x0000000000144250                platform_early_init
 .text.platform_init
                0x000000000014434c       0x14 lk_customize/build-spl_d9_ref/lk_customize/platform/kunlun/secure.mod.o
                0x000000000014434c                platform_init
 .text._dputc   0x0000000000144360       0x2c lk_customize/build-spl_d9_ref/lk_customize/platform/kunlun/secure.mod.o
                0x0000000000144360                _dputc
 .text.dgetc    0x000000000014438c       0x20 lk_customize/build-spl_d9_ref/lk_customize/platform/kunlun/secure.mod.o
                0x000000000014438c                dgetc
 .text.platform_halt
                0x00000000001443ac       0x88 lk_customize/build-spl_d9_ref/lk_customize/platform/kunlun/secure.mod.o
                0x00000000001443ac                platform_halt
 .text.platform_dputc
                0x0000000000144434        0x4 lk_customize/build-spl_d9_ref/lk_customize/platform/kunlun/secure.mod.o
                0x0000000000144434                platform_dputc
 .text.platform_dgetc
                0x0000000000144438        0x4 lk_customize/build-spl_d9_ref/lk_customize/platform/kunlun/secure.mod.o
                0x0000000000144438                platform_dgetc
 .text.save_char
                0x000000000014443c       0x3c lk_customize/build-spl_d9_ref/lk_customize/platform/kunlun/secure.mod.o
 .text.uart_init
                0x0000000000144478       0x34 lk_customize/build-spl_d9_ref/lk_customize/platform/kunlun/secure.mod.o
                0x0000000000144478                uart_init
 .text.uart_init_early
                0x00000000001444ac       0x54 lk_customize/build-spl_d9_ref/lk_customize/platform/kunlun/secure.mod.o
                0x00000000001444ac                uart_init_early
 .text.uart_putc
                0x0000000000144500       0x14 lk_customize/build-spl_d9_ref/lk_customize/platform/kunlun/secure.mod.o
                0x0000000000144500                uart_putc
 .text.uart_getc
                0x0000000000144514       0x3c lk_customize/build-spl_d9_ref/lk_customize/platform/kunlun/secure.mod.o
                0x0000000000144514                uart_getc
 .text.uart_get_current_port
                0x0000000000144550        0x4 lk_customize/build-spl_d9_ref/lk_customize/platform/kunlun/secure.mod.o
                0x0000000000144550                uart_get_current_port
 .text.register_int_handler
                0x0000000000144554       0x54 lk_customize/build-spl_d9_ref/lk_customize/platform/kunlun/secure.mod.o
                0x0000000000144554                register_int_handler
 .text.mask_interrupt
                0x00000000001445a8       0x50 lk_customize/build-spl_d9_ref/lk_customize/platform/kunlun/secure.mod.o
                0x00000000001445a8                mask_interrupt
 .text.unmask_interrupt
                0x00000000001445f8       0x50 lk_customize/build-spl_d9_ref/lk_customize/platform/kunlun/secure.mod.o
                0x00000000001445f8                unmask_interrupt
 .text.arm_gic_init_early
                0x0000000000144648       0x48 lk_customize/build-spl_d9_ref/lk_customize/platform/kunlun/secure.mod.o
                0x0000000000144648                arm_gic_init_early
 .text.platform_tick
                0x0000000000144690       0x34 lk_customize/build-spl_d9_ref/lk_customize/platform/kunlun/secure.mod.o
 .text.timer_init_early
                0x00000000001446c4       0x6c lk_customize/build-spl_d9_ref/lk_customize/platform/kunlun/secure.mod.o
                0x00000000001446c4                timer_init_early
 .text.platform_set_oneshot_timer
                0x0000000000144730       0x64 lk_customize/build-spl_d9_ref/lk_customize/platform/kunlun/secure.mod.o
                0x0000000000144730                platform_set_oneshot_timer
 .text.platform_stop_timer
                0x0000000000144794       0x20 lk_customize/build-spl_d9_ref/lk_customize/platform/kunlun/secure.mod.o
                0x0000000000144794                platform_stop_timer
 .text.current_time_hires
                0x00000000001447b4       0x1c lk_customize/build-spl_d9_ref/lk_customize/platform/kunlun/secure.mod.o
                0x00000000001447b4                current_time_hires
 .text.current_time
                0x00000000001447d0       0x1c lk_customize/build-spl_d9_ref/lk_customize/platform/kunlun/secure.mod.o
                0x00000000001447d0                current_time
 .text          0x00000000001447ec      0x6cc lk_customize/build-spl_d9_ref/lk/arch/arm.mod.o
                0x00000000001447ec                arm_context_switch
                0x0000000000144804                arm_save_mode_regs
                0x0000000000144860                arm_chain_load
                0x0000000000144878                arch_disable_cache
                0x00000000001448d4                arch_enable_cache
                0x0000000000144a58                arch_clean_cache_range_asm
                0x0000000000144a7c                arch_clean_invalidate_cache_range_asm
                0x0000000000144aa0                arch_invalidate_cache_range_asm
                0x0000000000144ac4                arch_sync_cache_range_asm
                0x0000000000144ae0                _arch_enable_ints
                0x0000000000144af0                _arch_disable_ints
                0x0000000000144b00                _atomic_swap
                0x0000000000144b18                _atomic_add
                0x0000000000144b34                _atomic_and
                0x0000000000144b50                _atomic_or
                0x0000000000144b6c                arch_spin_trylock
                0x0000000000144b88                arch_spin_lock
                0x0000000000144bac                arch_spin_unlock
                0x0000000000144bc4                arch_idle
                0x0000000000144bcc                arm_invalidate_tlb
                0x0000000000144bd8                arm_undefined
                0x0000000000144c30                arm_syscall
                0x0000000000144c88                arm_prefetch_abort
                0x0000000000144ce4                arm_data_abort
                0x0000000000144d40                arm_reserved
                0x0000000000144d44                arm_irq
                0x0000000000144dc8                arm_fiq
                0x0000000000144e24                arch_copy_to_user
                0x0000000000144e44                arch_copy_from_user
                0x0000000000144e64                arch_strlcpy_from_user
 .text.dump_mode_regs
                0x0000000000144eb8      0x2cc lk_customize/build-spl_d9_ref/lk/arch/arm.mod.o
 .text.exception_die
                0x0000000000145184       0xac lk_customize/build-spl_d9_ref/lk/arch/arm.mod.o
 .text.arm_syscall_handler
                0x0000000000145230       0x10 lk_customize/build-spl_d9_ref/lk/arch/arm.mod.o
                0x0000000000145230                arm_syscall_handler
 .text.arm_undefined_handler
                0x0000000000145240       0xf0 lk_customize/build-spl_d9_ref/lk/arch/arm.mod.o
                0x0000000000145240                arm_undefined_handler
 .text.arm_data_abort_handler
                0x0000000000145330      0x1bc lk_customize/build-spl_d9_ref/lk/arch/arm.mod.o
                0x0000000000145330                arm_data_abort_handler
 .text.arm_prefetch_abort_handler
                0x00000000001454ec       0xf0 lk_customize/build-spl_d9_ref/lk/arch/arm.mod.o
                0x00000000001454ec                arm_prefetch_abort_handler
 .text.arm_fpu_set_enable
                0x00000000001455dc       0x10 lk_customize/build-spl_d9_ref/lk/arch/arm.mod.o
                0x00000000001455dc                arm_fpu_set_enable
 .text.arm_fpu_undefined_instruction
                0x00000000001455ec       0x80 lk_customize/build-spl_d9_ref/lk/arch/arm.mod.o
                0x00000000001455ec                arm_fpu_undefined_instruction
 .text.arm_fpu_thread_initialize
                0x000000000014566c       0x20 lk_customize/build-spl_d9_ref/lk/arch/arm.mod.o
                0x000000000014566c                arm_fpu_thread_initialize
 .text.arm_fpu_thread_swap
                0x000000000014568c       0x58 lk_customize/build-spl_d9_ref/lk/arch/arm.mod.o
                0x000000000014568c                arm_fpu_thread_swap
 .text.initial_thread_func
                0x00000000001456e4       0x24 lk_customize/build-spl_d9_ref/lk/arch/arm.mod.o
 .text.arch_thread_initialize
                0x0000000000145708       0x38 lk_customize/build-spl_d9_ref/lk/arch/arm.mod.o
                0x0000000000145708                arch_thread_initialize
 .text.arch_context_switch
                0x0000000000145740       0x18 lk_customize/build-spl_d9_ref/lk/arch/arm.mod.o
                0x0000000000145740                arch_context_switch
 .text.mpu_add_region
                0x0000000000145758      0x104 lk_customize/build-spl_d9_ref/lk/arch/arm.mod.o
                0x0000000000145758                mpu_add_region
 .text.mpu_enable
                0x000000000014585c       0x28 lk_customize/build-spl_d9_ref/lk/arch/arm.mod.o
                0x000000000014585c                mpu_enable
 .text.tcm_get_size
                0x0000000000145884       0x54 lk_customize/build-spl_d9_ref/lk/arch/arm.mod.o
                0x0000000000145884                tcm_get_size
 .text.tcm_enable
                0x00000000001458d8       0xd8 lk_customize/build-spl_d9_ref/lk/arch/arm.mod.o
                0x00000000001458d8                tcm_enable
 .text.arch_clean_cache_range
                0x00000000001459b0        0x4 lk_customize/build-spl_d9_ref/lk/arch/arm.mod.o
                0x00000000001459b0                arch_clean_cache_range
 .text.arch_clean_invalidate_cache_range
                0x00000000001459b4        0x4 lk_customize/build-spl_d9_ref/lk/arch/arm.mod.o
                0x00000000001459b4                arch_clean_invalidate_cache_range
 .text.arch_invalidate_cache_range
                0x00000000001459b8        0x4 lk_customize/build-spl_d9_ref/lk/arch/arm.mod.o
                0x00000000001459b8                arch_invalidate_cache_range
 .text.arch_early_init
                0x00000000001459bc       0x80 lk_customize/build-spl_d9_ref/lk/arch/arm.mod.o
                0x00000000001459bc                arch_early_init
 .text.arch_init
                0x0000000000145a3c        0x4 lk_customize/build-spl_d9_ref/lk/arch/arm.mod.o
                0x0000000000145a3c                arch_init
 .text.lk_init_level
                0x0000000000145a40       0xd0 lk_customize/build-spl_d9_ref/lk/top.mod.o
                0x0000000000145a40                lk_init_level
 .text.bootstrap2
                0x0000000000145b10       0x6c lk_customize/build-spl_d9_ref/lk/top.mod.o
 .text.lk_main  0x0000000000145b7c       0xec lk_customize/build-spl_d9_ref/lk/top.mod.o
                0x0000000000145b7c                lk_main
 .text.app_thread_entry
                0x0000000000145c68        0xc lk_customize/build-spl_d9_ref/lk/app.mod.o
 .text.apps_init
                0x0000000000145c74       0xa0 lk_customize/build-spl_d9_ref/lk/app.mod.o
                0x0000000000145c74                apps_init
 .text.shell_entry
                0x0000000000145d14        0x4 lk_customize/build-spl_d9_ref/lk/app/shell.mod.o
 .text.shell_init
                0x0000000000145d18        0x4 lk_customize/build-spl_d9_ref/lk/app/shell.mod.o
 .text.cmd_board_rst
                0x0000000000145d1c       0x14 lk_customize/build-spl_d9_ref/lk_customize/application/system/spl.mod.o
                0x0000000000145d1c                cmd_board_rst
 .text.setup_pll
                0x0000000000145d30       0x30 lk_customize/build-spl_d9_ref/lk_customize/application/system/spl.mod.o
 .text.default_complete
                0x0000000000145d60       0x14 lk_customize/build-spl_d9_ref/lk_customize/application/system/spl.mod.o
 *fill*         0x0000000000145d74        0x4 
 .text.spl_init
                0x0000000000145d78       0x90 lk_customize/build-spl_d9_ref/lk_customize/application/system/spl.mod.o
 .text.cmd_spl_init
                0x0000000000145e08        0xc lk_customize/build-spl_d9_ref/lk_customize/application/system/spl.mod.o
                0x0000000000145e08                cmd_spl_init
 .text.cmd_md5_proc
                0x0000000000145e14       0xdc lk_customize/build-spl_d9_ref/lk_customize/application/system/spl.mod.o
 .text.setup_noc_clk
                0x0000000000145ef0       0x70 lk_customize/build-spl_d9_ref/lk_customize/application/system/spl.mod.o
                0x0000000000145ef0                setup_noc_clk
 .text.setup_his_clk
                0x0000000000145f60       0x88 lk_customize/build-spl_d9_ref/lk_customize/application/system/spl.mod.o
                0x0000000000145f60                setup_his_clk
 .text.spl_launch_nextimage
                0x0000000000145fe8      0x498 lk_customize/build-spl_d9_ref/lk_customize/application/system/spl.mod.o
 .text.cmd_spl_boot
                0x0000000000146480        0xc lk_customize/build-spl_d9_ref/lk_customize/application/system/spl.mod.o
                0x0000000000146480                cmd_spl_boot
 .text.spl_main
                0x000000000014648c       0x10 lk_customize/build-spl_d9_ref/lk_customize/application/system/spl.mod.o
                0x000000000014648c                spl_main
 .text.spl_entry
                0x000000000014649c       0x10 lk_customize/build-spl_d9_ref/lk_customize/application/system/spl.mod.o
 .text.early_mbox_init
                0x00000000001464ac       0x24 lk_customize/build-spl_d9_ref/lk_customize/application/system/spl.mod.o
                0x00000000001464ac                early_mbox_init
 .text.cmd_flash_proc
                0x00000000001464d0      0x1ec lk_customize/build-spl_d9_ref/lk_customize/application/system/spl.mod.o
 .text.os_platform_early_init
                0x00000000001466bc       0xec lk_customize/build-spl_d9_ref/lk_customize/application/system/spl.mod.o
                0x00000000001466bc                os_platform_early_init
 .text.clkgen_get_default_config
                0x00000000001467a8       0x10 lk_customize/build-spl_d9_ref/lk_customize/chipdev/clkgen/sd_clkgen.mod.o
                0x00000000001467a8                clkgen_get_default_config
 .text.clkgen_fsrefclk_sel
                0x00000000001467b8       0x44 lk_customize/build-spl_d9_ref/lk_customize/chipdev/clkgen/sd_clkgen.mod.o
                0x00000000001467b8                clkgen_fsrefclk_sel
 .text.clkgen_gating_enable
                0x00000000001467fc       0x4c lk_customize/build-spl_d9_ref/lk_customize/chipdev/clkgen/sd_clkgen.mod.o
                0x00000000001467fc                clkgen_gating_enable
 .text.clkgen_ip_slice_set
                0x0000000000146848       0xc8 lk_customize/build-spl_d9_ref/lk_customize/chipdev/clkgen/sd_clkgen.mod.o
                0x0000000000146848                clkgen_ip_slice_set
 .text.clkgen_ip_ctl_get
                0x0000000000146910        0xc lk_customize/build-spl_d9_ref/lk_customize/chipdev/clkgen/sd_clkgen.mod.o
                0x0000000000146910                clkgen_ip_ctl_get
 .text.clkgen_ip_ctl_set
                0x000000000014691c       0xb0 lk_customize/build-spl_d9_ref/lk_customize/chipdev/clkgen/sd_clkgen.mod.o
                0x000000000014691c                clkgen_ip_ctl_set
 .text.clkgen_bus_slice_switch
                0x00000000001469cc      0x238 lk_customize/build-spl_d9_ref/lk_customize/chipdev/clkgen/sd_clkgen.mod.o
                0x00000000001469cc                clkgen_bus_slice_switch
 .text.clkgen_bus_ctl_get
                0x0000000000146c04       0x34 lk_customize/build-spl_d9_ref/lk_customize/chipdev/clkgen/sd_clkgen.mod.o
                0x0000000000146c04                clkgen_bus_ctl_get
 .text.clkgen_bus_ctl_set
                0x0000000000146c38      0x240 lk_customize/build-spl_d9_ref/lk_customize/chipdev/clkgen/sd_clkgen.mod.o
                0x0000000000146c38                clkgen_bus_ctl_set
 .text.clkgen_core_slice_switch
                0x0000000000146e78      0x124 lk_customize/build-spl_d9_ref/lk_customize/chipdev/clkgen/sd_clkgen.mod.o
                0x0000000000146e78                clkgen_core_slice_switch
 .text.clkgen_core_ctl_get
                0x0000000000146f9c       0x10 lk_customize/build-spl_d9_ref/lk_customize/chipdev/clkgen/sd_clkgen.mod.o
                0x0000000000146f9c                clkgen_core_ctl_get
 .text.clkgen_core_ctl_set
                0x0000000000146fac      0x110 lk_customize/build-spl_d9_ref/lk_customize/chipdev/clkgen/sd_clkgen.mod.o
                0x0000000000146fac                clkgen_core_ctl_set
 .text.clkgen_mon_ip_slice
                0x00000000001470bc      0x12c lk_customize/build-spl_d9_ref/lk_customize/chipdev/clkgen/sd_clkgen.mod.o
                0x00000000001470bc                clkgen_mon_ip_slice
 .text.clkgen_mon_bus_slice
                0x00000000001471e8      0x130 lk_customize/build-spl_d9_ref/lk_customize/chipdev/clkgen/sd_clkgen.mod.o
                0x00000000001471e8                clkgen_mon_bus_slice
 .text.clkgen_mon_core_slice
                0x0000000000147318      0x12c lk_customize/build-spl_d9_ref/lk_customize/chipdev/clkgen/sd_clkgen.mod.o
                0x0000000000147318                clkgen_mon_core_slice
 .text.clkgen_uuu_clock_wrapper
                0x0000000000147444       0x7c lk_customize/build-spl_d9_ref/lk_customize/chipdev/clkgen/sd_clkgen.mod.o
                0x0000000000147444                clkgen_uuu_clock_wrapper
 .text.clkgen_uuu_ctl_get
                0x00000000001474c0       0x10 lk_customize/build-spl_d9_ref/lk_customize/chipdev/clkgen/sd_clkgen.mod.o
                0x00000000001474c0                clkgen_uuu_ctl_get
 .text.clkgen_uuu_ctl_set
                0x00000000001474d0       0x58 lk_customize/build-spl_d9_ref/lk_customize/chipdev/clkgen/sd_clkgen.mod.o
                0x00000000001474d0                clkgen_uuu_ctl_set
 .text.clkgen_ipslice_debug_enable
                0x0000000000147528       0x3c lk_customize/build-spl_d9_ref/lk_customize/chipdev/clkgen/sd_clkgen.mod.o
                0x0000000000147528                clkgen_ipslice_debug_enable
 .text.clkgen_ipslice_debug_disable
                0x0000000000147564       0x2c lk_customize/build-spl_d9_ref/lk_customize/chipdev/clkgen/sd_clkgen.mod.o
                0x0000000000147564                clkgen_ipslice_debug_disable
 .text.clkgen_busslice_debug_enable
                0x0000000000147590       0x40 lk_customize/build-spl_d9_ref/lk_customize/chipdev/clkgen/sd_clkgen.mod.o
                0x0000000000147590                clkgen_busslice_debug_enable
 .text.clkgen_busslice_debug_disable
                0x00000000001475d0        0x4 lk_customize/build-spl_d9_ref/lk_customize/chipdev/clkgen/sd_clkgen.mod.o
                0x00000000001475d0                clkgen_busslice_debug_disable
 .text.clkgen_coreslice_debug_enable
                0x00000000001475d4       0x38 lk_customize/build-spl_d9_ref/lk_customize/chipdev/clkgen/sd_clkgen.mod.o
                0x00000000001475d4                clkgen_coreslice_debug_enable
 .text.clkgen_coreslice_debug_disable
                0x000000000014760c        0x4 lk_customize/build-spl_d9_ref/lk_customize/chipdev/clkgen/sd_clkgen.mod.o
                0x000000000014760c                clkgen_coreslice_debug_disable
 .text.clkgen_uuuslice_debug_enable
                0x0000000000147610       0x40 lk_customize/build-spl_d9_ref/lk_customize/chipdev/clkgen/sd_clkgen.mod.o
                0x0000000000147610                clkgen_uuuslice_debug_enable
 .text.clkgen_uuuslice_debug_disable
                0x0000000000147650       0x2c lk_customize/build-spl_d9_ref/lk_customize/chipdev/clkgen/sd_clkgen.mod.o
                0x0000000000147650                clkgen_uuuslice_debug_disable
 .text.sram_config
                0x000000000014767c       0x38 lk_customize/build-spl_d9_ref/lk_customize/chipdev/crypto/silex.mod.o
                0x000000000014767c                sram_config
 .text.trng_irq_handle
                0x00000000001476b4       0x14 lk_customize/build-spl_d9_ref/lk_customize/chipdev/crypto/silex.mod.o
                0x00000000001476b4                trng_irq_handle
 .text.ce_globle_init
                0x00000000001476c8       0x98 lk_customize/build-spl_d9_ref/lk_customize/chipdev/crypto/silex.mod.o
                0x00000000001476c8                ce_globle_init
 .text.dwc_ddrphy_fw_monitor_loop
                0x0000000000147760       0xc0 lk_customize/build-spl_d9_ref/lk_customize/chipdev/ddr/dw_umctl2.mod.o
                0x0000000000147760                dwc_ddrphy_fw_monitor_loop
 .text._dwc_ddrphy_phyinit_userCustom_H_readMsgBlock_
                0x0000000000147820      0x238 lk_customize/build-spl_d9_ref/lk_customize/chipdev/ddr/dw_umctl2.mod.o
                0x0000000000147820                _dwc_ddrphy_phyinit_userCustom_H_readMsgBlock_
 .text._timing_reg_update_after_training_
                0x0000000000147a58      0x338 lk_customize/build-spl_d9_ref/lk_customize/chipdev/ddr/dw_umctl2.mod.o
                0x0000000000147a58                _timing_reg_update_after_training_
 .text.load_ddr_training_fw
                0x0000000000147d90       0xa4 lk_customize/build-spl_d9_ref/lk_customize/chipdev/ddr/dw_umctl2.mod.o
                0x0000000000147d90                load_ddr_training_fw
 .text.platform_earlycopy
                0x0000000000147e34       0x3c lk_customize/build-spl_d9_ref/lk_customize/chipdev/earlycopy.mod.o
                0x0000000000147e34                platform_earlycopy
 .text.fuse_program_raw
                0x0000000000147e70       0x78 lk_customize/build-spl_d9_ref/lk_customize/chipdev/fuse_ctrl.mod.o
 .text.fuse_read
                0x0000000000147ee8       0x10 lk_customize/build-spl_d9_ref/lk_customize/chipdev/fuse_ctrl.mod.o
                0x0000000000147ee8                fuse_read
 .text.fuse_sense
                0x0000000000147ef8       0x74 lk_customize/build-spl_d9_ref/lk_customize/chipdev/fuse_ctrl.mod.o
                0x0000000000147ef8                fuse_sense
 .text.cmd_fuse_sense
                0x0000000000147f6c       0x40 lk_customize/build-spl_d9_ref/lk_customize/chipdev/fuse_ctrl.mod.o
                0x0000000000147f6c                cmd_fuse_sense
 .text.fuse_program
                0x0000000000147fac       0x88 lk_customize/build-spl_d9_ref/lk_customize/chipdev/fuse_ctrl.mod.o
                0x0000000000147fac                fuse_program
 .text.cmd_fuse_program
                0x0000000000148034       0x14 lk_customize/build-spl_d9_ref/lk_customize/chipdev/fuse_ctrl.mod.o
                0x0000000000148034                cmd_fuse_program
 .text.dw_i2c_config
                0x0000000000148048       0xc8 lk_customize/build-spl_d9_ref/lk_customize/chipdev/i2c/dw_i2c.mod.o
 .text.i2c_irq_handler
                0x0000000000148110      0x258 lk_customize/build-spl_d9_ref/lk_customize/chipdev/i2c/dw_i2c.mod.o
 .text.dw_i2c_wait_fifo_clear
                0x0000000000148368       0x20 lk_customize/build-spl_d9_ref/lk_customize/chipdev/i2c/dw_i2c.mod.o
 .text.dw_i2c_wait_bus_not_busy
                0x0000000000148388       0x38 lk_customize/build-spl_d9_ref/lk_customize/chipdev/i2c/dw_i2c.mod.o
 .text.dw_i2c_set_busconfig
                0x00000000001483c0       0xa0 lk_customize/build-spl_d9_ref/lk_customize/chipdev/i2c/dw_i2c.mod.o
                0x00000000001483c0                dw_i2c_set_busconfig
 .text.dw_i2c_init_after
                0x0000000000148460       0x1c lk_customize/build-spl_d9_ref/lk_customize/chipdev/i2c/dw_i2c.mod.o
                0x0000000000148460                dw_i2c_init_after
 .text.dw_i2c_transfer
                0x000000000014847c       0xc4 lk_customize/build-spl_d9_ref/lk_customize/chipdev/i2c/dw_i2c.mod.o
                0x000000000014847c                dw_i2c_transfer
 .text.dw_i2c_transmit
                0x0000000000148540       0xcc lk_customize/build-spl_d9_ref/lk_customize/chipdev/i2c/dw_i2c.mod.o
                0x0000000000148540                dw_i2c_transmit
 .text.dw_i2c_receive
                0x000000000014860c       0xdc lk_customize/build-spl_d9_ref/lk_customize/chipdev/i2c/dw_i2c.mod.o
                0x000000000014860c                dw_i2c_receive
 .text.dw_i2c_slave_receive
                0x00000000001486e8       0xc8 lk_customize/build-spl_d9_ref/lk_customize/chipdev/i2c/dw_i2c.mod.o
                0x00000000001486e8                dw_i2c_slave_receive
 .text.dw_i2c_scan
                0x00000000001487b0       0x68 lk_customize/build-spl_d9_ref/lk_customize/chipdev/i2c/dw_i2c.mod.o
                0x00000000001487b0                dw_i2c_scan
 .text.dw_i2c_write_reg_data
                0x0000000000148818       0xf8 lk_customize/build-spl_d9_ref/lk_customize/chipdev/i2c/dw_i2c.mod.o
                0x0000000000148818                dw_i2c_write_reg_data
 .text.dw_i2c_read_reg_data
                0x0000000000148910       0xe8 lk_customize/build-spl_d9_ref/lk_customize/chipdev/i2c/dw_i2c.mod.o
                0x0000000000148910                dw_i2c_read_reg_data
 .text.dw_i2c_common_xfer
                0x00000000001489f8      0x164 lk_customize/build-spl_d9_ref/lk_customize/chipdev/i2c/dw_i2c.mod.o
                0x00000000001489f8                dw_i2c_common_xfer
 .text.arm_gic_init_percpu
                0x0000000000148b5c       0x1c lk_customize/build-spl_d9_ref/lk_customize/chipdev/interrupt/arm_gic.mod.o
 .text.arm_gic_suspend_cpu
                0x0000000000148b78        0x4 lk_customize/build-spl_d9_ref/lk_customize/chipdev/interrupt/arm_gic.mod.o
 .text.arm_gic_register_int_handler
                0x0000000000148b7c       0x58 lk_customize/build-spl_d9_ref/lk_customize/chipdev/interrupt/arm_gic.mod.o
                0x0000000000148b7c                arm_gic_register_int_handler
 .text.arm_gic_init
                0x0000000000148bd4       0x98 lk_customize/build-spl_d9_ref/lk_customize/chipdev/interrupt/arm_gic.mod.o
                0x0000000000148bd4                arm_gic_init
 .text.arm_gic_resume_cpu
                0x0000000000148c6c       0x44 lk_customize/build-spl_d9_ref/lk_customize/chipdev/interrupt/arm_gic.mod.o
 .text.arm_gic_set_priority
                0x0000000000148cb0       0x48 lk_customize/build-spl_d9_ref/lk_customize/chipdev/interrupt/arm_gic.mod.o
                0x0000000000148cb0                arm_gic_set_priority
 .text.arm_gic_mask_interrupt
                0x0000000000148cf8       0x40 lk_customize/build-spl_d9_ref/lk_customize/chipdev/interrupt/arm_gic.mod.o
                0x0000000000148cf8                arm_gic_mask_interrupt
 .text.arm_gic_unmask_interrupt
                0x0000000000148d38       0x40 lk_customize/build-spl_d9_ref/lk_customize/chipdev/interrupt/arm_gic.mod.o
                0x0000000000148d38                arm_gic_unmask_interrupt
 .text.platform_irq
                0x0000000000148d78       0x70 lk_customize/build-spl_d9_ref/lk_customize/chipdev/interrupt/arm_gic.mod.o
                0x0000000000148d78                platform_irq
 .text.platform_fiq
                0x0000000000148de8       0x18 lk_customize/build-spl_d9_ref/lk_customize/chipdev/interrupt/arm_gic.mod.o
                0x0000000000148de8                platform_fiq
 .text.sd_mu_write_rom_msg
                0x0000000000148e00       0xe4 lk_customize/build-spl_d9_ref/lk_customize/chipdev/mailbox/sd_mbox.mod.o
 .text.sd_mu_alloc_msg
                0x0000000000148ee4       0x68 lk_customize/build-spl_d9_ref/lk_customize/chipdev/mailbox/sd_mbox.mod.o
                0x0000000000148ee4                sd_mu_alloc_msg
 .text.sd_mbox_send_data
                0x0000000000148f4c      0x11c lk_customize/build-spl_d9_ref/lk_customize/chipdev/mailbox/sd_mbox.mod.o
                0x0000000000148f4c                sd_mbox_send_data
 .text.sd_mbox_cancel_lastsend
                0x0000000000149068       0x40 lk_customize/build-spl_d9_ref/lk_customize/chipdev/mailbox/sd_mbox.mod.o
                0x0000000000149068                sd_mbox_cancel_lastsend
 .text.sd_mbox_last_tx_done
                0x00000000001490a8       0x28 lk_customize/build-spl_d9_ref/lk_customize/chipdev/mailbox/sd_mbox.mod.o
                0x00000000001490a8                sd_mbox_last_tx_done
 .text.sd_mbox_request_channel
                0x00000000001490d0       0x60 lk_customize/build-spl_d9_ref/lk_customize/chipdev/mailbox/sd_mbox.mod.o
                0x00000000001490d0                sd_mbox_request_channel
 .text.sd_mbox_free_channel
                0x0000000000149130       0x44 lk_customize/build-spl_d9_ref/lk_customize/chipdev/mailbox/sd_mbox.mod.o
                0x0000000000149130                sd_mbox_free_channel
 .text.sd_mu_echo_test
                0x0000000000149174       0xa4 lk_customize/build-spl_d9_ref/lk_customize/chipdev/mailbox/sd_mbox.mod.o
                0x0000000000149174                sd_mu_echo_test
 .text.sd_mbox_rx_interrupt
                0x0000000000149218      0x170 lk_customize/build-spl_d9_ref/lk_customize/chipdev/mailbox/sd_mbox.mod.o
                0x0000000000149218                sd_mbox_rx_interrupt
 .text.sd_mbox_probe
                0x0000000000149388       0xbc lk_customize/build-spl_d9_ref/lk_customize/chipdev/mailbox/sd_mbox.mod.o
                0x0000000000149388                sd_mbox_probe
 .text.sdhci_set_bus_power_on
                0x0000000000149444       0x34 lk_customize/build-spl_d9_ref/lk_customize/chipdev/mmc.mod.o
 .text.sdhci_dumpregs.isra.7
                0x0000000000149478      0x108 lk_customize/build-spl_d9_ref/lk_customize/chipdev/mmc.mod.o
 .text.sdhci_irq_handle
                0x0000000000149580      0x130 lk_customize/build-spl_d9_ref/lk_customize/chipdev/mmc.mod.o
                0x0000000000149580                sdhci_irq_handle
 .text.sdhci_reset
                0x00000000001496b0       0x44 lk_customize/build-spl_d9_ref/lk_customize/chipdev/mmc.mod.o
                0x00000000001496b0                sdhci_reset
 .text.sdhci_set_uhs_mode
                0x00000000001496f4       0x3c lk_customize/build-spl_d9_ref/lk_customize/chipdev/mmc.mod.o
                0x00000000001496f4                sdhci_set_uhs_mode
 .text.sdhci_set_bus_width
                0x0000000000149730       0x3c lk_customize/build-spl_d9_ref/lk_customize/chipdev/mmc.mod.o
                0x0000000000149730                sdhci_set_bus_width
 .text.sdhci_send_command
                0x000000000014976c      0x4e0 lk_customize/build-spl_d9_ref/lk_customize/chipdev/mmc.mod.o
                0x000000000014976c                sdhci_send_command
 .text.sdhci_data_thread
                0x0000000000149c4c      0x10c lk_customize/build-spl_d9_ref/lk_customize/chipdev/mmc.mod.o
 .text.sdhci_execute_tuning
                0x0000000000149d58      0x180 lk_customize/build-spl_d9_ref/lk_customize/chipdev/mmc.mod.o
                0x0000000000149d58                sdhci_execute_tuning
 .text.sdhci_init
                0x0000000000149ed8      0x184 lk_customize/build-spl_d9_ref/lk_customize/chipdev/mmc.mod.o
                0x0000000000149ed8                sdhci_init
 .text.mmc_get_card_status.isra.4
                0x000000000014a05c       0x40 lk_customize/build-spl_d9_ref/lk_customize/chipdev/mmc.mod.o
 .text.mmc_switch_cmd
                0x000000000014a09c       0xd4 lk_customize/build-spl_d9_ref/lk_customize/chipdev/mmc.mod.o
 .text.mmc_set_bus_width
                0x000000000014a170       0x24 lk_customize/build-spl_d9_ref/lk_customize/chipdev/mmc.mod.o
 .text.mmc_set_hs_interface
                0x000000000014a194       0x34 lk_customize/build-spl_d9_ref/lk_customize/chipdev/mmc.mod.o
 .text.mmc_set_ddr_mode
                0x000000000014a1c8       0x70 lk_customize/build-spl_d9_ref/lk_customize/chipdev/mmc.mod.o
 .text.mmc_send_app_cmd.isra.9
                0x000000000014a238       0x40 lk_customize/build-spl_d9_ref/lk_customize/chipdev/mmc.mod.o
 .text.mmc_parse_response
                0x000000000014a278       0x94 lk_customize/build-spl_d9_ref/lk_customize/chipdev/mmc.mod.o
 .text.mmc_stop_command
                0x000000000014a30c       0x60 lk_customize/build-spl_d9_ref/lk_customize/chipdev/mmc.mod.o
 .text.mmc_set_hs200_mode
                0x000000000014a36c       0x9c lk_customize/build-spl_d9_ref/lk_customize/chipdev/mmc.mod.o
 .text.mmc_get_ext_csd.isra.13
                0x000000000014a408       0x78 lk_customize/build-spl_d9_ref/lk_customize/chipdev/mmc.mod.o
 .text.mmc_sdhci_switch_part.part.16
                0x000000000014a480       0x48 lk_customize/build-spl_d9_ref/lk_customize/chipdev/mmc.mod.o
 .text.mmc_set_hs400_mode
                0x000000000014a4c8       0xf8 lk_customize/build-spl_d9_ref/lk_customize/chipdev/mmc.mod.o
                0x000000000014a4c8                mmc_set_hs400_mode
 .text.mmc_sd_card_init
                0x000000000014a5c0      0x140 lk_customize/build-spl_d9_ref/lk_customize/chipdev/mmc.mod.o
                0x000000000014a5c0                mmc_sd_card_init
 .text.mmc_sd_set_bus_width
                0x000000000014a700       0x60 lk_customize/build-spl_d9_ref/lk_customize/chipdev/mmc.mod.o
                0x000000000014a700                mmc_sd_set_bus_width
 .text.mmc_sd_set_hs
                0x000000000014a760       0x78 lk_customize/build-spl_d9_ref/lk_customize/chipdev/mmc.mod.o
                0x000000000014a760                mmc_sd_set_hs
 .text.mmc_sdhci_init
                0x000000000014a7d8      0xbb4 lk_customize/build-spl_d9_ref/lk_customize/chipdev/mmc.mod.o
                0x000000000014a7d8                mmc_sdhci_init
 .text.mmc_sdhci_read
                0x000000000014b38c       0xe4 lk_customize/build-spl_d9_ref/lk_customize/chipdev/mmc.mod.o
                0x000000000014b38c                mmc_sdhci_read
 .text.mmc_sdhci_write
                0x000000000014b470       0xdc lk_customize/build-spl_d9_ref/lk_customize/chipdev/mmc.mod.o
                0x000000000014b470                mmc_sdhci_write
 .text.mmc_sdhci_erase
                0x000000000014b54c      0x324 lk_customize/build-spl_d9_ref/lk_customize/chipdev/mmc.mod.o
                0x000000000014b54c                mmc_sdhci_erase
 .text.mmc_sdhci_switch_part
                0x000000000014b870       0x14 lk_customize/build-spl_d9_ref/lk_customize/chipdev/mmc.mod.o
                0x000000000014b870                mmc_sdhci_switch_part
 .text.pll_config
                0x000000000014b884      0x2fc lk_customize/build-spl_d9_ref/lk_customize/chipdev/pll.mod.o
                0x000000000014b884                pll_config
 .text.pll_config_get
                0x000000000014bb80       0xcc lk_customize/build-spl_d9_ref/lk_customize/chipdev/pll.mod.o
                0x000000000014bb80                pll_config_get
 .text.stuff_valid_value
                0x000000000014bc4c       0x64 lk_customize/build-spl_d9_ref/lk_customize/chipdev/pll.mod.o
                0x000000000014bc4c                stuff_valid_value
 .text.Port_SetPinMode
                0x000000000014bcb0       0xdc lk_customize/build-spl_d9_ref/lk_customize/chipdev/port/sd_port.mod.o
                0x000000000014bcb0                Port_SetPinMode
 .text.Port_SetHandle
                0x000000000014bd8c       0x30 lk_customize/build-spl_d9_ref/lk_customize/chipdev/port/sd_port.mod.o
                0x000000000014bd8c                Port_SetHandle
 .text.rstgen_get_default_config
                0x000000000014bdbc        0x8 lk_customize/build-spl_d9_ref/lk_customize/chipdev/rstgen/sd_rstgen.mod.o
                0x000000000014bdbc                rstgen_get_default_config
 .text.rstgen_init
                0x000000000014bdc4       0x3c lk_customize/build-spl_d9_ref/lk_customize/chipdev/rstgen/sd_rstgen.mod.o
                0x000000000014bdc4                rstgen_init
 .text.rstgen_global_rst_enable
                0x000000000014be00       0x14 lk_customize/build-spl_d9_ref/lk_customize/chipdev/rstgen/sd_rstgen.mod.o
                0x000000000014be00                rstgen_global_rst_enable
 .text.rstgen_global_rst_disable
                0x000000000014be14       0x18 lk_customize/build-spl_d9_ref/lk_customize/chipdev/rstgen/sd_rstgen.mod.o
                0x000000000014be14                rstgen_global_rst_disable
 .text.rstgen_sw_self_rst
                0x000000000014be2c       0x1c lk_customize/build-spl_d9_ref/lk_customize/chipdev/rstgen/sd_rstgen.mod.o
                0x000000000014be2c                rstgen_sw_self_rst
 .text.rstgen_sw_oth_rst
                0x000000000014be48       0x1c lk_customize/build-spl_d9_ref/lk_customize/chipdev/rstgen/sd_rstgen.mod.o
                0x000000000014be48                rstgen_sw_oth_rst
 .text.rstgen_get_rst_sta
                0x000000000014be64        0x8 lk_customize/build-spl_d9_ref/lk_customize/chipdev/rstgen/sd_rstgen.mod.o
                0x000000000014be64                rstgen_get_rst_sta
 .text.rstgen_iso_enable
                0x000000000014be6c       0x10 lk_customize/build-spl_d9_ref/lk_customize/chipdev/rstgen/sd_rstgen.mod.o
                0x000000000014be6c                rstgen_iso_enable
 .text.rstgen_iso_status
                0x000000000014be7c        0xc lk_customize/build-spl_d9_ref/lk_customize/chipdev/rstgen/sd_rstgen.mod.o
                0x000000000014be7c                rstgen_iso_status
 .text.rstgen_iso_disable
                0x000000000014be88        0xc lk_customize/build-spl_d9_ref/lk_customize/chipdev/rstgen/sd_rstgen.mod.o
                0x000000000014be88                rstgen_iso_disable
 .text.rstgen_core_reset
                0x000000000014be94       0x4c lk_customize/build-spl_d9_ref/lk_customize/chipdev/rstgen/sd_rstgen.mod.o
                0x000000000014be94                rstgen_core_reset
 .text.rstgen_core_ctl
                0x000000000014bee0       0x54 lk_customize/build-spl_d9_ref/lk_customize/chipdev/rstgen/sd_rstgen.mod.o
                0x000000000014bee0                rstgen_core_ctl
 .text.rstgen_module_ctl
                0x000000000014bf34       0x4c lk_customize/build-spl_d9_ref/lk_customize/chipdev/rstgen/sd_rstgen.mod.o
                0x000000000014bf34                rstgen_module_ctl
 .text.rstgen_module_status
                0x000000000014bf80        0xc lk_customize/build-spl_d9_ref/lk_customize/chipdev/rstgen/sd_rstgen.mod.o
                0x000000000014bf80                rstgen_module_status
 .text.rstgen_core_status
                0x000000000014bf8c        0xc lk_customize/build-spl_d9_ref/lk_customize/chipdev/rstgen/sd_rstgen.mod.o
                0x000000000014bf8c                rstgen_core_status
 .text.scr_get  0x000000000014bf98       0x98 lk_customize/build-spl_d9_ref/lk_customize/chipdev/scr.mod.o
                0x000000000014bf98                scr_get
 .text.scr_is_locked
                0x000000000014c030       0x94 lk_customize/build-spl_d9_ref/lk_customize/chipdev/scr.mod.o
                0x000000000014c030                scr_is_locked
 .text.scr_set  0x000000000014c0c4       0xd4 lk_customize/build-spl_d9_ref/lk_customize/chipdev/scr.mod.o
                0x000000000014c0c4                scr_set
 .text.timer_drv_cntr_set
                0x000000000014c198       0x50 lk_customize/build-spl_d9_ref/lk_customize/chipdev/timer/sd_timer.mod.o
                0x000000000014c198                timer_drv_cntr_set
 .text.timer_drv_cntr_get
                0x000000000014c1e8       0x30 lk_customize/build-spl_d9_ref/lk_customize/chipdev/timer/sd_timer.mod.o
                0x000000000014c1e8                timer_drv_cntr_get
 .text.timer_drv_ovf_set
                0x000000000014c218       0x30 lk_customize/build-spl_d9_ref/lk_customize/chipdev/timer/sd_timer.mod.o
                0x000000000014c218                timer_drv_ovf_set
 .text.timer_drv_cascade_set
                0x000000000014c248       0x14 lk_customize/build-spl_d9_ref/lk_customize/chipdev/timer/sd_timer.mod.o
                0x000000000014c248                timer_drv_cascade_set
 .text.timer_drv_clk_init
                0x000000000014c25c       0x18 lk_customize/build-spl_d9_ref/lk_customize/chipdev/timer/sd_timer.mod.o
                0x000000000014c25c                timer_drv_clk_init
 .text.timer_drv_int_sta_enable
                0x000000000014c274       0x10 lk_customize/build-spl_d9_ref/lk_customize/chipdev/timer/sd_timer.mod.o
                0x000000000014c274                timer_drv_int_sta_enable
 .text.timer_drv_int_sta_disable
                0x000000000014c284       0x10 lk_customize/build-spl_d9_ref/lk_customize/chipdev/timer/sd_timer.mod.o
                0x000000000014c284                timer_drv_int_sta_disable
 .text.timer_drv_int_sig_enable
                0x000000000014c294       0x10 lk_customize/build-spl_d9_ref/lk_customize/chipdev/timer/sd_timer.mod.o
                0x000000000014c294                timer_drv_int_sig_enable
 .text.timer_drv_int_sig_disable
                0x000000000014c2a4       0x10 lk_customize/build-spl_d9_ref/lk_customize/chipdev/timer/sd_timer.mod.o
                0x000000000014c2a4                timer_drv_int_sig_disable
 .text.timer_drv_ovf_irq_handle
                0x000000000014c2b4       0x5c lk_customize/build-spl_d9_ref/lk_customize/chipdev/timer/sd_timer.mod.o
                0x000000000014c2b4                timer_drv_ovf_irq_handle
 .text.timer_drv_func_irq_handle
                0x000000000014c310      0x220 lk_customize/build-spl_d9_ref/lk_customize/chipdev/timer/sd_timer.mod.o
                0x000000000014c310                timer_drv_func_irq_handle
 .text.timer_drv_int_sta_clear
                0x000000000014c530       0x10 lk_customize/build-spl_d9_ref/lk_customize/chipdev/timer/sd_timer.mod.o
                0x000000000014c530                timer_drv_int_sta_clear
 .text.uart_drv_init
                0x000000000014c540      0x21c lk_customize/build-spl_d9_ref/lk_customize/chipdev/uart/dw_uart.mod.o
                0x000000000014c540                uart_drv_init
 .text.uart_drv_putc
                0x000000000014c75c       0x1c lk_customize/build-spl_d9_ref/lk_customize/chipdev/uart/dw_uart.mod.o
                0x000000000014c75c                uart_drv_putc
 .text.uart_drv_int_cbk_register
                0x000000000014c778       0x18 lk_customize/build-spl_d9_ref/lk_customize/chipdev/uart/dw_uart.mod.o
                0x000000000014c778                uart_drv_int_cbk_register
 .text.uart_drv_int_src_enable
                0x000000000014c790       0x20 lk_customize/build-spl_d9_ref/lk_customize/chipdev/uart/dw_uart.mod.o
                0x000000000014c790                uart_drv_int_src_enable
 .text.uart_drv_int_src_disable
                0x000000000014c7b0       0x28 lk_customize/build-spl_d9_ref/lk_customize/chipdev/uart/dw_uart.mod.o
                0x000000000014c7b0                uart_drv_int_src_disable
 .text.uart_drv_irq_handle
                0x000000000014c7d8      0x154 lk_customize/build-spl_d9_ref/lk_customize/chipdev/uart/dw_uart.mod.o
                0x000000000014c7d8                uart_drv_irq_handle
 .text.dw_usbc_dataoutstagecb.isra.12
                0x000000000014c92c       0x80 lk_customize/build-spl_d9_ref/lk_customize/chipdev/usb/dw_usb.mod.o
 .text.dw_usbc_wakeup.part.17
                0x000000000014c9ac       0x30 lk_customize/build-spl_d9_ref/lk_customize/chipdev/usb/dw_usb.mod.o
 .text.dw_usbc_ep_trans
                0x000000000014c9dc      0x170 lk_customize/build-spl_d9_ref/lk_customize/chipdev/usb/dw_usb.mod.o
 .text.create_trb.isra.7.constprop.21
                0x000000000014cb4c       0x3c lk_customize/build-spl_d9_ref/lk_customize/chipdev/usb/dw_usb.mod.o
 .text.dw_usbc_setup_endpoint
                0x000000000014cb88      0x1f8 lk_customize/build-spl_d9_ref/lk_customize/chipdev/usb/dw_usb.mod.o
                0x000000000014cb88                dw_usbc_setup_endpoint
 .text.dw_usbc_ep0_send
                0x000000000014cd80       0x78 lk_customize/build-spl_d9_ref/lk_customize/chipdev/usb/dw_usb.mod.o
                0x000000000014cd80                dw_usbc_ep0_send
 .text.dw_usbc_ep0_recv
                0x000000000014cdf8       0x6c lk_customize/build-spl_d9_ref/lk_customize/chipdev/usb/dw_usb.mod.o
                0x000000000014cdf8                dw_usbc_ep0_recv
 .text.usbc_init
                0x000000000014ce64      0x254 lk_customize/build-spl_d9_ref/lk_customize/chipdev/usb/dw_usb.mod.o
                0x000000000014ce64                usbc_init
 .text.usbc_queue_rx
                0x000000000014d0b8       0x54 lk_customize/build-spl_d9_ref/lk_customize/chipdev/usb/dw_usb.mod.o
                0x000000000014d0b8                usbc_queue_rx
 .text.usbc_queue_tx
                0x000000000014d10c       0x50 lk_customize/build-spl_d9_ref/lk_customize/chipdev/usb/dw_usb.mod.o
                0x000000000014d10c                usbc_queue_tx
 .text.usbc_set_active
                0x000000000014d15c       0x40 lk_customize/build-spl_d9_ref/lk_customize/chipdev/usb/dw_usb.mod.o
                0x000000000014d15c                usbc_set_active
 .text.usbc_set_address
                0x000000000014d19c       0x1c lk_customize/build-spl_d9_ref/lk_customize/chipdev/usb/dw_usb.mod.o
                0x000000000014d19c                usbc_set_address
 .text.usbc_ep0_ack
                0x000000000014d1b8        0x4 lk_customize/build-spl_d9_ref/lk_customize/chipdev/usb/dw_usb.mod.o
                0x000000000014d1b8                usbc_ep0_ack
 .text.usbc_ep0_stall
                0x000000000014d1bc       0x30 lk_customize/build-spl_d9_ref/lk_customize/chipdev/usb/dw_usb.mod.o
                0x000000000014d1bc                usbc_ep0_stall
 .text.usbc_irq
                0x000000000014d1ec      0x8bc lk_customize/build-spl_d9_ref/lk_customize/chipdev/usb/dw_usb.mod.o
                0x000000000014d1ec                usbc_irq
 .text.usbc_is_highspeed
                0x000000000014daa8       0x20 lk_customize/build-spl_d9_ref/lk_customize/chipdev/usb/dw_usb.mod.o
                0x000000000014daa8                usbc_is_highspeed
 .text.usbc_setup_endpoint
                0x000000000014dac8       0x1c lk_customize/build-spl_d9_ref/lk_customize/chipdev/usb/dw_usb.mod.o
                0x000000000014dac8                usbc_setup_endpoint
 .text.usbc_ep0_send
                0x000000000014dae4        0x8 lk_customize/build-spl_d9_ref/lk_customize/chipdev/usb/dw_usb.mod.o
                0x000000000014dae4                usbc_ep0_send
 .text.dump_registers
                0x000000000014daec        0x4 lk_customize/build-spl_d9_ref/lk_customize/chipdev/usb/dw_usb.mod.o
                0x000000000014daec                dump_registers
 .text.dw_usb_dev_ll_por_srst
                0x000000000014daf0       0xfc lk_customize/build-spl_d9_ref/lk_customize/chipdev/usb/dw_usb.mod.o
                0x000000000014daf0                dw_usb_dev_ll_por_srst
 .text.dw_usb_ll_enable_irq
                0x000000000014dbec       0x30 lk_customize/build-spl_d9_ref/lk_customize/chipdev/usb/dw_usb.mod.o
                0x000000000014dbec                dw_usb_ll_enable_irq
 .text.dw_usb_ll_mask_irq
                0x000000000014dc1c       0x10 lk_customize/build-spl_d9_ref/lk_customize/chipdev/usb/dw_usb.mod.o
                0x000000000014dc1c                dw_usb_ll_mask_irq
 .text.dw_usb_ll_unmask_irq
                0x000000000014dc2c       0x10 lk_customize/build-spl_d9_ref/lk_customize/chipdev/usb/dw_usb.mod.o
                0x000000000014dc2c                dw_usb_ll_unmask_irq
 .text.dw_usb_ll_runstop
                0x000000000014dc3c       0x50 lk_customize/build-spl_d9_ref/lk_customize/chipdev/usb/dw_usb.mod.o
                0x000000000014dc3c                dw_usb_ll_runstop
 .text.dw_usb_ll_set_ep_cmd
                0x000000000014dc8c       0xf8 lk_customize/build-spl_d9_ref/lk_customize/chipdev/usb/dw_usb.mod.o
                0x000000000014dc8c                dw_usb_ll_set_ep_cmd
 .text.dw_usb_ll_set_ep_config
                0x000000000014dd84       0x1c lk_customize/build-spl_d9_ref/lk_customize/chipdev/usb/dw_usb.mod.o
                0x000000000014dd84                dw_usb_ll_set_ep_config
 .text.dw_usb_ll_set_ep_xfer_config
                0x000000000014dda0       0x1c lk_customize/build-spl_d9_ref/lk_customize/chipdev/usb/dw_usb.mod.o
                0x000000000014dda0                dw_usb_ll_set_ep_xfer_config
 .text.dw_usb_ll_get_ep_transfer_index
                0x000000000014ddbc       0x10 lk_customize/build-spl_d9_ref/lk_customize/chipdev/usb/dw_usb.mod.o
                0x000000000014ddbc                dw_usb_ll_get_ep_transfer_index
 .text.dw_usb_ll_set_link_state
                0x000000000014ddcc       0x4c lk_customize/build-spl_d9_ref/lk_customize/chipdev/usb/dw_usb.mod.o
                0x000000000014ddcc                dw_usb_ll_set_link_state
 .text.dw_usb_ll_disconnect_evt
                0x000000000014de18       0x20 lk_customize/build-spl_d9_ref/lk_customize/chipdev/usb/dw_usb.mod.o
                0x000000000014de18                dw_usb_ll_disconnect_evt
 .text.dw_usb_ll_wakeup
                0x000000000014de38       0x78 lk_customize/build-spl_d9_ref/lk_customize/chipdev/usb/dw_usb.mod.o
                0x000000000014de38                dw_usb_ll_wakeup
 .text.dw_usb_ll_set_ep_stall
                0x000000000014deb0       0x1c lk_customize/build-spl_d9_ref/lk_customize/chipdev/usb/dw_usb.mod.o
                0x000000000014deb0                dw_usb_ll_set_ep_stall
 .text.dw_usb_ll_clear_ep_stall
                0x000000000014decc       0x1c lk_customize/build-spl_d9_ref/lk_customize/chipdev/usb/dw_usb.mod.o
                0x000000000014decc                dw_usb_ll_clear_ep_stall
 .text.dw_usb_ll_ep_start_transfer
                0x000000000014dee8       0x1c lk_customize/build-spl_d9_ref/lk_customize/chipdev/usb/dw_usb.mod.o
                0x000000000014dee8                dw_usb_ll_ep_start_transfer
 .text.dw_usb_ll_ep_update_transfer
                0x000000000014df04       0x1c lk_customize/build-spl_d9_ref/lk_customize/chipdev/usb/dw_usb.mod.o
                0x000000000014df04                dw_usb_ll_ep_update_transfer
 .text.dw_usb_ll_ep_end_transfer
                0x000000000014df20       0x20 lk_customize/build-spl_d9_ref/lk_customize/chipdev/usb/dw_usb.mod.o
                0x000000000014df20                dw_usb_ll_ep_end_transfer
 .text.dw_usb_ll_set_ep_new_config
                0x000000000014df40       0x1c lk_customize/build-spl_d9_ref/lk_customize/chipdev/usb/dw_usb.mod.o
                0x000000000014df40                dw_usb_ll_set_ep_new_config
 .text.dw_usb_ll_set_ep_event_buffer
                0x000000000014df5c       0x34 lk_customize/build-spl_d9_ref/lk_customize/chipdev/usb/dw_usb.mod.o
                0x000000000014df5c                dw_usb_ll_set_ep_event_buffer
 .text.dw_usb_ll_get_ep_event_count
                0x000000000014df90       0x14 lk_customize/build-spl_d9_ref/lk_customize/chipdev/usb/dw_usb.mod.o
                0x000000000014df90                dw_usb_ll_get_ep_event_count
 .text.dw_usb_ll_clear_ep_event
                0x000000000014dfa4       0x10 lk_customize/build-spl_d9_ref/lk_customize/chipdev/usb/dw_usb.mod.o
                0x000000000014dfa4                dw_usb_ll_clear_ep_event
 .text.dw_usb_ll_ep_open
                0x000000000014dfb4       0x1c lk_customize/build-spl_d9_ref/lk_customize/chipdev/usb/dw_usb.mod.o
                0x000000000014dfb4                dw_usb_ll_ep_open
 .text.dw_usb_ll_ep_close
                0x000000000014dfd0       0x1c lk_customize/build-spl_d9_ref/lk_customize/chipdev/usb/dw_usb.mod.o
                0x000000000014dfd0                dw_usb_ll_ep_close
 .text.dw_usb_ll_set_address
                0x000000000014dfec       0x20 lk_customize/build-spl_d9_ref/lk_customize/chipdev/usb/dw_usb.mod.o
                0x000000000014dfec                dw_usb_ll_set_address
 .text.dw_usb_ll_get_cur_speed
                0x000000000014e00c        0xc lk_customize/build-spl_d9_ref/lk_customize/chipdev/usb/dw_usb.mod.o
                0x000000000014e00c                dw_usb_ll_get_cur_speed
 .text.dw_usb_ll_get_ncr_evt
                0x000000000014e018        0x8 lk_customize/build-spl_d9_ref/lk_customize/chipdev/usb/dw_usb.mod.o
                0x000000000014e018                dw_usb_ll_get_ncr_evt
 .text.dw_usb_ll_clr_ncr_evt
                0x000000000014e020       0x10 lk_customize/build-spl_d9_ref/lk_customize/chipdev/usb/dw_usb.mod.o
                0x000000000014e020                dw_usb_ll_clr_ncr_evt
 .text.wdg_unlock
                0x000000000014e030       0x68 lk_customize/build-spl_d9_ref/lk_customize/chipdev/wdg/sd_wdg.mod.o
 .text.wdg_addr_to_number
                0x000000000014e098       0xb8 lk_customize/build-spl_d9_ref/lk_customize/chipdev/wdg/sd_wdg.mod.o
 .text.wdg_get_default_config
                0x000000000014e150       0x90 lk_customize/build-spl_d9_ref/lk_customize/chipdev/wdg/sd_wdg.mod.o
                0x000000000014e150                wdg_get_default_config
 .text.wdg_set_timeout
                0x000000000014e1e0       0x9c lk_customize/build-spl_d9_ref/lk_customize/chipdev/wdg/sd_wdg.mod.o
                0x000000000014e1e0                wdg_set_timeout
 .text.wdg_set_window_limit
                0x000000000014e27c       0x98 lk_customize/build-spl_d9_ref/lk_customize/chipdev/wdg/sd_wdg.mod.o
                0x000000000014e27c                wdg_set_window_limit
 .text.wdg_set_seq_delta
                0x000000000014e314       0x98 lk_customize/build-spl_d9_ref/lk_customize/chipdev/wdg/sd_wdg.mod.o
                0x000000000014e314                wdg_set_seq_delta
 .text.wdg_refesh_mechanism_select
                0x000000000014e3ac       0xbc lk_customize/build-spl_d9_ref/lk_customize/chipdev/wdg/sd_wdg.mod.o
                0x000000000014e3ac                wdg_refesh_mechanism_select
 .text.wdg_get_refesh_mechanism
                0x000000000014e468       0x68 lk_customize/build-spl_d9_ref/lk_customize/chipdev/wdg/sd_wdg.mod.o
                0x000000000014e468                wdg_get_refesh_mechanism
 .text.wdg_init
                0x000000000014e4d0      0x180 lk_customize/build-spl_d9_ref/lk_customize/chipdev/wdg/sd_wdg.mod.o
                0x000000000014e4d0                wdg_init
 .text.wdg_deInit
                0x000000000014e650       0x70 lk_customize/build-spl_d9_ref/lk_customize/chipdev/wdg/sd_wdg.mod.o
                0x000000000014e650                wdg_deInit
 .text.wdg_set_testmode_config
                0x000000000014e6c0       0x8c lk_customize/build-spl_d9_ref/lk_customize/chipdev/wdg/sd_wdg.mod.o
                0x000000000014e6c0                wdg_set_testmode_config
 .text.wdg_enable
                0x000000000014e74c       0x94 lk_customize/build-spl_d9_ref/lk_customize/chipdev/wdg/sd_wdg.mod.o
                0x000000000014e74c                wdg_enable
 .text.wdg_disable
                0x000000000014e7e0       0x80 lk_customize/build-spl_d9_ref/lk_customize/chipdev/wdg/sd_wdg.mod.o
                0x000000000014e7e0                wdg_disable
 .text.wdg_enable_Interrupts
                0x000000000014e860       0x98 lk_customize/build-spl_d9_ref/lk_customize/chipdev/wdg/sd_wdg.mod.o
                0x000000000014e860                wdg_enable_Interrupts
 .text.wdg_disable_Interrupts
                0x000000000014e8f8       0x9c lk_customize/build-spl_d9_ref/lk_customize/chipdev/wdg/sd_wdg.mod.o
                0x000000000014e8f8                wdg_disable_Interrupts
 .text.wdg_get_status_flag
                0x000000000014e994       0x64 lk_customize/build-spl_d9_ref/lk_customize/chipdev/wdg/sd_wdg.mod.o
                0x000000000014e994                wdg_get_status_flag
 .text.wdg_clear_status_flag
                0x000000000014e9f8       0x78 lk_customize/build-spl_d9_ref/lk_customize/chipdev/wdg/sd_wdg.mod.o
                0x000000000014e9f8                wdg_clear_status_flag
 .text.wdg_refresh
                0x000000000014ea70       0x98 lk_customize/build-spl_d9_ref/lk_customize/chipdev/wdg/sd_wdg.mod.o
                0x000000000014ea70                wdg_refresh
 .text.wdg_set_reset_cnt
                0x000000000014eb08       0x68 lk_customize/build-spl_d9_ref/lk_customize/chipdev/wdg/sd_wdg.mod.o
                0x000000000014eb08                wdg_set_reset_cnt
 .text.wdg_get_reset_cnt
                0x000000000014eb70       0x58 lk_customize/build-spl_d9_ref/lk_customize/chipdev/wdg/sd_wdg.mod.o
                0x000000000014eb70                wdg_get_reset_cnt
 .text.wdg_clear_reset_cnt
                0x000000000014ebc8       0x60 lk_customize/build-spl_d9_ref/lk_customize/chipdev/wdg/sd_wdg.mod.o
                0x000000000014ebc8                wdg_clear_reset_cnt
 .text.wdg_get_ext_reset_cnt
                0x000000000014ec28       0x58 lk_customize/build-spl_d9_ref/lk_customize/chipdev/wdg/sd_wdg.mod.o
                0x000000000014ec28                wdg_get_ext_reset_cnt
 .text.wdg_clear_ext_reset_cnt
                0x000000000014ec80       0x60 lk_customize/build-spl_d9_ref/lk_customize/chipdev/wdg/sd_wdg.mod.o
                0x000000000014ec80                wdg_clear_ext_reset_cnt
 .text.wdg_Int_register
                0x000000000014ece0      0x110 lk_customize/build-spl_d9_ref/lk_customize/chipdev/wdg/sd_wdg.mod.o
                0x000000000014ece0                wdg_Int_register
 .text.wdg_int_unregister
                0x000000000014edf0      0x110 lk_customize/build-spl_d9_ref/lk_customize/chipdev/wdg/sd_wdg.mod.o
                0x000000000014edf0                wdg_int_unregister
 .text.wdg_int_clear
                0x000000000014ef00       0x88 lk_customize/build-spl_d9_ref/lk_customize/chipdev/wdg/sd_wdg.mod.o
                0x000000000014ef00                wdg_int_clear
 .text.wdg_halt_enable
                0x000000000014ef88       0x60 lk_customize/build-spl_d9_ref/lk_customize/chipdev/wdg/sd_wdg.mod.o
                0x000000000014ef88                wdg_halt_enable
 .text.wdg_halt_disable
                0x000000000014efe8       0x60 lk_customize/build-spl_d9_ref/lk_customize/chipdev/wdg/sd_wdg.mod.o
                0x000000000014efe8                wdg_halt_disable
 .text.wdg_get_cnt
                0x000000000014f048       0x54 lk_customize/build-spl_d9_ref/lk_customize/chipdev/wdg/sd_wdg.mod.o
                0x000000000014f048                wdg_get_cnt
 .text.wdg_set_reset
                0x000000000014f09c       0xc0 lk_customize/build-spl_d9_ref/lk_customize/chipdev/wdg/sd_wdg.mod.o
                0x000000000014f09c                wdg_set_reset
 .text.mbox_init
                0x000000000014f15c       0x28 lk_customize/build-spl_d9_ref/lk_customize/framework/service/base.mod.o
                0x000000000014f15c                mbox_init
 .text.dcf_init
                0x000000000014f184       0x1c lk_customize/build-spl_d9_ref/lk_customize/framework/service/base.mod.o
                0x000000000014f184                dcf_init
 .text.sysd_sem_handler
                0x000000000014f1a0       0x20 lk_customize/build-spl_d9_ref/lk_customize/framework/service/sys_diagnosis.mod.o
 .text.sysd_worker
                0x000000000014f1c0       0xf0 lk_customize/build-spl_d9_ref/lk_customize/framework/service/sys_diagnosis.mod.o
 .text.sysd_start
                0x000000000014f2b0       0x2c lk_customize/build-spl_d9_ref/lk_customize/framework/service/sys_diagnosis.mod.o
                0x000000000014f2b0                sysd_start
 .text.init_hwid_from_system.constprop.0
                0x000000000014f2dc       0x54 lk_customize/build-spl_d9_ref/lk_customize/hal/boardinfo.mod.o
 .text.get_part_id
                0x000000000014f330       0xb4 lk_customize/build-spl_d9_ref/lk_customize/hal/boardinfo.mod.o
                0x000000000014f330                get_part_id
 .text.hal_clock_get_instance
                0x000000000014f3e4       0x98 lk_customize/build-spl_d9_ref/lk_customize/hal/clkgen_hal/sd_clkgen_hal.mod.o
 .text.hal_clock_release_handle.part.2
                0x000000000014f47c       0x28 lk_customize/build-spl_d9_ref/lk_customize/hal/clkgen_hal/sd_clkgen_hal.mod.o
 .text.hal_clock_release_instance
                0x000000000014f4a4       0x48 lk_customize/build-spl_d9_ref/lk_customize/hal/clkgen_hal/sd_clkgen_hal.mod.o
 .text.hal_clock_creat_handle
                0x000000000014f4ec       0x38 lk_customize/build-spl_d9_ref/lk_customize/hal/clkgen_hal/sd_clkgen_hal.mod.o
                0x000000000014f4ec                hal_clock_creat_handle
 .text.hal_clock_release_handle
                0x000000000014f524       0x10 lk_customize/build-spl_d9_ref/lk_customize/hal/clkgen_hal/sd_clkgen_hal.mod.o
                0x000000000014f524                hal_clock_release_handle
 .text.hal_clock_osc_init
                0x000000000014f534       0x68 lk_customize/build-spl_d9_ref/lk_customize/hal/clkgen_hal/sd_clkgen_hal.mod.o
                0x000000000014f534                hal_clock_osc_init
 .text.hal_clock_enable
                0x000000000014f59c       0x68 lk_customize/build-spl_d9_ref/lk_customize/hal/clkgen_hal/sd_clkgen_hal.mod.o
                0x000000000014f59c                hal_clock_enable
 .text.hal_clock_disable
                0x000000000014f604       0x68 lk_customize/build-spl_d9_ref/lk_customize/hal/clkgen_hal/sd_clkgen_hal.mod.o
                0x000000000014f604                hal_clock_disable
 .text.hal_clock_ipclk_set
                0x000000000014f66c       0x6c lk_customize/build-spl_d9_ref/lk_customize/hal/clkgen_hal/sd_clkgen_hal.mod.o
                0x000000000014f66c                hal_clock_ipclk_set
 .text.hal_clock_ipclk_get
                0x000000000014f6d8       0x94 lk_customize/build-spl_d9_ref/lk_customize/hal/clkgen_hal/sd_clkgen_hal.mod.o
                0x000000000014f6d8                hal_clock_ipclk_get
 .text.hal_clock_ipctl_get
                0x000000000014f76c       0x60 lk_customize/build-spl_d9_ref/lk_customize/hal/clkgen_hal/sd_clkgen_hal.mod.o
                0x000000000014f76c                hal_clock_ipctl_get
 .text.hal_clock_ipctl_set
                0x000000000014f7cc       0x60 lk_customize/build-spl_d9_ref/lk_customize/hal/clkgen_hal/sd_clkgen_hal.mod.o
                0x000000000014f7cc                hal_clock_ipctl_set
 .text.hal_clock_busclk_set
                0x000000000014f82c       0xac lk_customize/build-spl_d9_ref/lk_customize/hal/clkgen_hal/sd_clkgen_hal.mod.o
                0x000000000014f82c                hal_clock_busclk_set
 .text.hal_clock_busclk_get
                0x000000000014f8d8       0x98 lk_customize/build-spl_d9_ref/lk_customize/hal/clkgen_hal/sd_clkgen_hal.mod.o
                0x000000000014f8d8                hal_clock_busclk_get
 .text.hal_clock_busctl_get
                0x000000000014f970       0x68 lk_customize/build-spl_d9_ref/lk_customize/hal/clkgen_hal/sd_clkgen_hal.mod.o
                0x000000000014f970                hal_clock_busctl_get
 .text.hal_clock_busctl_set
                0x000000000014f9d8       0x68 lk_customize/build-spl_d9_ref/lk_customize/hal/clkgen_hal/sd_clkgen_hal.mod.o
                0x000000000014f9d8                hal_clock_busctl_set
 .text.hal_clock_coreclk_get
                0x000000000014fa40       0x98 lk_customize/build-spl_d9_ref/lk_customize/hal/clkgen_hal/sd_clkgen_hal.mod.o
                0x000000000014fa40                hal_clock_coreclk_get
 .text.hal_clock_corectl_get
                0x000000000014fad8       0x64 lk_customize/build-spl_d9_ref/lk_customize/hal/clkgen_hal/sd_clkgen_hal.mod.o
                0x000000000014fad8                hal_clock_corectl_get
 .text.hal_clock_corectl_set
                0x000000000014fb3c       0x64 lk_customize/build-spl_d9_ref/lk_customize/hal/clkgen_hal/sd_clkgen_hal.mod.o
                0x000000000014fb3c                hal_clock_corectl_set
 .text.hal_clock_uuuclk_set
                0x000000000014fba0       0x88 lk_customize/build-spl_d9_ref/lk_customize/hal/clkgen_hal/sd_clkgen_hal.mod.o
                0x000000000014fba0                hal_clock_uuuclk_set
 .text.hal_clock_uuuctl_get
                0x000000000014fc28       0x68 lk_customize/build-spl_d9_ref/lk_customize/hal/clkgen_hal/sd_clkgen_hal.mod.o
                0x000000000014fc28                hal_clock_uuuctl_get
 .text.hal_clock_uuuctl_set
                0x000000000014fc90       0x68 lk_customize/build-spl_d9_ref/lk_customize/hal/clkgen_hal/sd_clkgen_hal.mod.o
                0x000000000014fc90                hal_clock_uuuctl_set
 .text.hal_clock_uuuslice_debug_enable
                0x000000000014fcf8       0x6c lk_customize/build-spl_d9_ref/lk_customize/hal/clkgen_hal/sd_clkgen_hal.mod.o
                0x000000000014fcf8                hal_clock_uuuslice_debug_enable
 .text.hal_clock_uuuslice_debug_disable
                0x000000000014fd64       0x64 lk_customize/build-spl_d9_ref/lk_customize/hal/clkgen_hal/sd_clkgen_hal.mod.o
                0x000000000014fd64                hal_clock_uuuslice_debug_disable
 .text.hal_clock_uuuclk_get
                0x000000000014fdc8       0xf4 lk_customize/build-spl_d9_ref/lk_customize/hal/clkgen_hal/sd_clkgen_hal.mod.o
                0x000000000014fdc8                hal_clock_uuuclk_get
 .text.hal_crypto_init
                0x000000000014febc        0x4 lk_customize/build-spl_d9_ref/lk_customize/hal/crypto_hal/.mod.o
                0x000000000014febc                hal_crypto_init
 .text.hal_i2c_creat_handle
                0x000000000014fec0      0x2a0 lk_customize/build-spl_d9_ref/lk_customize/hal/i2c_hal/sd_i2c_hal.mod.o
                0x000000000014fec0                hal_i2c_creat_handle
 .text.hal_i2c_release_handle
                0x0000000000150160       0x10 lk_customize/build-spl_d9_ref/lk_customize/hal/i2c_hal/sd_i2c_hal.mod.o
                0x0000000000150160                hal_i2c_release_handle
 .text.hal_i2c_get_busconfig
                0x0000000000150170       0x44 lk_customize/build-spl_d9_ref/lk_customize/hal/i2c_hal/sd_i2c_hal.mod.o
                0x0000000000150170                hal_i2c_get_busconfig
 .text.hal_i2c_set_busconfig
                0x00000000001501b4       0xa0 lk_customize/build-spl_d9_ref/lk_customize/hal/i2c_hal/sd_i2c_hal.mod.o
                0x00000000001501b4                hal_i2c_set_busconfig
 .text.hal_i2c_write_reg_data
                0x0000000000150254       0x54 lk_customize/build-spl_d9_ref/lk_customize/hal/i2c_hal/sd_i2c_hal.mod.o
                0x0000000000150254                hal_i2c_write_reg_data
 .text.hal_i2c_read_reg_data
                0x00000000001502a8       0x54 lk_customize/build-spl_d9_ref/lk_customize/hal/i2c_hal/sd_i2c_hal.mod.o
                0x00000000001502a8                hal_i2c_read_reg_data
 .text.hal_arm_gic_create_handle
                0x00000000001502fc        0x4 lk_customize/build-spl_d9_ref/lk_customize/hal/interrupt_hal/arm_gic_hal.mod.o
                0x00000000001502fc                hal_arm_gic_create_handle
 .text.hal_arm_gic_release_handle
                0x0000000000150300        0x4 lk_customize/build-spl_d9_ref/lk_customize/hal/interrupt_hal/arm_gic_hal.mod.o
                0x0000000000150300                hal_arm_gic_release_handle
 .text.hal_arm_gic_init
                0x0000000000150304       0x40 lk_customize/build-spl_d9_ref/lk_customize/hal/interrupt_hal/arm_gic_hal.mod.o
                0x0000000000150304                hal_arm_gic_init
 .text.hal_arm_gic_enable_interrupt
                0x0000000000150344       0x10 lk_customize/build-spl_d9_ref/lk_customize/hal/interrupt_hal/arm_gic_hal.mod.o
                0x0000000000150344                hal_arm_gic_enable_interrupt
 .text.hal_arm_gic_disable_interrupt
                0x0000000000150354       0x10 lk_customize/build-spl_d9_ref/lk_customize/hal/interrupt_hal/arm_gic_hal.mod.o
                0x0000000000150354                hal_arm_gic_disable_interrupt
 .text.hal_arm_gic_register_interrupt
                0x0000000000150364       0x1c lk_customize/build-spl_d9_ref/lk_customize/hal/interrupt_hal/arm_gic_hal.mod.o
                0x0000000000150364                hal_arm_gic_register_interrupt
 .text.__received_data
                0x0000000000150380       0xcc lk_customize/build-spl_d9_ref/lk_customize/hal/mbox_hal/sd_mbox_hal.mod.o
 .text.mb_irq_handler
                0x000000000015044c       0x10 lk_customize/build-spl_d9_ref/lk_customize/hal/mbox_hal/sd_mbox_hal.mod.o
 .text.__free_used_buf
                0x000000000015045c       0x3c lk_customize/build-spl_d9_ref/lk_customize/hal/mbox_hal/sd_mbox_hal.mod.o
 .text.__alloc_avail_buf
                0x0000000000150498       0x58 lk_customize/build-spl_d9_ref/lk_customize/hal/mbox_hal/sd_mbox_hal.mod.o
 .text.hal_mb_get_client_with_addr
                0x00000000001504f0       0xb8 lk_customize/build-spl_d9_ref/lk_customize/hal/mbox_hal/sd_mbox_hal.mod.o
                0x00000000001504f0                hal_mb_get_client_with_addr
 .text.hal_mb_get_client
                0x00000000001505a8        0x8 lk_customize/build-spl_d9_ref/lk_customize/hal/mbox_hal/sd_mbox_hal.mod.o
                0x00000000001505a8                hal_mb_get_client
 .text.hal_mb_request_channel_with_addr
                0x00000000001505b0       0xac lk_customize/build-spl_d9_ref/lk_customize/hal/mbox_hal/sd_mbox_hal.mod.o
                0x00000000001505b0                hal_mb_request_channel_with_addr
 .text.hal_mb_request_channel
                0x000000000015065c       0x10 lk_customize/build-spl_d9_ref/lk_customize/hal/mbox_hal/sd_mbox_hal.mod.o
                0x000000000015065c                hal_mb_request_channel
 .text.hal_mb_free_channel
                0x000000000015066c       0x44 lk_customize/build-spl_d9_ref/lk_customize/hal/mbox_hal/sd_mbox_hal.mod.o
                0x000000000015066c                hal_mb_free_channel
 .text.hal_mb_put_client
                0x00000000001506b0       0x60 lk_customize/build-spl_d9_ref/lk_customize/hal/mbox_hal/sd_mbox_hal.mod.o
                0x00000000001506b0                hal_mb_put_client
 .text.hal_mb_cancel_lastsend
                0x0000000000150710       0x5c lk_customize/build-spl_d9_ref/lk_customize/hal/mbox_hal/sd_mbox_hal.mod.o
                0x0000000000150710                hal_mb_cancel_lastsend
 .text.__send_data_sync
                0x000000000015076c       0xc8 lk_customize/build-spl_d9_ref/lk_customize/hal/mbox_hal/sd_mbox_hal.mod.o
 .text.hal_mb_send_data_detail
                0x0000000000150834       0xb4 lk_customize/build-spl_d9_ref/lk_customize/hal/mbox_hal/sd_mbox_hal.mod.o
                0x0000000000150834                hal_mb_send_data_detail
 .text.hal_mb_send_data_rom
                0x00000000001508e8       0x1c lk_customize/build-spl_d9_ref/lk_customize/hal/mbox_hal/sd_mbox_hal.mod.o
                0x00000000001508e8                hal_mb_send_data_rom
 .text.hal_mb_init
                0x0000000000150904        0x4 lk_customize/build-spl_d9_ref/lk_customize/hal/mbox_hal/sd_mbox_hal.mod.o
                0x0000000000150904                hal_mb_init
 .text.hal_mb_create_handle
                0x0000000000150908       0xac lk_customize/build-spl_d9_ref/lk_customize/hal/mbox_hal/sd_mbox_hal.mod.o
                0x0000000000150908                hal_mb_create_handle
 .text.hal_mmc_creat_handle
                0x00000000001509b4      0x128 lk_customize/build-spl_d9_ref/lk_customize/hal/mmc.mod.o
                0x00000000001509b4                hal_mmc_creat_handle
 .text.hal_mmc_release_handle
                0x0000000000150adc       0x60 lk_customize/build-spl_d9_ref/lk_customize/hal/mmc.mod.o
                0x0000000000150adc                hal_mmc_release_handle
 .text.hal_mmc_init
                0x0000000000150b3c       0xe0 lk_customize/build-spl_d9_ref/lk_customize/hal/mmc.mod.o
                0x0000000000150b3c                hal_mmc_init
 .text.hal_mmc_read
                0x0000000000150c1c      0x144 lk_customize/build-spl_d9_ref/lk_customize/hal/mmc.mod.o
                0x0000000000150c1c                hal_mmc_read
 .text.hal_mmc_write
                0x0000000000150d60      0x130 lk_customize/build-spl_d9_ref/lk_customize/hal/mmc.mod.o
                0x0000000000150d60                hal_mmc_write
 .text.hal_mmc_erase
                0x0000000000150e90      0x10c lk_customize/build-spl_d9_ref/lk_customize/hal/mmc.mod.o
                0x0000000000150e90                hal_mmc_erase
 .text.hal_mmc_get_capacity
                0x0000000000150f9c       0x40 lk_customize/build-spl_d9_ref/lk_customize/hal/mmc.mod.o
                0x0000000000150f9c                hal_mmc_get_capacity
 .text.hal_mmc_get_block_size
                0x0000000000150fdc       0x30 lk_customize/build-spl_d9_ref/lk_customize/hal/mmc.mod.o
                0x0000000000150fdc                hal_mmc_get_block_size
 .text.hal_mmc_get_erase_grp_size
                0x000000000015100c       0x30 lk_customize/build-spl_d9_ref/lk_customize/hal/mmc.mod.o
                0x000000000015100c                hal_mmc_get_erase_grp_size
 .text.hal_mmc_switch_part
                0x000000000015103c       0x30 lk_customize/build-spl_d9_ref/lk_customize/hal/mmc.mod.o
                0x000000000015103c                hal_mmc_switch_part
 .text.mshc_clkgen_config.isra.4
                0x000000000015106c      0x148 lk_customize/build-spl_d9_ref/lk_customize/hal/mmc.mod.o
 .text.mshc_set_uhs_mode
                0x00000000001511b4       0xfc lk_customize/build-spl_d9_ref/lk_customize/hal/mmc.mod.o
 .text.mshc_init
                0x00000000001512b0       0xcc lk_customize/build-spl_d9_ref/lk_customize/hal/mmc.mod.o
 .text.mshc_set_clk
                0x000000000015137c       0xa8 lk_customize/build-spl_d9_ref/lk_customize/hal/mmc.mod.o
 .text.mmc_platform_init
                0x0000000000151424       0xac lk_customize/build-spl_d9_ref/lk_customize/hal/mmc.mod.o
                0x0000000000151424                mmc_platform_init
 .text.module_helper_init.part.0
                0x00000000001514d0       0x44 lk_customize/build-spl_d9_ref/lk_customize/hal/module_helper_hal.mod.o
 .text.cmd_module_helper_init
                0x0000000000151514       0x18 lk_customize/build-spl_d9_ref/lk_customize/hal/module_helper_hal.mod.o
                0x0000000000151514                cmd_module_helper_init
 .text.module_helper_init
                0x000000000015152c       0x18 lk_customize/build-spl_d9_ref/lk_customize/hal/module_helper_hal.mod.o
                0x000000000015152c                module_helper_init
 .text.module_get_cur_state
                0x0000000000151544       0x30 lk_customize/build-spl_d9_ref/lk_customize/hal/module_helper_hal.mod.o
                0x0000000000151544                module_get_cur_state
 .text.cmd_listper
                0x0000000000151574       0x70 lk_customize/build-spl_d9_ref/lk_customize/hal/module_helper_hal.mod.o
                0x0000000000151574                cmd_listper
 .text.module_set_state
                0x00000000001515e4      0x100 lk_customize/build-spl_d9_ref/lk_customize/hal/module_helper_hal.mod.o
                0x00000000001515e4                module_set_state
 .text.cmd_setper
                0x00000000001516e4       0x28 lk_customize/build-spl_d9_ref/lk_customize/hal/module_helper_hal.mod.o
                0x00000000001516e4                cmd_setper
 .text.module_get_per_name_by_id
                0x000000000015170c       0x24 lk_customize/build-spl_d9_ref/lk_customize/hal/module_helper_hal.mod.o
                0x000000000015170c                module_get_per_name_by_id
 .text.calculate_pll_rate
                0x0000000000151730       0x78 lk_customize/build-spl_d9_ref/lk_customize/hal/module_helper_hal.mod.o
 .text.get_clk_by_id_internal
                0x00000000001517a8       0x60 lk_customize/build-spl_d9_ref/lk_customize/hal/module_helper_hal.mod.o
 .text.clk_get_refcount
                0x0000000000151808       0x60 lk_customize/build-spl_d9_ref/lk_customize/hal/module_helper_hal.mod.o
 .text.res_clk_get_rate
                0x0000000000151868       0x3c lk_customize/build-spl_d9_ref/lk_customize/hal/module_helper_hal.mod.o
 .text.get_ckgen_uuu_ctl
                0x00000000001518a4       0x40 lk_customize/build-spl_d9_ref/lk_customize/hal/module_helper_hal.mod.o
 .text.set_ckgen_uuu_ctl
                0x00000000001518e4       0x40 lk_customize/build-spl_d9_ref/lk_customize/hal/module_helper_hal.mod.o
 .text.get_ckgen_uuu_rate
                0x0000000000151924       0xc8 lk_customize/build-spl_d9_ref/lk_customize/hal/module_helper_hal.mod.o
 .text.get_clk_by_name_internal
                0x00000000001519ec       0x58 lk_customize/build-spl_d9_ref/lk_customize/hal/module_helper_hal.mod.o
 .text.is_valid_pll_config.isra.1.part.2
                0x0000000000151a44       0xbc lk_customize/build-spl_d9_ref/lk_customize/hal/module_helper_hal.mod.o
 .text.clk_test_refcount_bit.part.12
                0x0000000000151b00       0x28 lk_customize/build-spl_d9_ref/lk_customize/hal/module_helper_hal.mod.o
 .text.clk_clear_refcount_bit
                0x0000000000151b28       0x70 lk_customize/build-spl_d9_ref/lk_customize/hal/module_helper_hal.mod.o
 .text.res_clk_dec_refcount
                0x0000000000151b98       0x60 lk_customize/build-spl_d9_ref/lk_customize/hal/module_helper_hal.mod.o
 .text.res_clk_inc_refcount
                0x0000000000151bf8       0xc8 lk_customize/build-spl_d9_ref/lk_customize/hal/module_helper_hal.mod.o
 .text.clk_is_enable
                0x0000000000151cc0       0x40 lk_customize/build-spl_d9_ref/lk_customize/hal/module_helper_hal.mod.o
 .text.clk_set_depends_on
                0x0000000000151d00       0x64 lk_customize/build-spl_d9_ref/lk_customize/hal/module_helper_hal.mod.o
 .text.get_pll_rate.isra.20
                0x0000000000151d64       0x74 lk_customize/build-spl_d9_ref/lk_customize/hal/module_helper_hal.mod.o
 .text.get_ckgen_core_ctl
                0x0000000000151dd8       0x48 lk_customize/build-spl_d9_ref/lk_customize/hal/module_helper_hal.mod.o
 .text.set_ckgen_core_ctl
                0x0000000000151e20       0x48 lk_customize/build-spl_d9_ref/lk_customize/hal/module_helper_hal.mod.o
 .text.get_ckgen_ip_ctl
                0x0000000000151e68       0x48 lk_customize/build-spl_d9_ref/lk_customize/hal/module_helper_hal.mod.o
 .text.set_ckgen_ip_ctl
                0x0000000000151eb0       0x48 lk_customize/build-spl_d9_ref/lk_customize/hal/module_helper_hal.mod.o
 .text.clk_set_moreprecise.constprop.30
                0x0000000000151ef8       0x64 lk_customize/build-spl_d9_ref/lk_customize/hal/module_helper_hal.mod.o
 .text.set_ckgen_bus_ctl.constprop.31
                0x0000000000151f5c       0x4c lk_customize/build-spl_d9_ref/lk_customize/hal/module_helper_hal.mod.o
 .text.get_ckgen_bus_ctl.constprop.32
                0x0000000000151fa8       0x4c lk_customize/build-spl_d9_ref/lk_customize/hal/module_helper_hal.mod.o
 .text.clk_is_hw_enable
                0x0000000000151ff4       0xac lk_customize/build-spl_d9_ref/lk_customize/hal/module_helper_hal.mod.o
 .text.is_clk_can_access.part.27
                0x00000000001520a0       0x10 lk_customize/build-spl_d9_ref/lk_customize/hal/module_helper_hal.mod.o
 .text.clk_set_parent
                0x00000000001520b0      0x17c lk_customize/build-spl_d9_ref/lk_customize/hal/module_helper_hal.mod.o
 .text.clk_get_rate
                0x000000000015222c      0x1cc lk_customize/build-spl_d9_ref/lk_customize/hal/module_helper_hal.mod.o
 .text.clk_endis
                0x00000000001523f8      0x1c4 lk_customize/build-spl_d9_ref/lk_customize/hal/module_helper_hal.mod.o
 .text.clk_disable
                0x00000000001525bc        0x8 lk_customize/build-spl_d9_ref/lk_customize/hal/module_helper_hal.mod.o
 .text.clk_enable
                0x00000000001525c4        0x8 lk_customize/build-spl_d9_ref/lk_customize/hal/module_helper_hal.mod.o
 .text.clk_get_refcount_by_perid.constprop.33
                0x00000000001525cc       0x60 lk_customize/build-spl_d9_ref/lk_customize/hal/module_helper_hal.mod.o
 .text.res_clk_is_valid_request
                0x000000000015262c       0xfc lk_customize/build-spl_d9_ref/lk_customize/hal/module_helper_hal.mod.o
 .text.res_clk_round_rate
                0x0000000000152728      0x188 lk_customize/build-spl_d9_ref/lk_customize/hal/module_helper_hal.mod.o
 .text.get_ckgen_bus_ip_round_rate_clk
                0x00000000001528b0      0x10c lk_customize/build-spl_d9_ref/lk_customize/hal/module_helper_hal.mod.o
 .text.res_clk_set_rate
                0x00000000001529bc      0x250 lk_customize/build-spl_d9_ref/lk_customize/hal/module_helper_hal.mod.o
 .text.find_config_in_database
                0x0000000000152c0c       0x40 lk_customize/build-spl_d9_ref/lk_customize/hal/module_helper_hal.mod.o
                0x0000000000152c0c                find_config_in_database
 .text.clk_set_rate
                0x0000000000152c4c      0x42c lk_customize/build-spl_d9_ref/lk_customize/hal/module_helper_hal.mod.o
 .text.get_pll_dummy_root_round_rate_clk
                0x0000000000153078      0x30c lk_customize/build-spl_d9_ref/lk_customize/hal/module_helper_hal.mod.o
                0x0000000000153078                get_pll_dummy_root_round_rate_clk
 .text.clk_round_rate
                0x0000000000153384      0x51c lk_customize/build-spl_d9_ref/lk_customize/hal/module_helper_hal.mod.o
 .text.res_clk_request
                0x00000000001538a0       0x70 lk_customize/build-spl_d9_ref/lk_customize/hal/module_helper_hal.mod.o
                0x00000000001538a0                res_clk_request
 .text.cmd_setclk
                0x0000000000153910       0x48 lk_customize/build-spl_d9_ref/lk_customize/hal/module_helper_hal.mod.o
                0x0000000000153910                cmd_setclk
 .text.register_res_clks
                0x0000000000153958      0x7e0 lk_customize/build-spl_d9_ref/lk_customize/hal/module_helper_hal.mod.o
                0x0000000000153958                register_res_clks
 .text.dump_clktree_internal
                0x0000000000154138      0x264 lk_customize/build-spl_d9_ref/lk_customize/hal/module_helper_hal.mod.o
                0x0000000000154138                dump_clktree_internal
 .text.calculate_maxdepths
                0x000000000015439c       0xb8 lk_customize/build-spl_d9_ref/lk_customize/hal/module_helper_hal.mod.o
                0x000000000015439c                calculate_maxdepths
 .text.dump_clktree
                0x0000000000154454       0x40 lk_customize/build-spl_d9_ref/lk_customize/hal/module_helper_hal.mod.o
                0x0000000000154454                dump_clktree
 .text.cmd_dumpclk
                0x0000000000154494       0x3c lk_customize/build-spl_d9_ref/lk_customize/hal/module_helper_hal.mod.o
                0x0000000000154494                cmd_dumpclk
 .text.rstgen_is_released
                0x00000000001544d0       0x10 lk_customize/build-spl_d9_ref/lk_customize/hal/module_helper_hal.mod.o
 .text.rstgen_endis
                0x00000000001544e0       0xd4 lk_customize/build-spl_d9_ref/lk_customize/hal/module_helper_hal.mod.o
 .text.rstgen_hold
                0x00000000001545b4        0x8 lk_customize/build-spl_d9_ref/lk_customize/hal/module_helper_hal.mod.o
 .text.rstgen_release
                0x00000000001545bc        0x8 lk_customize/build-spl_d9_ref/lk_customize/hal/module_helper_hal.mod.o
 .text.res_rstgen_dec_refcount
                0x00000000001545c4       0xac lk_customize/build-spl_d9_ref/lk_customize/hal/module_helper_hal.mod.o
 .text.res_rstgen_inc_refcount
                0x0000000000154670       0xa4 lk_customize/build-spl_d9_ref/lk_customize/hal/module_helper_hal.mod.o
 .text.res_rstgen_request
                0x0000000000154714       0x94 lk_customize/build-spl_d9_ref/lk_customize/hal/module_helper_hal.mod.o
                0x0000000000154714                res_rstgen_request
 .text.register_res_rstgens
                0x00000000001547a8      0x10c lk_customize/build-spl_d9_ref/lk_customize/hal/module_helper_hal.mod.o
                0x00000000001547a8                register_res_rstgens
 .text.dump_rstgen_internal
                0x00000000001548b4      0x134 lk_customize/build-spl_d9_ref/lk_customize/hal/module_helper_hal.mod.o
                0x00000000001548b4                dump_rstgen_internal
 .text.cmd_dumprstgen
                0x00000000001549e8       0x10 lk_customize/build-spl_d9_ref/lk_customize/hal/module_helper_hal.mod.o
                0x00000000001549e8                cmd_dumprstgen
 .text.ddr_get_state_name
                0x00000000001549f8       0x1c lk_customize/build-spl_d9_ref/lk_customize/hal/module_helper_hal.mod.o
                0x00000000001549f8                ddr_get_state_name
 .text.hal_pll_create_handle
                0x0000000000154a14       0x40 lk_customize/build-spl_d9_ref/lk_customize/hal/pll/.mod.o
                0x0000000000154a14                hal_pll_create_handle
 .text.hal_pll_delete_handle
                0x0000000000154a54        0x4 lk_customize/build-spl_d9_ref/lk_customize/hal/pll/.mod.o
                0x0000000000154a54                hal_pll_delete_handle
 .text.hal_pll_config
                0x0000000000154a58       0xa0 lk_customize/build-spl_d9_ref/lk_customize/hal/pll/.mod.o
                0x0000000000154a58                hal_pll_config
 .text.hal_pll_get_config
                0x0000000000154af8       0x74 lk_customize/build-spl_d9_ref/lk_customize/hal/pll/.mod.o
                0x0000000000154af8                hal_pll_get_config
 .text.hal_port_creat_handle
                0x0000000000154b6c       0xd4 lk_customize/build-spl_d9_ref/lk_customize/hal/port_hal/sd_port_hal.mod.o