Archive member included to satisfy reference by file (symbol)

/home/zhangk/d9/source/toolchain/gcc_linaro/gcc-arm-none-eabi-7.3.1/bin/../lib/gcc/arm-none-eabi/7.3.1/thumb/v7-ar/fpv3/hard/libgcc.a(_arm_addsubdf3.o)
                              ./build-safety_d9_ref/lib/libc.mod.o (__aeabi_ul2d)
/home/zhangk/d9/source/toolchain/gcc_linaro/gcc-arm-none-eabi-7.3.1/bin/../lib/gcc/arm-none-eabi/7.3.1/thumb/v7-ar/fpv3/hard/libgcc.a(_arm_addsubsf3.o)
                              ./build-safety_d9_ref/framework/test/dcf.mod.o (__aeabi_ul2f)
/home/zhangk/d9/source/toolchain/gcc_linaro/gcc-arm-none-eabi-7.3.1/bin/../lib/gcc/arm-none-eabi/7.3.1/thumb/v7-ar/fpv3/hard/libgcc.a(_aeabi_ldivmod.o)
                              ./build-safety_d9_ref/3rd/fatfs/src.mod.o (__aeabi_ldivmod)
/home/zhangk/d9/source/toolchain/gcc_linaro/gcc-arm-none-eabi-7.3.1/bin/../lib/gcc/arm-none-eabi/7.3.1/thumb/v7-ar/fpv3/hard/libgcc.a(_aeabi_uldivmod.o)
                              ./build-safety_d9_ref/platform/kunlun/safety.mod.o (__aeabi_uldivmod)
/home/zhangk/d9/source/toolchain/gcc_linaro/gcc-arm-none-eabi-7.3.1/bin/../lib/gcc/arm-none-eabi/7.3.1/thumb/v7-ar/fpv3/hard/libgcc.a(_udivmoddi4.o)
                              /home/zhangk/d9/source/toolchain/gcc_linaro/gcc-arm-none-eabi-7.3.1/bin/../lib/gcc/arm-none-eabi/7.3.1/thumb/v7-ar/fpv3/hard/libgcc.a(_aeabi_ldivmod.o) (__udivmoddi4)
/home/zhangk/d9/source/toolchain/gcc_linaro/gcc-arm-none-eabi-7.3.1/bin/../lib/gcc/arm-none-eabi/7.3.1/thumb/v7-ar/fpv3/hard/libgcc.a(_dvmd_tls.o)
                              /home/zhangk/d9/source/toolchain/gcc_linaro/gcc-arm-none-eabi-7.3.1/bin/../lib/gcc/arm-none-eabi/7.3.1/thumb/v7-ar/fpv3/hard/libgcc.a(_aeabi_ldivmod.o) (__aeabi_ldiv0)

Discarded input sections

 .text          0x0000000000000000        0x0 ./build-safety_d9_ref/target/reference_d9/safety.mod.o
 .rodata.UART_RX_PIN
                0x0000000000000000        0x2 ./build-safety_d9_ref/target/reference_d9/safety.mod.o
 .rodata.UART_TX_PIN
                0x0000000000000000        0x2 ./build-safety_d9_ref/target/reference_d9/safety.mod.o
 .data          0x0000000000000000        0x0 ./build-safety_d9_ref/target/reference_d9/safety.mod.o
 .bss           0x0000000000000000        0x0 ./build-safety_d9_ref/target/reference_d9/safety.mod.o
 .comment       0x0000000000000000      0x100 ./build-safety_d9_ref/target/reference_d9/safety.mod.o
 .text.reset_safety_cr5
                0x0000000000000000        0xc ./build-safety_d9_ref/platform/kunlun/safety.mod.o
 .text.debug_cycle_count
                0x0000000000000000       0x18 ./build-safety_d9_ref/platform/kunlun/safety.mod.o
 .text.uart_pputc
                0x0000000000000000       0x14 ./build-safety_d9_ref/platform/kunlun/safety.mod.o
 .text.uart_pgetc
                0x0000000000000000        0x4 ./build-safety_d9_ref/platform/kunlun/safety.mod.o
 .text.uart_flush_tx
                0x0000000000000000        0x4 ./build-safety_d9_ref/platform/kunlun/safety.mod.o
 .text.uart_flush_rx
                0x0000000000000000        0x4 ./build-safety_d9_ref/platform/kunlun/safety.mod.o
 .text.uart_init_port
                0x0000000000000000        0x4 ./build-safety_d9_ref/platform/kunlun/safety.mod.o
 .text.uart_update_rx_cbk
                0x0000000000000000       0x38 ./build-safety_d9_ref/platform/kunlun/safety.mod.o
 .text.uart_exit
                0x0000000000000000       0x20 ./build-safety_d9_ref/platform/kunlun/safety.mod.o
 .text.power_config_before_str
                0x0000000000000000        0x8 ./build-safety_d9_ref/platform/kunlun/safety.mod.o
 .text.is_str_enter
                0x0000000000000000        0x4 ./build-safety_d9_ref/platform/kunlun/safety.mod.o
 .text.set_str_flag_to_rtc
                0x0000000000000000        0x4 ./build-safety_d9_ref/platform/kunlun/safety.mod.o
 .text.str_vote
                0x0000000000000000        0x4 ./build-safety_d9_ref/platform/kunlun/safety.mod.o
 .text.check_str_all
                0x0000000000000000        0x4 ./build-safety_d9_ref/platform/kunlun/safety.mod.o
 .text.str_clr_vote
                0x0000000000000000        0x4 ./build-safety_d9_ref/platform/kunlun/safety.mod.o
 .rodata.__PRETTY_FUNCTION__.7130
                0x0000000000000000       0x12 ./build-safety_d9_ref/platform/kunlun/safety.mod.o
 .rodata.debug_cycle_count.str1.4
                0x0000000000000000       0x12 ./build-safety_d9_ref/platform/kunlun/safety.mod.o
 .data          0x0000000000000000        0x0 ./build-safety_d9_ref/platform/kunlun/safety.mod.o
 .bss           0x0000000000000000        0x0 ./build-safety_d9_ref/platform/kunlun/safety.mod.o
 .comment       0x0000000000000000      0x400 ./build-safety_d9_ref/platform/kunlun/safety.mod.o
 .text.dcc_worker_entry
                0x0000000000000000       0x34 ./build-safety_d9_ref/arch/arm.mod.o
 .text.arm_dcc_enable
                0x0000000000000000       0x48 ./build-safety_d9_ref/arch/arm.mod.o
 .text.arm_dcc_read_available
[...]
Memory Configuration

Name             Origin             Length             Attributes
*default*        0x0000000000000000 0xffffffffffffffff

Linker script and memory map

START GROUP
LOAD ./build-safety_d9_ref/target/reference_d9/safety.mod.o
LOAD ./build-safety_d9_ref/platform/kunlun/safety.mod.o
LOAD ./build-safety_d9_ref/arch/arm.mod.o
LOAD ./build-safety_d9_ref/top.mod.o
LOAD ./build-safety_d9_ref/3rd/fatfs/src.mod.o
LOAD ./build-safety_d9_ref/3rd/rpmsg-lite.mod.o
LOAD ./build-safety_d9_ref/application/system/boot_ss.mod.o
LOAD ./build-safety_d9_ref/application/system/kernel_monitor.mod.o
LOAD ./build-safety_d9_ref/application/system/ospi_handover.mod.o
LOAD ./build-safety_d9_ref/application/system/pvt.mod.o
LOAD ./build-safety_d9_ref/application/test/buildconfig.mod.o
LOAD ./build-safety_d9_ref/application/test/disp.mod.o
LOAD ./build-safety_d9_ref/application/tools/pin.mod.o
LOAD ./build-safety_d9_ref/application/tools/port_helper.mod.o
LOAD ./build-safety_d9_ref/application/tools/poweroff.mod.o
LOAD ./build-safety_d9_ref/application/tools/sem_monitor.mod.o
LOAD ./build-safety_d9_ref/chipdev/can.mod.o
LOAD ./build-safety_d9_ref/chipdev/clkgen/sd_clkgen.mod.o
LOAD ./build-safety_d9_ref/chipdev/crypto/silex.mod.o
LOAD ./build-safety_d9_ref/chipdev/dio/sd_dio.mod.o
LOAD ./build-safety_d9_ref/chipdev/disp/sd_disp.mod.o
LOAD ./build-safety_d9_ref/chipdev/dma/dw_dma1.mod.o
LOAD ./build-safety_d9_ref/chipdev/i2c/dw_i2c.mod.o
LOAD ./build-safety_d9_ref/chipdev/interrupt/arm_gic.mod.o
LOAD ./build-safety_d9_ref/chipdev/mailbox/sd_mbox.mod.o
LOAD ./build-safety_d9_ref/chipdev/pll.mod.o
LOAD ./build-safety_d9_ref/chipdev/pmu/sd_pmu.mod.o
LOAD ./build-safety_d9_ref/chipdev/port/sd_port.mod.o
LOAD ./build-safety_d9_ref/chipdev/rstgen/sd_rstgen.mod.o
LOAD ./build-safety_d9_ref/chipdev/rtc.mod.o
LOAD ./build-safety_d9_ref/chipdev/scr.mod.o
LOAD ./build-safety_d9_ref/chipdev/spi_nor.mod.o
LOAD ./build-safety_d9_ref/chipdev/timer/sd_timer.mod.o
LOAD ./build-safety_d9_ref/chipdev/uart/dw_uart.mod.o
LOAD ./build-safety_d9_ref/chipdev/vpu/codaj12.mod.o
LOAD ./build-safety_d9_ref/exdev/display.mod.o
LOAD ./build-safety_d9_ref/framework/audio/am.mod.o
LOAD ./build-safety_d9_ref/framework/audio/core.mod.o
LOAD ./build-safety_d9_ref/framework/communication.mod.o
LOAD ./build-safety_d9_ref/framework/lib/system.mod.o
LOAD ./build-safety_d9_ref/framework/protocol.mod.o
LOAD ./build-safety_d9_ref/framework/rpbuf.mod.o
LOAD ./build-safety_d9_ref/framework/service/audio.mod.o
LOAD ./build-safety_d9_ref/framework/service/base.mod.o
LOAD ./build-safety_d9_ref/framework/service/rpmsg.mod.o
LOAD ./build-safety_d9_ref/framework/service/samples.mod.o
LOAD ./build-safety_d9_ref/framework/service/sys_diagnosis.mod.o
LOAD ./build-safety_d9_ref/framework/service/update_monitor.mod.o
LOAD ./build-safety_d9_ref/framework/service/worker.mod.o
LOAD ./build-safety_d9_ref/framework/test/dcf.mod.o
LOAD ./build-safety_d9_ref/hal/clkgen_hal/sd_clkgen_hal.mod.o
LOAD ./build-safety_d9_ref/hal/cpu_hal/sd_cpu_hal.mod.o
LOAD ./build-safety_d9_ref/hal/crypto_hal/.mod.o
LOAD ./build-safety_d9_ref/hal/dio_hal/sd_dio_hal.mod.o
LOAD ./build-safety_d9_ref/hal/disp_hal/sd_disp_hal.mod.o
LOAD ./build-safety_d9_ref/hal/dma_hal/sd_dma_hal.mod.o
LOAD ./build-safety_d9_ref/hal/firewall_hal/.mod.o
LOAD ./build-safety_d9_ref/hal/gpioirq_hal.mod.o
LOAD ./build-safety_d9_ref/hal/i2c_hal/sd_i2c_hal.mod.o
LOAD ./build-safety_d9_ref/hal/interrupt_hal/arm_gic_hal.mod.o
LOAD ./build-safety_d9_ref/hal/mbox_hal/sd_mbox_hal.mod.o
LOAD ./build-safety_d9_ref/hal/mmc.mod.o
LOAD ./build-safety_d9_ref/hal/module_helper_hal.mod.o
LOAD ./build-safety_d9_ref/hal/net.mod.o
LOAD ./build-safety_d9_ref/hal/pll/.mod.o
LOAD ./build-safety_d9_ref/hal/pmu_hal/sd_pmu_hal.mod.o
LOAD ./build-safety_d9_ref/hal/port_hal/sd_port_hal.mod.o
LOAD ./build-safety_d9_ref/hal/pvt_hal/.mod.o
LOAD ./build-safety_d9_ref/hal/pwm_hal/sd_pwm_hal.mod.o
LOAD ./build-safety_d9_ref/hal/res/.mod.o
LOAD ./build-safety_d9_ref/hal/rstgen_hal/sd_rstgen_hal.mod.o
LOAD ./build-safety_d9_ref/hal/scr/.mod.o
LOAD ./build-safety_d9_ref/hal/spdif_hal/sd_spdif_hal.mod.o
LOAD ./build-safety_d9_ref/hal/spi_hal/sd_spi_hal.mod.o
LOAD ./build-safety_d9_ref/hal/spi_nor.mod.o
LOAD ./build-safety_d9_ref/hal/timer_hal/sd_timer_hal.mod.o
LOAD ./build-safety_d9_ref/hal/uart_hal/dw_uart_hal.mod.o
LOAD ./build-safety_d9_ref/hal/vpu_hal/codaj12.mod.o
LOAD ./build-safety_d9_ref/hal/wdg_hal/sd_wdg_hal.mod.o
LOAD ./build-safety_d9_ref/kernel.mod.o
LOAD ./build-safety_d9_ref/lib/apploader.mod.o
LOAD ./build-safety_d9_ref/lib/debug.mod.o
LOAD ./build-safety_d9_ref/lib/debugcommands.mod.o
LOAD ./build-safety_d9_ref/lib/heap.mod.o
LOAD ./build-safety_d9_ref/lib/libc.mod.o
LOAD ./build-safety_d9_ref/lib/sdrpc.mod.o
LOAD ./build-safety_d9_ref/lib/shell.mod.o
LOAD ./build-safety_d9_ref/lib/storage_device.mod.o
LOAD ./build-safety_d9_ref/lib/system_config.mod.o
LOAD ./build-safety_d9_ref/platform/kunlun/common.mod.o
LOAD ./build-safety_d9_ref/chipdev/func_safety.mod.o
LOAD ./build-safety_d9_ref/exdev/am_board.mod.o
LOAD ./build-safety_d9_ref/exdev/am_codec.mod.o
LOAD ./build-safety_d9_ref/exdev/gpio.mod.o
LOAD ./build-safety_d9_ref/exdev/lcm.mod.o
LOAD ./build-safety_d9_ref/exdev/norflash.mod.o
LOAD ./build-safety_d9_ref/framework/service/property.mod.o
LOAD ./build-safety_d9_ref/hal/i2s_hal/sd_i2s_hal/1.0.mod.o
LOAD ./build-safety_d9_ref/kernel/lk_wrapper.mod.o
LOAD ./build-safety_d9_ref/lib/cbuf.mod.o
LOAD ./build-safety_d9_ref/lib/cksum.mod.o
LOAD ./build-safety_d9_ref/lib/console.mod.o
LOAD ./build-safety_d9_ref/lib/io.mod.o
LOAD ./build-safety_d9_ref/lib/reboot.mod.o
LOAD ./build-safety_d9_ref/lib/res_loader.mod.o
LOAD ./build-safety_d9_ref/lib/sdunittest.mod.o
LOAD ./build-safety_d9_ref/exdev/lcm/mipi_lt9611_to_hdmi_1920x1080_lcd/.mod.o
LOAD ./build-safety_d9_ref/framework/lib/mem_image.mod.o
LOAD ./build-safety_d9_ref/lib/boot.mod.o
END GROUP
LOAD /home/zhangk/d9/source/toolchain/gcc_linaro/gcc-arm-none-eabi-7.3.1/bin/../lib/gcc/arm-none-eabi/7.3.1/thumb/v7-ar/fpv3/hard/libgcc.a
                0x0000000037200000                . = 0x37200000
                0x0000000037200000                _start = .

.boot.vect
 *(.text.boot.vect)
 *(.text.boot.vect)

.text           0x0000000037200000    0x2c108
 *(.text.boot.vectab1)
 *(.text.boot.vectab2)
 *(.text.boot)
 .text.boot     0x0000000037200000      0x15c ./build-safety_d9_ref/arch/arm.mod.o
                0x0000000037200040                arm_reset
                0x0000000037200040                platform_reset
 *(.text* .sram.text.glue_7* .gnu.linkonce.t.*)
 .text.target_early_init
                0x000000003720015c        0x4 ./build-safety_d9_ref/target/reference_d9/safety.mod.o
                0x000000003720015c                target_early_init
 .text.target_init
                0x0000000037200160       0x1c ./build-safety_d9_ref/target/reference_d9/safety.mod.o
                0x0000000037200160                target_init
 .text.uart_port_init
                0x000000003720017c       0x5c ./build-safety_d9_ref/target/reference_d9/safety.mod.o
                0x000000003720017c                uart_port_init
 .text          0x00000000372001d8       0x54 ./build-safety_d9_ref/platform/kunlun/safety.mod.o
                0x00000000372001d8                tcm_init
 *fill*         0x000000003720022c        0x4 
 .text.vector_remap
                0x0000000037200230       0xf0 ./build-safety_d9_ref/platform/kunlun/safety.mod.o
 .text.platform_core_reset
                0x0000000037200320       0x5c ./build-safety_d9_ref/platform/kunlun/safety.mod.o
 .text.platform_early_init
                0x000000003720037c      0x168 ./build-safety_d9_ref/platform/kunlun/safety.mod.o
                0x000000003720037c                platform_early_init
 .text.platform_init
                0x00000000372004e4       0x14 ./build-safety_d9_ref/platform/kunlun/safety.mod.o
                0x00000000372004e4                platform_init
 .text._dputc   0x00000000372004f8       0x2c ./build-safety_d9_ref/platform/kunlun/safety.mod.o
                0x00000000372004f8                _dputc
 .text.dgetc    0x0000000037200524       0x20 ./build-safety_d9_ref/platform/kunlun/safety.mod.o
                0x0000000037200524                dgetc
 .text.platform_halt
                0x0000000037200544        0x4 ./build-safety_d9_ref/platform/kunlun/safety.mod.o
                0x0000000037200544                platform_halt
 .text.platform_dputc
                0x0000000037200548        0x4 ./build-safety_d9_ref/platform/kunlun/safety.mod.o
                0x0000000037200548                platform_dputc
 .text.platform_dgetc
                0x000000003720054c        0x4 ./build-safety_d9_ref/platform/kunlun/safety.mod.o
                0x000000003720054c                platform_dgetc
 .text.save_char
                0x0000000037200550       0x3c ./build-safety_d9_ref/platform/kunlun/safety.mod.o
 .text.uart_init
                0x000000003720058c       0x34 ./build-safety_d9_ref/platform/kunlun/safety.mod.o
                0x000000003720058c                uart_init
 .text.uart_init_early
                0x00000000372005c0       0x58 ./build-safety_d9_ref/platform/kunlun/safety.mod.o
                0x00000000372005c0                uart_init_early
 .text.uart_putc
                0x0000000037200618       0x14 ./build-safety_d9_ref/platform/kunlun/safety.mod.o
                0x0000000037200618                uart_putc
 .text.uart_getc
                0x000000003720062c       0x3c ./build-safety_d9_ref/platform/kunlun/safety.mod.o
                0x000000003720062c                uart_getc
 .text.uart_get_current_port
                0x0000000037200668        0x4 ./build-safety_d9_ref/platform/kunlun/safety.mod.o
                0x0000000037200668                uart_get_current_port
 .text.current_time_hires
                0x000000003720066c       0x1c ./build-safety_d9_ref/platform/kunlun/safety.mod.o
                0x000000003720066c                current_time_hires
 .text.current_time
                0x0000000037200688       0x1c ./build-safety_d9_ref/platform/kunlun/safety.mod.o
                0x0000000037200688                current_time
 .text.timer_init_early
                0x00000000372006a4       0x64 ./build-safety_d9_ref/platform/kunlun/safety.mod.o
                0x00000000372006a4                timer_init_early
 .text.vPortTickTimerEnable
                0x0000000037200708       0x40 ./build-safety_d9_ref/platform/kunlun/safety.mod.o
                0x0000000037200708                vPortTickTimerEnable
 .text.register_int_handler
                0x0000000037200748       0x6c ./build-safety_d9_ref/platform/kunlun/safety.mod.o
                0x0000000037200748                register_int_handler
 .text.mask_interrupt
                0x00000000372007b4       0x50 ./build-safety_d9_ref/platform/kunlun/safety.mod.o
                0x00000000372007b4                mask_interrupt
 .text.unmask_interrupt
                0x0000000037200804       0x50 ./build-safety_d9_ref/platform/kunlun/safety.mod.o
                0x0000000037200804                unmask_interrupt
 .text.arm_gic_init_early
                0x0000000037200854       0x48 ./build-safety_d9_ref/platform/kunlun/safety.mod.o
                0x0000000037200854                arm_gic_init_early
 .text.vApplicationIRQHandler
                0x000000003720089c        0x4 ./build-safety_d9_ref/platform/kunlun/safety.mod.o
                0x000000003720089c                vApplicationIRQHandler
 .text.is_str_resume
                0x00000000372008a0        0x4 ./build-safety_d9_ref/platform/kunlun/safety.mod.o
                0x00000000372008a0                is_str_resume
 .text.get_str_resume_entry
                0x00000000372008a4        0x4 ./build-safety_d9_ref/platform/kunlun/safety.mod.o
                0x00000000372008a4                get_str_resume_entry
 .text.clr_str_flag
                0x00000000372008a8        0x4 ./build-safety_d9_ref/platform/kunlun/safety.mod.o
                0x00000000372008a8                clr_str_flag
 .text.reboot_bootloader_test
                0x00000000372008ac       0x1c ./build-safety_d9_ref/platform/kunlun/safety.mod.o
 .text.rb_state_update
                0x00000000372008c8       0x3c ./build-safety_d9_ref/platform/kunlun/safety.mod.o
 .text.sysd_reboot_probe
                0x0000000037200904       0x6c ./build-safety_d9_ref/platform/kunlun/safety.mod.o
                0x0000000037200904                sysd_reboot_probe
 .text.module_sw_reboot
                0x0000000037200970      0x10c ./build-safety_d9_ref/platform/kunlun/safety.mod.o
 .text.pmu_config_wakeup_source.constprop.1
                0x0000000037200a7c       0xc4 ./build-safety_d9_ref/platform/kunlun/safety.mod.o
 .text.reboot_routine
                0x0000000037200b40      0x1c0 ./build-safety_d9_ref/platform/kunlun/safety.mod.o
 .text.dcf_get_this_proc
                0x0000000037200d00        0x4 ./build-safety_d9_ref/platform/kunlun/safety.mod.o
                0x0000000037200d00                dcf_get_this_proc
 .text          0x0000000037200d04      0x6c8 ./build-safety_d9_ref/arch/arm.mod.o
                0x0000000037200d04                arm_context_switch
                0x0000000037200d1c                arm_save_mode_regs
                0x0000000037200d78                arm_chain_load
                0x0000000037200d90                arch_disable_cache
                0x0000000037200dec                arch_enable_cache
                0x0000000037200f70                arch_clean_cache_range_asm
                0x0000000037200f94                arch_clean_invalidate_cache_range_asm
                0x0000000037200fb8                arch_invalidate_cache_range_asm
                0x0000000037200fdc                arch_sync_cache_range_asm
                0x0000000037200ff8                _arch_enable_ints
                0x0000000037201008                _arch_disable_ints
                0x0000000037201018                _atomic_swap
                0x0000000037201030                _atomic_add
                0x000000003720104c                _atomic_and
                0x0000000037201068                _atomic_or
                0x0000000037201084                arch_spin_trylock
                0x00000000372010a0                arch_spin_lock
                0x00000000372010c4                arch_spin_unlock
                0x00000000372010dc                arch_idle
                0x00000000372010e4                arm_invalidate_tlb
                0x00000000372010f0                arm_undefined
                0x0000000037201148                arm_syscall
                0x00000000372011a0                arm_prefetch_abort
                0x00000000372011fc                arm_data_abort
                0x0000000037201258                arm_reserved
                0x000000003720125c                arm_irq
                0x00000000372012dc                arm_fiq
                0x0000000037201338                arch_copy_to_user
                0x0000000037201358                arch_copy_from_user
                0x0000000037201378                arch_strlcpy_from_user
 .text.dump_mode_regs
                0x00000000372013cc      0x2cc ./build-safety_d9_ref/arch/arm.mod.o
 .text.exception_die
                0x0000000037201698       0xac ./build-safety_d9_ref/arch/arm.mod.o
 .text.arm_syscall_handler
                0x0000000037201744       0x10 ./build-safety_d9_ref/arch/arm.mod.o
                0x0000000037201744                arm_syscall_handler
 .text.arm_undefined_handler
                0x0000000037201754       0xe8 ./build-safety_d9_ref/arch/arm.mod.o
                0x0000000037201754                arm_undefined_handler
 .text.arm_data_abort_handler
                0x000000003720183c      0x1bc ./build-safety_d9_ref/arch/arm.mod.o
                0x000000003720183c                arm_data_abort_handler
 .text.arm_prefetch_abort_handler
                0x00000000372019f8       0xf0 ./build-safety_d9_ref/arch/arm.mod.o
                0x00000000372019f8                arm_prefetch_abort_handler
 .text.arm_fpu_set_enable
                0x0000000037201ae8       0x10 ./build-safety_d9_ref/arch/arm.mod.o
                0x0000000037201ae8                arm_fpu_set_enable
 .text.arm_fpu_undefined_instruction
                0x0000000037201af8       0x80 ./build-safety_d9_ref/arch/arm.mod.o
                0x0000000037201af8                arm_fpu_undefined_instruction
 .text.mpu_add_region
                0x0000000037201b78      0x134 ./build-safety_d9_ref/arch/arm.mod.o
                0x0000000037201b78                mpu_add_region
 .text.mpu_enable
                0x0000000037201cac       0x28 ./build-safety_d9_ref/arch/arm.mod.o
                0x0000000037201cac                mpu_enable
 .text.arch_clean_cache_range
                0x0000000037201cd4        0x4 ./build-safety_d9_ref/arch/arm.mod.o
                0x0000000037201cd4                arch_clean_cache_range
 .text.arch_clean_invalidate_cache_range
                0x0000000037201cd8        0x4 ./build-safety_d9_ref/arch/arm.mod.o
                0x0000000037201cd8                arch_clean_invalidate_cache_range
 .text.arch_invalidate_cache_range
                0x0000000037201cdc        0x4 ./build-safety_d9_ref/arch/arm.mod.o
                0x0000000037201cdc                arch_invalidate_cache_range
 .text.arch_early_init
                0x0000000037201ce0       0x80 ./build-safety_d9_ref/arch/arm.mod.o
                0x0000000037201ce0                arch_early_init
 .text.arch_init
                0x0000000037201d60        0x4 ./build-safety_d9_ref/arch/arm.mod.o
                0x0000000037201d60                arch_init
 .text.lk_init_level
                0x0000000037201d64       0xd0 ./build-safety_d9_ref/top.mod.o
                0x0000000037201d64                lk_init_level
 .text.lk_main  0x0000000037201e34       0xe4 ./build-safety_d9_ref/top.mod.o
                0x0000000037201e34                lk_main
 .text.bootstrap2
                0x0000000037201f18       0x6c ./build-safety_d9_ref/top.mod.o
 .text.target_quiesce
                0x0000000037201f84        0x4 ./build-safety_d9_ref/top.mod.o
                0x0000000037201f84                target_quiesce
 .text.disk_status
                0x0000000037201f88        0xc ./build-safety_d9_ref/3rd/fatfs/src.mod.o
                0x0000000037201f88                disk_status
 .text.disk_initialize
                0x0000000037201f94       0x7c ./build-safety_d9_ref/3rd/fatfs/src.mod.o
                0x0000000037201f94                disk_initialize
 .text.disk_set_offset
                0x0000000037202010       0x14 ./build-safety_d9_ref/3rd/fatfs/src.mod.o
                0x0000000037202010                disk_set_offset
 .text.disk_read
                0x0000000037202024       0x98 ./build-safety_d9_ref/3rd/fatfs/src.mod.o
                0x0000000037202024                disk_read
 .text.disk_ioctl
                0x00000000372020bc       0x80 ./build-safety_d9_ref/3rd/fatfs/src.mod.o
                0x00000000372020bc                disk_ioctl
 .text.get_fattime
                0x000000003720213c        0x8 ./build-safety_d9_ref/3rd/fatfs/src.mod.o
                0x000000003720213c                get_fattime
 .text.disk_write
                0x0000000037202144       0xb0 ./build-safety_d9_ref/3rd/fatfs/src.mod.o
                0x0000000037202144                disk_write
 .text.get_ldnumber
                0x00000000372021f4       0x48 ./build-safety_d9_ref/3rd/fatfs/src.mod.o
 .text.xname_sum
                0x000000003720223c       0x38 ./build-safety_d9_ref/3rd/fatfs/src.mod.o
 .text.mem_cpy.part.0
                0x0000000037202274       0x14 ./build-safety_d9_ref/3rd/fatfs/src.mod.o
 .text.init_alloc_info.isra.5
                0x0000000037202288       0x90 ./build-safety_d9_ref/3rd/fatfs/src.mod.o
 .text.sync_window
                0x0000000037202318       0x6c ./build-safety_d9_ref/3rd/fatfs/src.mod.o
 .text.move_window
                0x0000000037202384       0x58 ./build-safety_d9_ref/3rd/fatfs/src.mod.o
 .text.change_bitmap
                0x00000000372023dc       0x80 ./build-safety_d9_ref/3rd/fatfs/src.mod.o
 .text.get_fat  0x000000003720245c      0x188 ./build-safety_d9_ref/3rd/fatfs/src.mod.o
 .text.dir_sdi  0x00000000372025e4       0xc0 ./build-safety_d9_ref/3rd/fatfs/src.mod.o
 .text.check_fs
                0x00000000372026a4       0xc4 ./build-safety_d9_ref/3rd/fatfs/src.mod.o
 .text.put_fat.part.10
                0x0000000037202768      0x158 ./build-safety_d9_ref/3rd/fatfs/src.mod.o
 .text.remove_chain
                0x00000000372028c0      0x120 ./build-safety_d9_ref/3rd/fatfs/src.mod.o
 .text.fill_last_frag.isra.11
                0x00000000372029e0       0x4c ./build-safety_d9_ref/3rd/fatfs/src.mod.o
 .text.fill_first_frag.part.12
                0x0000000037202a2c       0x4c ./build-safety_d9_ref/3rd/fatfs/src.mod.o
 .text.unlock_fs.part.13
                0x0000000037202a78       0x10 ./build-safety_d9_ref/3rd/fatfs/src.mod.o
 .text.dir_clear
                0x0000000037202a88      0x110 ./build-safety_d9_ref/3rd/fatfs/src.mod.o
 .text.sync_fs  0x0000000037202b98       0xc4 ./build-safety_d9_ref/3rd/fatfs/src.mod.o
 .text.mount_volume
                0x0000000037202c5c      0x830 ./build-safety_d9_ref/3rd/fatfs/src.mod.o
 .text.create_chain
                0x000000003720348c      0x268 ./build-safety_d9_ref/3rd/fatfs/src.mod.o
 .text.dir_next
                0x00000000372036f4       0xf0 ./build-safety_d9_ref/3rd/fatfs/src.mod.o
 .text.load_xdir
                0x00000000372037e4      0x110 ./build-safety_d9_ref/3rd/fatfs/src.mod.o
 .text.dir_alloc
                0x00000000372038f4       0x70 ./build-safety_d9_ref/3rd/fatfs/src.mod.o
 .text.store_xdir
                0x0000000037203964       0x9c ./build-safety_d9_ref/3rd/fatfs/src.mod.o
 .text.dir_read.constprop.17
                0x0000000037203a00      0x15c ./build-safety_d9_ref/3rd/fatfs/src.mod.o
 .text.dir_find
                0x0000000037203b5c      0x254 ./build-safety_d9_ref/3rd/fatfs/src.mod.o
 .text.follow_path
                0x0000000037203db0      0x37c ./build-safety_d9_ref/3rd/fatfs/src.mod.o
 .text.dir_register
                0x000000003720412c      0x4e8 ./build-safety_d9_ref/3rd/fatfs/src.mod.o
 .text.validate
                0x0000000037204614       0x4c ./build-safety_d9_ref/3rd/fatfs/src.mod.o
 .text.f_mount  0x0000000037204660       0x80 ./build-safety_d9_ref/3rd/fatfs/src.mod.o
                0x0000000037204660                f_mount
 .text.f_open   0x00000000372046e0      0x3b8 ./build-safety_d9_ref/3rd/fatfs/src.mod.o
                0x00000000372046e0                f_open
 .text.f_read   0x0000000037204a98      0x24c ./build-safety_d9_ref/3rd/fatfs/src.mod.o
                0x0000000037204a98                f_read
 .text.f_sync   0x0000000037204ce4      0x298 ./build-safety_d9_ref/3rd/fatfs/src.mod.o
                0x0000000037204ce4                f_sync
 .text.f_close  0x0000000037204f7c       0x34 ./build-safety_d9_ref/3rd/fatfs/src.mod.o
                0x0000000037204f7c                f_close
 .text.f_lseek  0x0000000037204fb0      0x3cc ./build-safety_d9_ref/3rd/fatfs/src.mod.o
                0x0000000037204fb0                f_lseek
 .text.ff_memalloc
                0x000000003720537c        0xc ./build-safety_d9_ref/3rd/fatfs/src.mod.o
                0x000000003720537c                ff_memalloc
 .text.ff_memfree
                0x0000000037205388        0x4 ./build-safety_d9_ref/3rd/fatfs/src.mod.o
                0x0000000037205388                ff_memfree
 .text.ff_cre_syncobj
                0x000000003720538c       0x18 ./build-safety_d9_ref/3rd/fatfs/src.mod.o
                0x000000003720538c                ff_cre_syncobj
 .text.ff_del_syncobj
                0x00000000372053a4       0x14 ./build-safety_d9_ref/3rd/fatfs/src.mod.o
                0x00000000372053a4                ff_del_syncobj
 .text.ff_req_grant
                0x00000000372053b8       0x14 ./build-safety_d9_ref/3rd/fatfs/src.mod.o
                0x00000000372053b8                ff_req_grant
 .text.ff_rel_grant
                0x00000000372053cc        0x4 ./build-safety_d9_ref/3rd/fatfs/src.mod.o
                0x00000000372053cc                ff_rel_grant
 .text.ff_uni2oem
                0x00000000372053d0       0x54 ./build-safety_d9_ref/3rd/fatfs/src.mod.o
                0x00000000372053d0                ff_uni2oem
 .text.ff_oem2uni
                0x0000000037205424       0x30 ./build-safety_d9_ref/3rd/fatfs/src.mod.o
                0x0000000037205424                ff_oem2uni
 .text.ff_wtoupper
                0x0000000037205454       0xcc ./build-safety_d9_ref/3rd/fatfs/src.mod.o
                0x0000000037205454                ff_wtoupper
 .text.add_to_list
                0x0000000037205520       0x20 ./build-safety_d9_ref/3rd/rpmsg-lite.mod.o
                0x0000000037205520                add_to_list
 .text.remove_from_list
                0x0000000037205540       0x24 ./build-safety_d9_ref/3rd/rpmsg-lite.mod.o
                0x0000000037205540                remove_from_list
 .text.rpmsg_lite_rx_callback
                0x0000000037205564       0x94 ./build-safety_d9_ref/3rd/rpmsg-lite.mod.o
 .text.virtqueue_get_notified
                0x00000000372055f8       0x20 ./build-safety_d9_ref/3rd/rpmsg-lite.mod.o
 .text.virtqueue_notify
                0x0000000037205618       0x4c ./build-safety_d9_ref/3rd/rpmsg-lite.mod.o
 .text.vq_tx_alloc_master
                0x0000000037205664        0x4 ./build-safety_d9_ref/3rd/rpmsg-lite.mod.o
 .text.vq_tx_alloc_remote
                0x0000000037205668        0xc ./build-safety_d9_ref/3rd/rpmsg-lite.mod.o
 .text.rpmsg_lite_tx_callback
                0x0000000037205674       0x30 ./build-safety_d9_ref/3rd/rpmsg-lite.mod.o
 .text.vq_rx_free_master
                0x00000000372056a4       0x38 ./build-safety_d9_ref/3rd/rpmsg-lite.mod.o
 .text.vq_tx_master
                0x00000000372056dc       0x38 ./build-safety_d9_ref/3rd/rpmsg-lite.mod.o
 .text.vq_rx_free_remote
                0x0000000037205714       0x38 ./build-safety_d9_ref/3rd/rpmsg-lite.mod.o
 .text.vq_tx_remote
                0x000000003720574c       0x38 ./build-safety_d9_ref/3rd/rpmsg-lite.mod.o
 .text.vq_rx_master
                0x0000000037205784        0x4 ./build-safety_d9_ref/3rd/rpmsg-lite.mod.o
 .text.vq_rx_remote
                0x0000000037205788        0xc ./build-safety_d9_ref/3rd/rpmsg-lite.mod.o
 .text.rpmsg_lite_create_ept
                0x0000000037205794       0xb8 ./build-safety_d9_ref/3rd/rpmsg-lite.mod.o
                0x0000000037205794                rpmsg_lite_create_ept
 .text.rpmsg_lite_destroy_ept
                0x000000003720584c       0x64 ./build-safety_d9_ref/3rd/rpmsg-lite.mod.o
                0x000000003720584c                rpmsg_lite_destroy_ept
 .text.rpmsg_lite_is_link_up
                0x00000000372058b0        0x8 ./build-safety_d9_ref/3rd/rpmsg-lite.mod.o
                0x00000000372058b0                rpmsg_lite_is_link_up
 .text.rpmsg_lite_kick_remote
                0x00000000372058b8       0x14 ./build-safety_d9_ref/3rd/rpmsg-lite.mod.o
                0x00000000372058b8                rpmsg_lite_kick_remote
 .text.rpmsg_lite_format_message
                0x00000000372058cc       0xdc ./build-safety_d9_ref/3rd/rpmsg-lite.mod.o
                0x00000000372058cc                rpmsg_lite_format_message
 .text.rpmsg_lite_send
                0x00000000372059a8       0x34 ./build-safety_d9_ref/3rd/rpmsg-lite.mod.o
                0x00000000372059a8                rpmsg_lite_send
 .text.rpmsg_lite_release_rx_buffer
                0x00000000372059dc       0x54 ./build-safety_d9_ref/3rd/rpmsg-lite.mod.o
                0x00000000372059dc                rpmsg_lite_release_rx_buffer
 .text.rpmsg_lite_master_init
                0x0000000037205a30      0x2d8 ./build-safety_d9_ref/3rd/rpmsg-lite.mod.o
                0x0000000037205a30                rpmsg_lite_master_init
 .text.rpmsg_lite_remote_init
                0x0000000037205d08      0x178 ./build-safety_d9_ref/3rd/rpmsg-lite.mod.o
                0x0000000037205d08                rpmsg_lite_remote_init
 .text.rpmsg_lite_deinit
                0x0000000037205e80       0xb0 ./build-safety_d9_ref/3rd/rpmsg-lite.mod.o
                0x0000000037205e80                rpmsg_lite_deinit
 .text.rpmsg_ns_rx_cb
                0x0000000037205f30       0x64 ./build-safety_d9_ref/3rd/rpmsg-lite.mod.o
 .text.rpmsg_ns_bind
                0x0000000037205f94       0x50 ./build-safety_d9_ref/3rd/rpmsg-lite.mod.o
                0x0000000037205f94                rpmsg_ns_bind
 .text.rpmsg_ns_announce
                0x0000000037205fe4       0x54 ./build-safety_d9_ref/3rd/rpmsg-lite.mod.o
                0x0000000037205fe4                rpmsg_ns_announce
 .text.rpmsg_queue_rx_cb
                0x0000000037206038       0x4c ./build-safety_d9_ref/3rd/rpmsg-lite.mod.o
                0x0000000037206038                rpmsg_queue_rx_cb
 .text.rpmsg_queue_create
                0x0000000037206084       0x2c ./build-safety_d9_ref/3rd/rpmsg-lite.mod.o
                0x0000000037206084                rpmsg_queue_create
 .text.rpmsg_queue_destroy
                0x00000000372060b0       0x28 ./build-safety_d9_ref/3rd/rpmsg-lite.mod.o
                0x00000000372060b0                rpmsg_queue_destroy
 .text.rpmsg_queue_recv
                0x00000000372060d8       0x84 ./build-safety_d9_ref/3rd/rpmsg-lite.mod.o
                0x00000000372060d8                rpmsg_queue_recv
 .text.vq_ring_update_avail
                0x000000003720615c       0x30 ./build-safety_d9_ref/3rd/rpmsg-lite.mod.o
 .text.virtqueue_create
                0x000000003720618c       0x8c ./build-safety_d9_ref/3rd/rpmsg-lite.mod.o
                0x000000003720618c                virtqueue_create
 .text.virtqueue_add_buffer
                0x0000000037206218        0xc ./build-safety_d9_ref/3rd/rpmsg-lite.mod.o
                0x0000000037206218                virtqueue_add_buffer
 .text.virtqueue_fill_avail_buffers
                0x0000000037206224       0x48 ./build-safety_d9_ref/3rd/rpmsg-lite.mod.o
                0x0000000037206224                virtqueue_fill_avail_buffers
 .text.virtqueue_get_buffer
                0x000000003720626c       0x60 ./build-safety_d9_ref/3rd/rpmsg-lite.mod.o
                0x000000003720626c                virtqueue_get_buffer
 .text.virtqueue_get_buffer_length
                0x00000000372062cc        0xc ./build-safety_d9_ref/3rd/rpmsg-lite.mod.o
                0x00000000372062cc                virtqueue_get_buffer_length
 .text.virtqueue_free
                0x00000000372062d8       0x14 ./build-safety_d9_ref/3rd/rpmsg-lite.mod.o
                0x00000000372062d8                virtqueue_free
 .text.virtqueue_get_available_buffer
                0x00000000372062ec       0x4c ./build-safety_d9_ref/3rd/rpmsg-lite.mod.o
                0x00000000372062ec                virtqueue_get_available_buffer
 .text.virtqueue_add_consumed_buffer
                0x0000000037206338       0x38 ./build-safety_d9_ref/3rd/rpmsg-lite.mod.o
                0x0000000037206338                virtqueue_add_consumed_buffer
 .text.virtqueue_fill_used_buffers
                0x0000000037206370       0x60 ./build-safety_d9_ref/3rd/rpmsg-lite.mod.o
                0x0000000037206370                virtqueue_fill_used_buffers
 .text.virtqueue_disable_cb
                0x00000000372063d0       0x2c ./build-safety_d9_ref/3rd/rpmsg-lite.mod.o
                0x00000000372063d0                virtqueue_disable_cb
 .text.virtqueue_kick
                0x00000000372063fc       0x4c ./build-safety_d9_ref/3rd/rpmsg-lite.mod.o
                0x00000000372063fc                virtqueue_kick
 .text.vq_ring_init
                0x0000000037206448       0x30 ./build-safety_d9_ref/3rd/rpmsg-lite.mod.o
                0x0000000037206448                vq_ring_init
 .text.virtqueue_notification
                0x0000000037206478        0xc ./build-safety_d9_ref/3rd/rpmsg-lite.mod.o
                0x0000000037206478                virtqueue_notification
 .text.env_init
                0x0000000037206484       0x84 ./build-safety_d9_ref/3rd/rpmsg-lite.mod.o
                0x0000000037206484                env_init
 .text.env_deinit
                0x0000000037206508       0x5c ./build-safety_d9_ref/3rd/rpmsg-lite.mod.o
                0x0000000037206508                env_deinit
 .text.env_allocate_memory
                0x0000000037206564        0x4 ./build-safety_d9_ref/3rd/rpmsg-lite.mod.o
                0x0000000037206564                env_allocate_memory
 .text.env_free_memory
                0x0000000037206568        0x8 ./build-safety_d9_ref/3rd/rpmsg-lite.mod.o
                0x0000000037206568                env_free_memory
 .text.env_memset
                0x0000000037206570        0x4 ./build-safety_d9_ref/3rd/rpmsg-lite.mod.o
                0x0000000037206570                env_memset
 .text.env_memcpy
                0x0000000037206574        0x4 ./build-safety_d9_ref/3rd/rpmsg-lite.mod.o
                0x0000000037206574                env_memcpy
 .text.env_strncpy
                0x0000000037206578        0x4 ./build-safety_d9_ref/3rd/rpmsg-lite.mod.o
                0x0000000037206578                env_strncpy
 .text.env_mb   0x000000003720657c        0x4 ./build-safety_d9_ref/3rd/rpmsg-lite.mod.o
                0x000000003720657c                env_mb
 .text.env_rmb  0x0000000037206580        0x4 ./build-safety_d9_ref/3rd/rpmsg-lite.mod.o
                0x0000000037206580                env_rmb
 .text.env_wmb  0x0000000037206584        0x4 ./build-safety_d9_ref/3rd/rpmsg-lite.mod.o
                0x0000000037206584                env_wmb
 .text.env_map_vatopa
                0x0000000037206588        0x4 ./build-safety_d9_ref/3rd/rpmsg-lite.mod.o
                0x0000000037206588                env_map_vatopa
 .text.env_map_patova
                0x000000003720658c        0x4 ./build-safety_d9_ref/3rd/rpmsg-lite.mod.o
                0x000000003720658c                env_map_patova
 .text.env_create_mutex
                0x0000000037206590       0x34 ./build-safety_d9_ref/3rd/rpmsg-lite.mod.o
                0x0000000037206590                env_create_mutex
 .text.env_delete_mutex
                0x00000000372065c4        0x8 ./build-safety_d9_ref/3rd/rpmsg-lite.mod.o
                0x00000000372065c4                env_delete_mutex
 .text.env_lock_mutex
                0x00000000372065cc       0x18 ./build-safety_d9_ref/3rd/rpmsg-lite.mod.o
                0x00000000372065cc                env_lock_mutex
 .text.env_unlock_mutex
                0x00000000372065e4       0x18 ./build-safety_d9_ref/3rd/rpmsg-lite.mod.o
                0x00000000372065e4                env_unlock_mutex
 .text.env_sleep_msec
                0x00000000372065fc        0x4 ./build-safety_d9_ref/3rd/rpmsg-lite.mod.o
                0x00000000372065fc                env_sleep_msec
 .text.env_enable_interrupt
                0x0000000037206600        0x4 ./build-safety_d9_ref/3rd/rpmsg-lite.mod.o
                0x0000000037206600                env_enable_interrupt
 .text.env_disable_interrupt
                0x0000000037206604        0x4 ./build-safety_d9_ref/3rd/rpmsg-lite.mod.o
                0x0000000037206604                env_disable_interrupt
 .text.env_create_queue
                0x0000000037206608       0x60 ./build-safety_d9_ref/3rd/rpmsg-lite.mod.o
                0x0000000037206608                env_create_queue
 .text.env_delete_queue
                0x0000000037206668       0x18 ./build-safety_d9_ref/3rd/rpmsg-lite.mod.o
                0x0000000037206668                env_delete_queue
 .text.env_put_queue
                0x0000000037206680       0x14 ./build-safety_d9_ref/3rd/rpmsg-lite.mod.o
                0x0000000037206680                env_put_queue
 .text.env_get_queue
                0x0000000037206694       0x18 ./build-safety_d9_ref/3rd/rpmsg-lite.mod.o
                0x0000000037206694                env_get_queue
 .text.platform_init_interrupt
                0x00000000372066ac        0x4 ./build-safety_d9_ref/3rd/rpmsg-lite.mod.o
                0x00000000372066ac                platform_init_interrupt
 .text.platform_deinit_interrupt
                0x00000000372066b0        0x4 ./build-safety_d9_ref/3rd/rpmsg-lite.mod.o
                0x00000000372066b0                platform_deinit_interrupt
 .text.platform_notify
                0x00000000372066b4        0x4 ./build-safety_d9_ref/3rd/rpmsg-lite.mod.o
                0x00000000372066b4                platform_notify
 .text.platform_in_isr
                0x00000000372066b8        0x4 ./build-safety_d9_ref/3rd/rpmsg-lite.mod.o
                0x00000000372066b8                platform_in_isr
 .text.platform_interrupt_enable
                0x00000000372066bc        0x4 ./build-safety_d9_ref/3rd/rpmsg-lite.mod.o
                0x00000000372066bc                platform_interrupt_enable
 .text.platform_interrupt_disable
                0x00000000372066c0        0x4 ./build-safety_d9_ref/3rd/rpmsg-lite.mod.o
                0x00000000372066c0                platform_interrupt_disable
 .text.platform_init_rpmsg
                0x00000000372066c4       0x1c ./build-safety_d9_ref/3rd/rpmsg-lite.mod.o
                0x00000000372066c4                platform_init_rpmsg
 .text.platform_deinit_rpmsg
                0x00000000372066e0       0x18 ./build-safety_d9_ref/3rd/rpmsg-lite.mod.o
                0x00000000372066e0                platform_deinit_rpmsg
 .text.boot_sec
                0x00000000372066f8       0x28 ./build-safety_d9_ref/application/system/boot_ss.mod.o
 .text.dcf      0x0000000037206720       0x34 ./build-safety_d9_ref/application/system/boot_ss.mod.o
 .text.rtc_check
                0x0000000037206754       0x2c ./build-safety_d9_ref/application/system/boot_ss.mod.o
 .text.rtc_switch_osc_thread
                0x0000000037206780       0x18 ./build-safety_d9_ref/application/system/boot_ss.mod.o
 .text.reboot_reason_detect
                0x0000000037206798       0x20 ./build-safety_d9_ref/application/system/boot_ss.mod.o
 .text.ap2_boot
                0x00000000372067b8       0x2c ./build-safety_d9_ref/application/system/boot_ss.mod.o
                0x00000000372067b8                ap2_boot
 .text.boot_ap1.isra.1
                0x00000000372067e4       0x38 ./build-safety_d9_ref/application/system/boot_ss.mod.o
 .text.ap1_boot
                0x000000003720681c        0xc ./build-safety_d9_ref/application/system/boot_ss.mod.o
                0x000000003720681c                ap1_boot
 .text.boot_ap  0x0000000037206828        0x4 ./build-safety_d9_ref/application/system/boot_ss.mod.o
 .text.j2mp     0x000000003720682c       0x80 ./build-safety_d9_ref/application/system/boot_ss.mod.o
                0x000000003720682c                j2mp
 .text.sdvrTaskStateInfo
                0x00000000372068ac      0x1e0 ./build-safety_d9_ref/application/system/kernel_monitor.mod.o
                0x00000000372068ac                sdvrTaskStateInfo
 .text.sdrvDumpTaskInfo
                0x0000000037206a8c      0x120 ./build-safety_d9_ref/application/system/kernel_monitor.mod.o
                0x0000000037206a8c                sdrvDumpTaskInfo
 .text.km_heap_dump_cb
                0x0000000037206bac        0xc ./build-safety_d9_ref/application/system/kernel_monitor.mod.o
                0x0000000037206bac                km_heap_dump_cb
 .text.km_task_dump_cb
                0x0000000037206bb8       0x14 ./build-safety_d9_ref/application/system/kernel_monitor.mod.o
                0x0000000037206bb8                km_task_dump_cb
 .text.kernel_top_task
                0x0000000037206bcc        0xc ./build-safety_d9_ref/application/system/kernel_monitor.mod.o
                0x0000000037206bcc                kernel_top_task
 .text.kernel_monitor
                0x0000000037206bd8       0xd8 ./build-safety_d9_ref/application/system/kernel_monitor.mod.o
                0x0000000037206bd8                kernel_monitor
 .text.soc_global_rst
                0x0000000037206cb0       0x40 ./build-safety_d9_ref/application/system/ospi_handover.mod.o
                0x0000000037206cb0                soc_global_rst
 .text.ospi_handover_entry
                0x0000000037206cf0       0xe0 ./build-safety_d9_ref/application/system/ospi_handover.mod.o
                0x0000000037206cf0                ospi_handover_entry
 .text.pvt_set_print
                0x0000000037206dd0       0xa4 ./build-safety_d9_ref/application/system/pvt.mod.o
                0x0000000037206dd0                pvt_set_print
 .text.pvt_ctrl
                0x0000000037206e74      0x324 ./build-safety_d9_ref/application/system/pvt.mod.o
                0x0000000037206e74                pvt_ctrl
 .text.pvt_entry
                0x0000000037207198        0x8 ./build-safety_d9_ref/application/system/pvt.mod.o
                0x0000000037207198                pvt_entry
 .text.print_build_config
                0x00000000372071a0       0x50 ./build-safety_d9_ref/application/test/buildconfig.mod.o
 .text.strtof   0x00000000372071f0       0xa8 ./build-safety_d9_ref/application/test/disp.mod.o
 .text.pq_set   0x0000000037207298      0x228 ./build-safety_d9_ref/application/test/disp.mod.o
 .text.help     0x00000000372074c0       0xbc ./build-safety_d9_ref/application/tools/pin.mod.o
 .text.gpio_info
                0x000000003720757c      0x82c ./build-safety_d9_ref/application/tools/pin.mod.o
                0x000000003720757c                gpio_info
 .text.get_pin_info_per
                0x0000000037207da8      0x42c ./build-safety_d9_ref/application/tools/port_helper.mod.o
                0x0000000037207da8                get_pin_info_per
 .text.get_pin_info
                0x00000000372081d4       0x60 ./build-safety_d9_ref/application/tools/port_helper.mod.o
                0x00000000372081d4                get_pin_info
 .text.cmd_poweroff
                0x0000000037208234       0xc8 ./build-safety_d9_ref/application/tools/poweroff.mod.o
                0x0000000037208234                cmd_poweroff
 .text.sem_clear_error
                0x00000000372082fc       0x44 ./build-safety_d9_ref/application/tools/sem_monitor.mod.o
 .text.sem_monitor
                0x0000000037208340       0x50 ./build-safety_d9_ref/application/tools/sem_monitor.mod.o
 .text.sem_monitor_on
                0x0000000037208390       0x58 ./build-safety_d9_ref/application/tools/sem_monitor.mod.o
 .text.clkgen_get_default_config
                0x00000000372083e8       0x10 ./build-safety_d9_ref/chipdev/clkgen/sd_clkgen.mod.o
                0x00000000372083e8                clkgen_get_default_config
 .text.clkgen_fsrefclk_sel
                0x00000000372083f8       0x44 ./build-safety_d9_ref/chipdev/clkgen/sd_clkgen.mod.o
                0x00000000372083f8                clkgen_fsrefclk_sel
 .text.clkgen_gating_enable
                0x000000003720843c       0x4c ./build-safety_d9_ref/chipdev/clkgen/sd_clkgen.mod.o
                0x000000003720843c                clkgen_gating_enable
 .text.clkgen_ip_slice_set
                0x0000000037208488       0xc8 ./build-safety_d9_ref/chipdev/clkgen/sd_clkgen.mod.o
                0x0000000037208488                clkgen_ip_slice_set
 .text.clkgen_ip_ctl_get
                0x0000000037208550        0xc ./build-safety_d9_ref/chipdev/clkgen/sd_clkgen.mod.o
                0x0000000037208550                clkgen_ip_ctl_get
 .text.clkgen_ip_ctl_set
                0x000000003720855c       0xb0 ./build-safety_d9_ref/chipdev/clkgen/sd_clkgen.mod.o
                0x000000003720855c                clkgen_ip_ctl_set
 .text.clkgen_bus_slice_switch
                0x000000003720860c      0x238 ./build-safety_d9_ref/chipdev/clkgen/sd_clkgen.mod.o
                0x000000003720860c                clkgen_bus_slice_switch
 .text.clkgen_bus_ctl_get
                0x0000000037208844       0x34 ./build-safety_d9_ref/chipdev/clkgen/sd_clkgen.mod.o
                0x0000000037208844                clkgen_bus_ctl_get
 .text.clkgen_bus_ctl_set
                0x0000000037208878      0x240 ./build-safety_d9_ref/chipdev/clkgen/sd_clkgen.mod.o
                0x0000000037208878                clkgen_bus_ctl_set
 .text.clkgen_core_slice_switch
                0x0000000037208ab8      0x124 ./build-safety_d9_ref/chipdev/clkgen/sd_clkgen.mod.o
                0x0000000037208ab8                clkgen_core_slice_switch
 .text.clkgen_core_ctl_get
                0x0000000037208bdc       0x10 ./build-safety_d9_ref/chipdev/clkgen/sd_clkgen.mod.o
                0x0000000037208bdc                clkgen_core_ctl_get
 .text.clkgen_core_ctl_set
                0x0000000037208bec      0x110 ./build-safety_d9_ref/chipdev/clkgen/sd_clkgen.mod.o
                0x0000000037208bec                clkgen_core_ctl_set
 .text.clkgen_mon_ip_slice
                0x0000000037208cfc      0x12c ./build-safety_d9_ref/chipdev/clkgen/sd_clkgen.mod.o
                0x0000000037208cfc                clkgen_mon_ip_slice
 .text.clkgen_mon_bus_slice
                0x0000000037208e28      0x130 ./build-safety_d9_ref/chipdev/clkgen/sd_clkgen.mod.o
                0x0000000037208e28                clkgen_mon_bus_slice
 .text.clkgen_mon_core_slice
                0x0000000037208f58      0x12c ./build-safety_d9_ref/chipdev/clkgen/sd_clkgen.mod.o
                0x0000000037208f58                clkgen_mon_core_slice
 .text.clkgen_uuu_clock_wrapper
                0x0000000037209084       0x7c ./build-safety_d9_ref/chipdev/clkgen/sd_clkgen.mod.o
                0x0000000037209084                clkgen_uuu_clock_wrapper
 .text.clkgen_uuu_ctl_get
                0x0000000037209100       0x10 ./build-safety_d9_ref/chipdev/clkgen/sd_clkgen.mod.o
                0x0000000037209100                clkgen_uuu_ctl_get
 .text.clkgen_uuu_ctl_set
                0x0000000037209110       0x58 ./build-safety_d9_ref/chipdev/clkgen/sd_clkgen.mod.o
                0x0000000037209110                clkgen_uuu_ctl_set
 .text.clkgen_ipslice_debug_enable
                0x0000000037209168       0x3c ./build-safety_d9_ref/chipdev/clkgen/sd_clkgen.mod.o
                0x0000000037209168                clkgen_ipslice_debug_enable
 .text.clkgen_ipslice_debug_disable
                0x00000000372091a4       0x2c ./build-safety_d9_ref/chipdev/clkgen/sd_clkgen.mod.o
                0x00000000372091a4                clkgen_ipslice_debug_disable
 .text.clkgen_busslice_debug_enable
                0x00000000372091d0       0x40 ./build-safety_d9_ref/chipdev/clkgen/sd_clkgen.mod.o
                0x00000000372091d0                clkgen_busslice_debug_enable
 .text.clkgen_busslice_debug_disable
                0x0000000037209210        0x4 ./build-safety_d9_ref/chipdev/clkgen/sd_clkgen.mod.o
                0x0000000037209210                clkgen_busslice_debug_disable
 .text.clkgen_coreslice_debug_enable
                0x0000000037209214       0x38 ./build-safety_d9_ref/chipdev/clkgen/sd_clkgen.mod.o
                0x0000000037209214                clkgen_coreslice_debug_enable
 .text.clkgen_coreslice_debug_disable
                0x000000003720924c        0x4 ./build-safety_d9_ref/chipdev/clkgen/sd_clkgen.mod.o
                0x000000003720924c                clkgen_coreslice_debug_disable
 .text.clkgen_uuuslice_debug_enable
                0x0000000037209250       0x40 ./build-safety_d9_ref/chipdev/clkgen/sd_clkgen.mod.o
                0x0000000037209250                clkgen_uuuslice_debug_enable
 .text.clkgen_uuuslice_debug_disable
                0x0000000037209290       0x2c ./build-safety_d9_ref/chipdev/clkgen/sd_clkgen.mod.o
                0x0000000037209290                clkgen_uuuslice_debug_disable
 .text.sram_config
                0x00000000372092bc       0x38 ./build-safety_d9_ref/chipdev/crypto/silex.mod.o
                0x00000000372092bc                sram_config
 .text.trng_irq_handle
                0x00000000372092f4       0x14 ./build-safety_d9_ref/chipdev/crypto/silex.mod.o
                0x00000000372092f4                trng_irq_handle
 .text.ce_globle_init
                0x0000000037209308       0x54 ./build-safety_d9_ref/chipdev/crypto/silex.mod.o
                0x0000000037209308                ce_globle_init
 .text.Dio_enable_irq
                0x000000003720935c       0x2c ./build-safety_d9_ref/chipdev/dio/sd_dio.mod.o
                0x000000003720935c                Dio_enable_irq
 .text.Dio_disable_irq
                0x0000000037209388       0x50 ./build-safety_d9_ref/chipdev/dio/sd_dio.mod.o
                0x0000000037209388                Dio_disable_irq
 .text.Dio_config_irq
                0x00000000372093d8       0xc4 ./build-safety_d9_ref/chipdev/dio/sd_dio.mod.o
                0x00000000372093d8                Dio_config_irq
 .text.Dio_get_irq_status
                0x000000003720949c       0x24 ./build-safety_d9_ref/chipdev/dio/sd_dio.mod.o
                0x000000003720949c                Dio_get_irq_status
 .text.Dio_WriteChannel
                0x00000000372094c0       0x50 ./build-safety_d9_ref/chipdev/dio/sd_dio.mod.o
                0x00000000372094c0                Dio_WriteChannel
 .text.Dio_SetHandle
                0x0000000037209510       0x14 ./build-safety_d9_ref/chipdev/dio/sd_dio.mod.o
                0x0000000037209510                Dio_SetHandle
 .text.dsi_check_version
                0x0000000037209524       0x18 ./build-safety_d9_ref/chipdev/disp/sd_disp.mod.o
 .text.dsi_power_enable
                0x000000003720953c        0x8 ./build-safety_d9_ref/chipdev/disp/sd_disp.mod.o
 .text.dsi_get_power_status
                0x0000000037209544        0xc ./build-safety_d9_ref/chipdev/disp/sd_disp.mod.o
 .text.dsi_timeout_clock_division
                0x0000000037209550       0x14 ./build-safety_d9_ref/chipdev/disp/sd_disp.mod.o
 .text.dsi_tx_escape_division
                0x0000000037209564       0x10 ./build-safety_d9_ref/chipdev/disp/sd_disp.mod.o
 .text.dsi_video_vcid
                0x0000000037209574        0x8 ./build-safety_d9_ref/chipdev/disp/sd_disp.mod.o
 .text.dsi_get_video_vcid
                0x000000003720957c        0xc ./build-safety_d9_ref/chipdev/disp/sd_disp.mod.o
 .text.dsi_dpi_color_coding
                0x0000000037209588       0x10 ./build-safety_d9_ref/chipdev/disp/sd_disp.mod.o
 .text.dsi_dpi_get_color_coding
                0x0000000037209598        0xc ./build-safety_d9_ref/chipdev/disp/sd_disp.mod.o
 .text.dsi_dpi_get_color_depth
                0x00000000372095a4       0x1c ./build-safety_d9_ref/chipdev/disp/sd_disp.mod.o
 .text.dsi_dpi_get_color_config
                0x00000000372095c0       0x1c ./build-safety_d9_ref/chipdev/disp/sd_disp.mod.o
 .text.dsi_dpi_18_loosely_packet_en
                0x00000000372095dc       0x14 ./build-safety_d9_ref/chipdev/disp/sd_disp.mod.o
 .text.dsi_dpi_color_mode_pol
                0x00000000372095f0       0x14 ./build-safety_d9_ref/chipdev/disp/sd_disp.mod.o
 .text.dsi_dpi_shut_down_pol
                0x0000000037209604       0x14 ./build-safety_d9_ref/chipdev/disp/sd_disp.mod.o
 .text.dsi_dpi_hsync_pol
                0x0000000037209618       0x14 ./build-safety_d9_ref/chipdev/disp/sd_disp.mod.o
 .text.dsi_dpi_vsync_pol
                0x000000003720962c       0x14 ./build-safety_d9_ref/chipdev/disp/sd_disp.mod.o
 .text.dsi_dpi_data_en_pol
                0x0000000037209640       0x10 ./build-safety_d9_ref/chipdev/disp/sd_disp.mod.o
 .text.dsi_eotp_rx_en
                0x0000000037209650       0x14 ./build-safety_d9_ref/chipdev/disp/sd_disp.mod.o
 .text.dsi_eotp_tx_en
                0x0000000037209664       0x10 ./build-safety_d9_ref/chipdev/disp/sd_disp.mod.o
 .text.dsi_bta_en
                0x0000000037209674       0x14 ./build-safety_d9_ref/chipdev/disp/sd_disp.mod.o
 .text.dsi_ecc_rx_en
                0x0000000037209688       0x14 ./build-safety_d9_ref/chipdev/disp/sd_disp.mod.o
 .text.dsi_crc_rx_en
                0x000000003720969c       0x14 ./build-safety_d9_ref/chipdev/disp/sd_disp.mod.o
 .text.dsi_eotp_tx_lp_en
                0x00000000372096b0       0x14 ./build-safety_d9_ref/chipdev/disp/sd_disp.mod.o
 .text.dsi_rx_vcid
                0x00000000372096c4       0x10 ./build-safety_d9_ref/chipdev/disp/sd_disp.mod.o
 .text.dsi_video_mode
                0x00000000372096d4        0x8 ./build-safety_d9_ref/chipdev/disp/sd_disp.mod.o
 .text.dsi_cmd_mode
                0x00000000372096dc        0x8 ./build-safety_d9_ref/chipdev/disp/sd_disp.mod.o
 .text.dsi_is_cmd_mode
                0x00000000372096e4        0xc ./build-safety_d9_ref/chipdev/disp/sd_disp.mod.o
 .text.dsi_video_mode_lp_cmd_en
                0x00000000372096f0       0x14 ./build-safety_d9_ref/chipdev/disp/sd_disp.mod.o
 .text.dsi_video_mode_frame_ack_en
                0x0000000037209704       0x14 ./build-safety_d9_ref/chipdev/disp/sd_disp.mod.o
 .text.dsi_video_mode_lp_hfp_en
                0x0000000037209718        0xc ./build-safety_d9_ref/chipdev/disp/sd_disp.mod.o
 .text.dsi_video_mode_lp_hbp_en
                0x0000000037209724       0x14 ./build-safety_d9_ref/chipdev/disp/sd_disp.mod.o
 .text.dsi_video_mode_lp_vact_en
                0x0000000037209738       0x14 ./build-safety_d9_ref/chipdev/disp/sd_disp.mod.o
 .text.dsi_video_mode_lp_vfp_en
                0x000000003720974c       0x14 ./build-safety_d9_ref/chipdev/disp/sd_disp.mod.o
 .text.dsi_video_mode_lp_vbp_en
                0x0000000037209760       0x14 ./build-safety_d9_ref/chipdev/disp/sd_disp.mod.o
 .text.dsi_video_mode_lp_vsa_en
                0x0000000037209774       0x14 ./build-safety_d9_ref/chipdev/disp/sd_disp.mod.o
 .text.dsi_dpi_hporch_lp_en
                0x0000000037209788       0x1c ./build-safety_d9_ref/chipdev/disp/sd_disp.mod.o
 .text.dsi_dpi_vporch_lp_en
                0x00000000372097a4       0x30 ./build-safety_d9_ref/chipdev/disp/sd_disp.mod.o
 .text.dsi_video_mode_mode_type
                0x00000000372097d4       0x10 ./build-safety_d9_ref/chipdev/disp/sd_disp.mod.o
 .text.dsi_vpg_orientation_act
                0x00000000372097e4       0x14 ./build-safety_d9_ref/chipdev/disp/sd_disp.mod.o
 .text.dsi_vpg_mode_act
                0x00000000372097f8       0x14 ./build-safety_d9_ref/chipdev/disp/sd_disp.mod.o
 .text.dsi_enable_vpg_act
                0x000000003720980c       0x14 ./build-safety_d9_ref/chipdev/disp/sd_disp.mod.o
 .text.dsi_dpi_video_packet_size
                0x0000000037209820        0x8 ./build-safety_d9_ref/chipdev/disp/sd_disp.mod.o
 .text.dsi_dpi_chunk_num
                0x0000000037209828        0x8 ./build-safety_d9_ref/chipdev/disp/sd_disp.mod.o
 .text.dsi_dpi_null_packet_size
                0x0000000037209830        0x8 ./build-safety_d9_ref/chipdev/disp/sd_disp.mod.o
 .text.dsi_dpi_hsync_time
                0x0000000037209838        0x8 ./build-safety_d9_ref/chipdev/disp/sd_disp.mod.o
 .text.dsi_dpi_hbp_time
                0x0000000037209840        0x8 ./build-safety_d9_ref/chipdev/disp/sd_disp.mod.o
 .text.dsi_dpi_hline_time
                0x0000000037209848        0x8 ./build-safety_d9_ref/chipdev/disp/sd_disp.mod.o
 .text.dsi_dpi_vsync
                0x0000000037209850        0x8 ./build-safety_d9_ref/chipdev/disp/sd_disp.mod.o
 .text.dsi_dpi_vbp
                0x0000000037209858        0x8 ./build-safety_d9_ref/chipdev/disp/sd_disp.mod.o
 .text.dsi_dpi_vfp
                0x0000000037209860        0x8 ./build-safety_d9_ref/chipdev/disp/sd_disp.mod.o
 .text.dsi_dpi_vact
                0x0000000037209868        0x8 ./build-safety_d9_ref/chipdev/disp/sd_disp.mod.o
 .text.dsi_tear_effect_ack_en
                0x0000000037209870       0x10 ./build-safety_d9_ref/chipdev/disp/sd_disp.mod.o
 .text.dsi_cmd_ack_request_en
                0x0000000037209880       0x14 ./build-safety_d9_ref/chipdev/disp/sd_disp.mod.o
 .text.dsi_cmd_mode_lp_cmd_en
                0x0000000037209894       0x80 ./build-safety_d9_ref/chipdev/disp/sd_disp.mod.o
 .text.dsi_set_packet_header
                0x0000000037209914       0x38 ./build-safety_d9_ref/chipdev/disp/sd_disp.mod.o
 .text.dsi_set_packet_payload
                0x000000003720994c        0x8 ./build-safety_d9_ref/chipdev/disp/sd_disp.mod.o
 .text.dsi_get_rx_payload
                0x0000000037209954        0x8 ./build-safety_d9_ref/chipdev/disp/sd_disp.mod.o
 .text.dsi_is_bta_returned
                0x000000003720995c       0x10 ./build-safety_d9_ref/chipdev/disp/sd_disp.mod.o
 .text.dsi_is_rx_payload_fifo_full
                0x000000003720996c        0xc ./build-safety_d9_ref/chipdev/disp/sd_disp.mod.o
 .text.dsi_is_rx_payload_fifo_empty
                0x0000000037209978        0xc ./build-safety_d9_ref/chipdev/disp/sd_disp.mod.o
 .text.dsi_is_tx_payload_fifo_full
                0x0000000037209984        0xc ./build-safety_d9_ref/chipdev/disp/sd_disp.mod.o
 .text.dsi_is_tx_payload_fifo_empty
                0x0000000037209990        0xc ./build-safety_d9_ref/chipdev/disp/sd_disp.mod.o
 .text.dsi_is_tx_cmd_fifo_full
                0x000000003720999c        0xc ./build-safety_d9_ref/chipdev/disp/sd_disp.mod.o
 .text.dsi_is_tx_cmd_fifo_empty
                0x00000000372099a8        0xc ./build-safety_d9_ref/chipdev/disp/sd_disp.mod.o
 .text.dsi_lp_rx_timeout
                0x00000000372099b4       0x10 ./build-safety_d9_ref/chipdev/disp/sd_disp.mod.o
 .text.dsi_hs_tx_timeout
                0x00000000372099c4       0x10 ./build-safety_d9_ref/chipdev/disp/sd_disp.mod.o
 .text.dsi_hs_read_presp_timeout
                0x00000000372099d4        0x8 ./build-safety_d9_ref/chipdev/disp/sd_disp.mod.o
 .text.dsi_lp_read_presp_timeout
                0x00000000372099dc        0x8 ./build-safety_d9_ref/chipdev/disp/sd_disp.mod.o
 .text.dsi_hs_write_presp_timeout
                0x00000000372099e4       0x14 ./build-safety_d9_ref/chipdev/disp/sd_disp.mod.o
 .text.dsi_bta_presp_timeout
                0x00000000372099f8        0x8 ./build-safety_d9_ref/chipdev/disp/sd_disp.mod.o
 .text.dsi_nc_clk_en
                0x0000000037209a00       0x18 ./build-safety_d9_ref/chipdev/disp/sd_disp.mod.o
 .text.dsi_nc_clk_status
                0x0000000037209a18        0xc ./build-safety_d9_ref/chipdev/disp/sd_disp.mod.o
 .text.dsi_int0_status
                0x0000000037209a24        0xc ./build-safety_d9_ref/chipdev/disp/sd_disp.mod.o
 .text.dsi_int1_status
                0x0000000037209a30        0xc ./build-safety_d9_ref/chipdev/disp/sd_disp.mod.o
 .text.dsi_int0_mask
                0x0000000037209a3c        0x8 ./build-safety_d9_ref/chipdev/disp/sd_disp.mod.o
 .text.dsi_int_get_mask_0
                0x0000000037209a44        0x8 ./build-safety_d9_ref/chipdev/disp/sd_disp.mod.o
 .text.dsi_int1_mask
                0x0000000037209a4c        0x8 ./build-safety_d9_ref/chipdev/disp/sd_disp.mod.o
 .text.dsi_int_get_mask_1
                0x0000000037209a54        0x8 ./build-safety_d9_ref/chipdev/disp/sd_disp.mod.o
 .text.dsi_force_int_0
                0x0000000037209a5c        0x8 ./build-safety_d9_ref/chipdev/disp/sd_disp.mod.o
 .text.dsi_force_int_1
                0x0000000037209a64        0x8 ./build-safety_d9_ref/chipdev/disp/sd_disp.mod.o
 .text.dsi_max_read_time
                0x0000000037209a6c        0x8 ./build-safety_d9_ref/chipdev/disp/sd_disp.mod.o
 .text.dsi_activate_shadow_registers
                0x0000000037209a74       0x14 ./build-safety_d9_ref/chipdev/disp/sd_disp.mod.o
 .text.dsi_read_state_shadow_registers
                0x0000000037209a88        0xc ./build-safety_d9_ref/chipdev/disp/sd_disp.mod.o
 .text.dsi_request_registers_change
                0x0000000037209a94       0x14 ./build-safety_d9_ref/chipdev/disp/sd_disp.mod.o
 .text.dsi_external_pin_registers_change
                0x0000000037209aa8       0x18 ./build-safety_d9_ref/chipdev/disp/sd_disp.mod.o
 .text.dsi_get_dpi_video_vc_act
                0x0000000037209ac0        0xc ./build-safety_d9_ref/chipdev/disp/sd_disp.mod.o
 .text.dsi_get_loosely18_en_act
                0x0000000037209acc        0xc ./build-safety_d9_ref/chipdev/disp/sd_disp.mod.o
 .text.dsi_get_dpi_color_coding_act
                0x0000000037209ad8        0x4 ./build-safety_d9_ref/chipdev/disp/sd_disp.mod.o
 .text.dsi_get_lp_cmd_en_act
                0x0000000037209adc        0xc ./build-safety_d9_ref/chipdev/disp/sd_disp.mod.o
 .text.dsi_get_frame_bta_ack_en_act
                0x0000000037209ae8        0xc ./build-safety_d9_ref/chipdev/disp/sd_disp.mod.o
 .text.dsi_get_lp_hfp_en_act
                0x0000000037209af4        0xc ./build-safety_d9_ref/chipdev/disp/sd_disp.mod.o
 .text.dsi_get_lp_hbp_en_act
                0x0000000037209b00        0xc ./build-safety_d9_ref/chipdev/disp/sd_disp.mod.o
 .text.dsi_get_lp_vact_en_act
                0x0000000037209b0c        0xc ./build-safety_d9_ref/chipdev/disp/sd_disp.mod.o
 .text.dsi_get_lp_vfp_en_act
                0x0000000037209b18        0xc ./build-safety_d9_ref/chipdev/disp/sd_disp.mod.o
 .text.dsi_get_lp_vbp_en_act
                0x0000000037209b24        0xc ./build-safety_d9_ref/chipdev/disp/sd_disp.mod.o
 .text.dsi_get_lp_vsa_en_act
                0x0000000037209b30        0xc ./build-safety_d9_ref/chipdev/disp/sd_disp.mod.o
 .text.dsi_get_vid_mode_type_act
                0x0000000037209b3c        0xc ./build-safety_d9_ref/chipdev/disp/sd_disp.mod.o
 .text.dsi_get_vid_pkt_size_act
                0x0000000037209b48        0xc ./build-safety_d9_ref/chipdev/disp/sd_disp.mod.o
 .text.dsi_get_vid_num_chunks_act
                0x0000000037209b54        0xc ./build-safety_d9_ref/chipdev/disp/sd_disp.mod.o
 .text.dsi_get_vid_null_size_act
                0x0000000037209b60        0xc ./build-safety_d9_ref/chipdev/disp/sd_disp.mod.o
 .text.dsi_get_vid_hsa_time_act
                0x0000000037209b6c        0xc ./build-safety_d9_ref/chipdev/disp/sd_disp.mod.o
 .text.dsi_get_vid_hbp_time_act
                0x0000000037209b78        0xc ./build-safety_d9_ref/chipdev/disp/sd_disp.mod.o
 .text.dsi_get_vid_hline_time_act
                0x0000000037209b84        0xc ./build-safety_d9_ref/chipdev/disp/sd_disp.mod.o
 .text.dsi_get_vsa_lines_act
                0x0000000037209b90        0xc ./build-safety_d9_ref/chipdev/disp/sd_disp.mod.o
 .text.dsi_get_vbp_lines_act
                0x0000000037209b9c        0xc ./build-safety_d9_ref/chipdev/disp/sd_disp.mod.o
 .text.dsi_get_vfp_lines_act
                0x0000000037209ba8        0xc ./build-safety_d9_ref/chipdev/disp/sd_disp.mod.o
 .text.dsi_get_v_active_lines_act
                0x0000000037209bb4        0xc ./build-safety_d9_ref/chipdev/disp/sd_disp.mod.o
 .text.dsi_get_send_3d_cfg_act
                0x0000000037209bc0        0xc ./build-safety_d9_ref/chipdev/disp/sd_disp.mod.o
 .text.dsi_get_right_left_act
                0x0000000037209bcc        0xc ./build-safety_d9_ref/chipdev/disp/sd_disp.mod.o
 .text.dsi_get_second_vsync_act
                0x0000000037209bd8        0xc ./build-safety_d9_ref/chipdev/disp/sd_disp.mod.o
 .text.dsi_get_format_3d_act
                0x0000000037209be4       0x10 ./build-safety_d9_ref/chipdev/disp/sd_disp.mod.o
 .text.dsi_get_mode_3d_act
                0x0000000037209bf4        0xc ./build-safety_d9_ref/chipdev/disp/sd_disp.mod.o
 .text.dsi_dphy_clklane_hs2lp_config
                0x0000000037209c00       0x1c ./build-safety_d9_ref/chipdev/disp/sd_disp.mod.o
 .text.dsi_dphy_clklane_lp2hs_config
                0x0000000037209c1c       0x14 ./build-safety_d9_ref/chipdev/disp/sd_disp.mod.o
 .text.dsi_dphy_datalane_hs2lp_config
                0x0000000037209c30       0x1c ./build-safety_d9_ref/chipdev/disp/sd_disp.mod.o
 .text.dsi_dphy_datalane_lp2hs_config
                0x0000000037209c4c       0x14 ./build-safety_d9_ref/chipdev/disp/sd_disp.mod.o
 .text.dsi_dphy_enableclk
                0x0000000037209c60       0x18 ./build-safety_d9_ref/chipdev/disp/sd_disp.mod.o
 .text.dsi_dphy_reset
                0x0000000037209c78       0x18 ./build-safety_d9_ref/chipdev/disp/sd_disp.mod.o
 .text.dsi_dphy_shutdown
                0x0000000037209c90       0x14 ./build-safety_d9_ref/chipdev/disp/sd_disp.mod.o
 .text.dsi_dphy_force_pll
                0x0000000037209ca4       0x18 ./build-safety_d9_ref/chipdev/disp/sd_disp.mod.o
 .text.dsi_dphy_get_force_pll
                0x0000000037209cbc        0xc ./build-safety_d9_ref/chipdev/disp/sd_disp.mod.o
 .text.dsi_dphy_stop_wait_time
                0x0000000037209cc8       0x18 ./build-safety_d9_ref/chipdev/disp/sd_disp.mod.o
 .text.dsi_dphy_n_lanes
                0x0000000037209ce0       0x18 ./build-safety_d9_ref/chipdev/disp/sd_disp.mod.o
 .text.dsi_dphy_get_n_lanes
                0x0000000037209cf8       0x10 ./build-safety_d9_ref/chipdev/disp/sd_disp.mod.o
 .text.dsi_dphy_enable_hs_clk
                0x0000000037209d08       0x14 ./build-safety_d9_ref/chipdev/disp/sd_disp.mod.o
 .text.dsi_dphy_get_status
                0x0000000037209d1c        0xc ./build-safety_d9_ref/chipdev/disp/sd_disp.mod.o
 .text.dsi_dphy_test_clear
                0x0000000037209d28       0x14 ./build-safety_d9_ref/chipdev/disp/sd_disp.mod.o
 .text.dsi_dphy_write
                0x0000000037209d3c       0x90 ./build-safety_d9_ref/chipdev/disp/sd_disp.mod.o
 .text.mipi_dsih_dphy_configure
                0x0000000037209dcc      0x2dc ./build-safety_d9_ref/chipdev/disp/sd_disp.mod.o
                0x0000000037209dcc                mipi_dsih_dphy_configure
 .text.mipi_dsih_open
                0x000000003720a0a8       0xc0 ./build-safety_d9_ref/chipdev/disp/sd_disp.mod.o
                0x000000003720a0a8                mipi_dsih_open
 .text.mipi_dsih_dpi_video
                0x000000003720a168      0x458 ./build-safety_d9_ref/chipdev/disp/sd_disp.mod.o
                0x000000003720a168                mipi_dsih_dpi_video
 .text.dsi_init
                0x000000003720a5c0        0x4 ./build-safety_d9_ref/chipdev/disp/sd_disp.mod.o
 .text.dsi_config
                0x000000003720a5c4      0x1f8 ./build-safety_d9_ref/chipdev/disp/sd_disp.mod.o
 .text.dsi_deinit
                0x000000003720a7bc        0x4 ./build-safety_d9_ref/chipdev/disp/sd_disp.mod.o
 .text.disp_vsync_callback
                0x000000003720a7c0       0x1c ./build-safety_d9_ref/chipdev/disp/sd_disp.mod.o
                0x000000003720a7c0                disp_vsync_callback
 *fill*         0x000000003720a7dc        0x4 
 .text.disp_init
                0x000000003720a7e0      0x414 ./build-safety_d9_ref/chipdev/disp/sd_disp.mod.o
                0x000000003720a7e0                disp_init
 .text.disp_post_config
                0x000000003720abf4      0x294 ./build-safety_d9_ref/chipdev/disp/sd_disp.mod.o
                0x000000003720abf4                disp_post_config
 .text.disp_panel_connect
                0x000000003720ae88      0x190 ./build-safety_d9_ref/chipdev/disp/sd_disp.mod.o
                0x000000003720ae88                disp_panel_connect
 .text.disp_pq_config
                0x000000003720b018      0x11c ./build-safety_d9_ref/chipdev/disp/sd_disp.mod.o
                0x000000003720b018                disp_pq_config
 .text.disp_interface_init
                0x000000003720b134       0x24 ./build-safety_d9_ref/chipdev/disp/sd_disp.mod.o
                0x000000003720b134                disp_interface_init
 .text.disp_interface_config
                0x000000003720b158       0x28 ./build-safety_d9_ref/chipdev/disp/sd_disp.mod.o
                0x000000003720b158                disp_interface_config
 .text.mipi_lcm_init
                0x000000003720b180       0x50 ./build-safety_d9_ref/chipdev/disp/sd_disp.mod.o
                0x000000003720b180                mipi_lcm_init
 .text.dc_triggle
                0x000000003720b1d0       0x6c ./build-safety_d9_ref/chipdev/disp/sd_disp.mod.o
 .text.dc_check_triggle_status
                0x000000003720b23c        0xc ./build-safety_d9_ref/chipdev/disp/sd_disp.mod.o
 .text.set_tcon_ctrl_en
                0x000000003720b248       0x14 ./build-safety_d9_ref/chipdev/disp/sd_disp.mod.o
 .text.dc_reset
                0x000000003720b25c       0x14 ./build-safety_d9_ref/chipdev/disp/sd_disp.mod.o
 .text.dc_clear_layers
                0x000000003720b270      0x15c ./build-safety_d9_ref/chipdev/disp/sd_disp.mod.o
 .text.dc_vsync_enable
                0x000000003720b3cc       0x18 ./build-safety_d9_ref/chipdev/disp/sd_disp.mod.o
 *fill*         0x000000003720b3e4        0x4 
 .text.dc_csc_set
                0x000000003720b3e8      0x464 ./build-safety_d9_ref/chipdev/disp/sd_disp.mod.o
 *fill*         0x000000003720b84c        0x4 
 .text.dc_init  0x000000003720b850      0x780 ./build-safety_d9_ref/chipdev/disp/sd_disp.mod.o
 .text.dc_update_layer
                0x000000003720bfd0      0x428 ./build-safety_d9_ref/chipdev/disp/sd_disp.mod.o
 .text.dc_irq_handler
                0x000000003720c3f8       0x24 ./build-safety_d9_ref/chipdev/disp/sd_disp.mod.o
 .text.dc_update
                0x000000003720c41c      0x180 ./build-safety_d9_ref/chipdev/disp/sd_disp.mod.o
 .text.lvds_init
                0x000000003720c59c        0x4 ./build-safety_d9_ref/chipdev/disp/sd_disp.mod.o
 .text.lvds_channel_config
                0x000000003720c5a0       0xb0 ./build-safety_d9_ref/chipdev/disp/sd_disp.mod.o
 .text.lvds_config
                0x000000003720c650      0x18c ./build-safety_d9_ref/chipdev/disp/sd_disp.mod.o
 .text.lvds_deinit
                0x000000003720c7dc        0x4 ./build-safety_d9_ref/chipdev/disp/sd_disp.mod.o
 .text.parallel_init
                0x000000003720c7e0        0x4 ./build-safety_d9_ref/chipdev/disp/sd_disp.mod.o
 .text.parallel_config
                0x000000003720c7e4        0x4 ./build-safety_d9_ref/chipdev/disp/sd_disp.mod.o
 .text.parallel_deinit
                0x000000003720c7e8        0x4 ./build-safety_d9_ref/chipdev/disp/sd_disp.mod.o
 .text.dw_init_dmac1_mux_reg
                0x000000003720c7ec       0x80 ./build-safety_d9_ref/chipdev/dma/dw_dma1.mod.o
                0x000000003720c7ec                dw_init_dmac1_mux_reg
 .text.dw_init_dmac1
                0x000000003720c86c       0x88 ./build-safety_d9_ref/chipdev/dma/dw_dma1.mod.o
                0x000000003720c86c                dw_init_dmac1
 .text.dw_dmac1_ch_enable
                0x000000003720c8f4       0x84 ./build-safety_d9_ref/chipdev/dma/dw_dma1.mod.o
                0x000000003720c8f4                dw_dmac1_ch_enable
 .text.dw_dmac1_is_ch_enabled
                0x000000003720c978       0x80 ./build-safety_d9_ref/chipdev/dma/dw_dma1.mod.o
                0x000000003720c978                dw_dmac1_is_ch_enabled
 .text.dw_dmac1_clear_chan_stat
                0x000000003720c9f8       0x34 ./build-safety_d9_ref/chipdev/dma/dw_dma1.mod.o
                0x000000003720c9f8                dw_dmac1_clear_chan_stat
 .text.dw_dmac1_tr_done
                0x000000003720ca2c       0xbc ./build-safety_d9_ref/chipdev/dma/dw_dma1.mod.o
                0x000000003720ca2c                dw_dmac1_tr_done
 .text.dw_dmac1_mux_cfg
                0x000000003720cae8       0xe8 ./build-safety_d9_ref/chipdev/dma/dw_dma1.mod.o
                0x000000003720cae8                dw_dmac1_mux_cfg
 .text.dw_dmac1_ch_reg_cfg
                0x000000003720cbd0      0x5ac ./build-safety_d9_ref/chipdev/dma/dw_dma1.mod.o
                0x000000003720cbd0                dw_dmac1_ch_reg_cfg
 .text.dw_dmac1_cfg
                0x000000003720d17c       0xa0 ./build-safety_d9_ref/chipdev/dma/dw_dma1.mod.o
                0x000000003720d17c                dw_dmac1_cfg
 .text.dw_dmac1_ch_disable
                0x000000003720d21c      0x174 ./build-safety_d9_ref/chipdev/dma/dw_dma1.mod.o
                0x000000003720d21c                dw_dmac1_ch_disable
 .text.dw_dmac1_get_ch_int_stat
                0x000000003720d390       0x30 ./build-safety_d9_ref/chipdev/dma/dw_dma1.mod.o
                0x000000003720d390                dw_dmac1_get_ch_int_stat
 .text.dw_dmac1_ch_has_int
                0x000000003720d3c0       0x24 ./build-safety_d9_ref/chipdev/dma/dw_dma1.mod.o
                0x000000003720d3c0                dw_dmac1_ch_has_int
 .text.dw_dmac1_clr_int_stat
                0x000000003720d3e4       0x34 ./build-safety_d9_ref/chipdev/dma/dw_dma1.mod.o
                0x000000003720d3e4                dw_dmac1_clr_int_stat
 .text.dw_dmac1_irq_handle
                0x000000003720d418      0x2cc ./build-safety_d9_ref/chipdev/dma/dw_dma1.mod.o
                0x000000003720d418                dw_dmac1_irq_handle
 .text.get_dma1_hs_id
                0x000000003720d6e4       0x78 ./build-safety_d9_ref/chipdev/dma/dw_dma1.mod.o
                0x000000003720d6e4                get_dma1_hs_id
 .text.dw_dma1_chan_req
                0x000000003720d75c       0x14 ./build-safety_d9_ref/chipdev/dma/dw_dma1.mod.o
                0x000000003720d75c                dw_dma1_chan_req
 .text.dw_free_lli_list
                0x000000003720d770       0x38 ./build-safety_d9_ref/chipdev/dma/dw_dma1.mod.o
 .text.dw_dma1_sync_wait
                0x000000003720d7a8       0x58 ./build-safety_d9_ref/chipdev/dma/dw_dma1.mod.o
                0x000000003720d7a8                dw_dma1_sync_wait
 .text.dw_dma1_dev_config
                0x000000003720d800       0x64 ./build-safety_d9_ref/chipdev/dma/dw_dma1.mod.o
                0x000000003720d800                dw_dma1_dev_config
 .text.dw_dma1_submit
                0x000000003720d864      0x130 ./build-safety_d9_ref/chipdev/dma/dw_dma1.mod.o
                0x000000003720d864                dw_dma1_submit
 .text.make_dw_dmac1_lli
                0x000000003720d994       0x34 ./build-safety_d9_ref/chipdev/dma/dw_dma1.mod.o
                0x000000003720d994                make_dw_dmac1_lli
 .text.dw_prep_dma1_memcpy
                0x000000003720d9c8      0x334 ./build-safety_d9_ref/chipdev/dma/dw_dma1.mod.o
                0x000000003720d9c8                dw_prep_dma1_memcpy
 .text.dw_prep_dma1_memset
                0x000000003720dcfc      0x300 ./build-safety_d9_ref/chipdev/dma/dw_dma1.mod.o
                0x000000003720dcfc                dw_prep_dma1_memset
 .text.dw_prep_dma1_dev
                0x000000003720dffc      0x3f4 ./build-safety_d9_ref/chipdev/dma/dw_dma1.mod.o
                0x000000003720dffc                dw_prep_dma1_dev
 .text.dw_prep_dma1_cyclic
                0x000000003720e3f0      0x400 ./build-safety_d9_ref/chipdev/dma/dw_dma1.mod.o
                0x000000003720e3f0                dw_prep_dma1_cyclic
 .text.dw_dma1_chan_terminate
                0x000000003720e7f0       0x5c ./build-safety_d9_ref/chipdev/dma/dw_dma1.mod.o
                0x000000003720e7f0                dw_dma1_chan_terminate
 .text.dw_dma1_terminate
                0x000000003720e84c        0x8 ./build-safety_d9_ref/chipdev/dma/dw_dma1.mod.o
                0x000000003720e84c                dw_dma1_terminate
 .text.dw_dma1_free_desc
                0x000000003720e854       0x40 ./build-safety_d9_ref/chipdev/dma/dw_dma1.mod.o
                0x000000003720e854                dw_dma1_free_desc
 .text.dw_dma1_chan_handle_err
                0x000000003720e894       0x88 ./build-safety_d9_ref/chipdev/dma/dw_dma1.mod.o
                0x000000003720e894                dw_dma1_chan_handle_err
 .text.dw_dma1_interrupt_handle
                0x000000003720e91c       0xf8 ./build-safety_d9_ref/chipdev/dma/dw_dma1.mod.o
                0x000000003720e91c                dw_dma1_interrupt_handle
 .text.dw_dma1_reg
                0x000000003720ea14      0x12c ./build-safety_d9_ref/chipdev/dma/dw_dma1.mod.o
                0x000000003720ea14                dw_dma1_reg
 .text.dw_dma1_unreg
                0x000000003720eb40       0x18 ./build-safety_d9_ref/chipdev/dma/dw_dma1.mod.o
                0x000000003720eb40                dw_dma1_unreg
 .text.dw_i2c_config
                0x000000003720eb58       0xc8 ./build-safety_d9_ref/chipdev/i2c/dw_i2c.mod.o
 .text.i2c_irq_handler
                0x000000003720ec20      0x238 ./build-safety_d9_ref/chipdev/i2c/dw_i2c.mod.o
 .text.dw_i2c_wait_fifo_clear
                0x000000003720ee58       0x20 ./build-safety_d9_ref/chipdev/i2c/dw_i2c.mod.o
 .text.dw_i2c_wait_bus_not_busy
                0x000000003720ee78       0x38 ./build-safety_d9_ref/chipdev/i2c/dw_i2c.mod.o
 .text.dw_i2c_set_busconfig
                0x000000003720eeb0       0xa0 ./build-safety_d9_ref/chipdev/i2c/dw_i2c.mod.o
                0x000000003720eeb0                dw_i2c_set_busconfig
 .text.dw_i2c_init_after
                0x000000003720ef50       0x10 ./build-safety_d9_ref/chipdev/i2c/dw_i2c.mod.o
                0x000000003720ef50                dw_i2c_init_after
 .text.dw_i2c_transfer
                0x000000003720ef60       0xbc ./build-safety_d9_ref/chipdev/i2c/dw_i2c.mod.o
                0x000000003720ef60                dw_i2c_transfer
 .text.dw_i2c_transmit
                0x000000003720f01c       0xcc ./build-safety_d9_ref/chipdev/i2c/dw_i2c.mod.o
                0x000000003720f01c                dw_i2c_transmit
 .text.dw_i2c_receive
                0x000000003720f0e8       0xdc ./build-safety_d9_ref/chipdev/i2c/dw_i2c.mod.o
                0x000000003720f0e8                dw_i2c_receive
 .text.dw_i2c_slave_receive
                0x000000003720f1c4       0xc8 ./build-safety_d9_ref/chipdev/i2c/dw_i2c.mod.o
                0x000000003720f1c4                dw_i2c_slave_receive
 .text.dw_i2c_scan
                0x000000003720f28c       0x68 ./build-safety_d9_ref/chipdev/i2c/dw_i2c.mod.o
                0x000000003720f28c                dw_i2c_scan
 .text.dw_i2c_write_reg_data
                0x000000003720f2f4       0xf8 ./build-safety_d9_ref/chipdev/i2c/dw_i2c.mod.o
                0x000000003720f2f4                dw_i2c_write_reg_data
 .text.dw_i2c_read_reg_data
                0x000000003720f3ec       0xe8 ./build-safety_d9_ref/chipdev/i2c/dw_i2c.mod.o
                0x000000003720f3ec                dw_i2c_read_reg_data
 .text.dw_i2c_common_xfer
                0x000000003720f4d4      0x164 ./build-safety_d9_ref/chipdev/i2c/dw_i2c.mod.o
                0x000000003720f4d4                dw_i2c_common_xfer
 .text.arm_gic_init_percpu
                0x000000003720f638       0x1c ./build-safety_d9_ref/chipdev/interrupt/arm_gic.mod.o
 .text.arm_gic_suspend_cpu
                0x000000003720f654        0x4 ./build-safety_d9_ref/chipdev/interrupt/arm_gic.mod.o
 .text.__arm_gic_get_priority_shift
                0x000000003720f658       0x5c ./build-safety_d9_ref/chipdev/interrupt/arm_gic.mod.o
 .text.arm_gic_register_int_handler
                0x000000003720f6b4       0x58 ./build-safety_d9_ref/chipdev/interrupt/arm_gic.mod.o
                0x000000003720f6b4                arm_gic_register_int_handler
 .text.arm_gic_init
                0x000000003720f70c       0x90 ./build-safety_d9_ref/chipdev/interrupt/arm_gic.mod.o
                0x000000003720f70c                arm_gic_init
 .text.arm_gic_resume_cpu
                0x000000003720f79c       0x44 ./build-safety_d9_ref/chipdev/interrupt/arm_gic.mod.o
 .text.arm_gic_set_priority
                0x000000003720f7e0       0x5c ./build-safety_d9_ref/chipdev/interrupt/arm_gic.mod.o
                0x000000003720f7e0                arm_gic_set_priority
 .text.arm_gic_mask_interrupt
                0x000000003720f83c       0x3c ./build-safety_d9_ref/chipdev/interrupt/arm_gic.mod.o
                0x000000003720f83c                arm_gic_mask_interrupt
 .text.arm_gic_unmask_interrupt
                0x000000003720f878       0x3c ./build-safety_d9_ref/chipdev/interrupt/arm_gic.mod.o
                0x000000003720f878                arm_gic_unmask_interrupt
 .text.platform_irq
                0x000000003720f8b4       0x60 ./build-safety_d9_ref/chipdev/interrupt/arm_gic.mod.o
                0x000000003720f8b4                platform_irq
 .text.arm_gic_platform_irq_spotless
                0x000000003720f914       0x3c ./build-safety_d9_ref/chipdev/interrupt/arm_gic.mod.o
                0x000000003720f914                arm_gic_platform_irq_spotless
 .text.platform_fiq
                0x000000003720f950       0x18 ./build-safety_d9_ref/chipdev/interrupt/arm_gic.mod.o
                0x000000003720f950                platform_fiq
 .text.sd_mu_write_rom_msg
                0x000000003720f968       0xe4 ./build-safety_d9_ref/chipdev/mailbox/sd_mbox.mod.o
 .text.sd_mu_alloc_msg
                0x000000003720fa4c       0x68 ./build-safety_d9_ref/chipdev/mailbox/sd_mbox.mod.o
                0x000000003720fa4c                sd_mu_alloc_msg
 .text.sd_mbox_send_data
                0x000000003720fab4      0x11c ./build-safety_d9_ref/chipdev/mailbox/sd_mbox.mod.o
                0x000000003720fab4                sd_mbox_send_data
 .text.sd_mbox_cancel_lastsend
                0x000000003720fbd0       0x40 ./build-safety_d9_ref/chipdev/mailbox/sd_mbox.mod.o
                0x000000003720fbd0                sd_mbox_cancel_lastsend
 .text.sd_mbox_last_tx_done
                0x000000003720fc10       0x28 ./build-safety_d9_ref/chipdev/mailbox/sd_mbox.mod.o
                0x000000003720fc10                sd_mbox_last_tx_done
 .text.sd_mbox_request_channel
                0x000000003720fc38       0x60 ./build-safety_d9_ref/chipdev/mailbox/sd_mbox.mod.o
                0x000000003720fc38                sd_mbox_request_channel
 .text.sd_mbox_free_channel
                0x000000003720fc98       0x44 ./build-safety_d9_ref/chipdev/mailbox/sd_mbox.mod.o
                0x000000003720fc98                sd_mbox_free_channel
 .text.sd_mu_echo_test
                0x000000003720fcdc       0xa4 ./build-safety_d9_ref/chipdev/mailbox/sd_mbox.mod.o
                0x000000003720fcdc                sd_mu_echo_test
 .text.sd_mbox_rx_interrupt
                0x000000003720fd80      0x170 ./build-safety_d9_ref/chipdev/mailbox/sd_mbox.mod.o
                0x000000003720fd80                sd_mbox_rx_interrupt
 .text.sd_mbox_probe
                0x000000003720fef0       0xbc ./build-safety_d9_ref/chipdev/mailbox/sd_mbox.mod.o
                0x000000003720fef0                sd_mbox_probe
 .text.pll_config
                0x000000003720ffac      0x2fc ./build-safety_d9_ref/chipdev/pll.mod.o
                0x000000003720ffac                pll_config
 .text.pll_config_get
                0x00000000372102a8       0xcc ./build-safety_d9_ref/chipdev/pll.mod.o
                0x00000000372102a8                pll_config_get
 .text.stuff_valid_value
                0x0000000037210374       0x64 ./build-safety_d9_ref/chipdev/pll.mod.o
                0x0000000037210374                stuff_valid_value
 .text.pmu_check.part.0
                0x00000000372103d8       0x14 ./build-safety_d9_ref/chipdev/pmu/sd_pmu.mod.o
 .text.pmu_init
                0x00000000372103ec       0x4c ./build-safety_d9_ref/chipdev/pmu/sd_pmu.mod.o
                0x00000000372103ec                pmu_init
 .text.pmu_exit
                0x0000000037210438       0x48 ./build-safety_d9_ref/chipdev/pmu/sd_pmu.mod.o
                0x0000000037210438                pmu_exit
 .text.pmu_get_status
                0x0000000037210480       0x88 ./build-safety_d9_ref/chipdev/pmu/sd_pmu.mod.o
                0x0000000037210480                pmu_get_status
 .text.pmu_get_event_source
                0x0000000037210508       0x48 ./build-safety_d9_ref/chipdev/pmu/sd_pmu.mod.o
                0x0000000037210508                pmu_get_event_source
 .text.pmu_clean_single_event_source
                0x0000000037210550       0x40 ./build-safety_d9_ref/chipdev/pmu/sd_pmu.mod.o
                0x0000000037210550                pmu_clean_single_event_source
 .text.pmu_clean_all_event_source
                0x0000000037210590       0x38 ./build-safety_d9_ref/chipdev/pmu/sd_pmu.mod.o
                0x0000000037210590                pmu_clean_all_event_source
 .text.pmu_powerdown
                0x00000000372105c8       0x50 ./build-safety_d9_ref/chipdev/pmu/sd_pmu.mod.o
                0x00000000372105c8                pmu_powerdown
 .text.pmu_set_powerdown_delay
                0x0000000037210618       0x44 ./build-safety_d9_ref/chipdev/pmu/sd_pmu.mod.o
                0x0000000037210618                pmu_set_powerdown_delay
 .text.pmu_set_powerup_delay
                0x000000003721065c       0x40 ./build-safety_d9_ref/chipdev/pmu/sd_pmu.mod.o
                0x000000003721065c                pmu_set_powerup_delay
 .text.pmu_set_powerctrl_powerdown_delay
                0x000000003721069c       0x74 ./build-safety_d9_ref/chipdev/pmu/sd_pmu.mod.o
                0x000000003721069c                pmu_set_powerctrl_powerdown_delay
 .text.pmu_set_powerctrl_powerup_delay
                0x0000000037210710       0x70 ./build-safety_d9_ref/chipdev/pmu/sd_pmu.mod.o
                0x0000000037210710                pmu_set_powerctrl_powerup_delay
 .text.pmu_set_powerctrl_io_mode
                0x0000000037210780       0x78 ./build-safety_d9_ref/chipdev/pmu/sd_pmu.mod.o
                0x0000000037210780                pmu_set_powerctrl_io_mode
 .text.pmu_set_powerctrl_out_mode
                0x00000000372107f8       0x7c ./build-safety_d9_ref/chipdev/pmu/sd_pmu.mod.o
                0x00000000372107f8                pmu_set_powerctrl_out_mode
 .text.pmu_set_powerctrl_out_ctrl
                0x0000000037210874       0x78 ./build-safety_d9_ref/chipdev/pmu/sd_pmu.mod.o
                0x0000000037210874                pmu_set_powerctrl_out_ctrl
 .text.pmu_get_powerctrl_input_status
                0x00000000372108ec       0x80 ./build-safety_d9_ref/chipdev/pmu/sd_pmu.mod.o
                0x00000000372108ec                pmu_get_powerctrl_input_status
 .text.pmu_set_internal_powerdown_enable
                0x000000003721096c       0x54 ./build-safety_d9_ref/chipdev/pmu/sd_pmu.mod.o
                0x000000003721096c                pmu_set_internal_powerdown_enable
 .text.pmu_set_internal_powerdown_polarity
                0x00000000372109c0       0x58 ./build-safety_d9_ref/chipdev/pmu/sd_pmu.mod.o
                0x00000000372109c0                pmu_set_internal_powerdown_polarity
 .text.pmu_get_internal_powerdown_status
                0x0000000037210a18       0x60 ./build-safety_d9_ref/chipdev/pmu/sd_pmu.mod.o
                0x0000000037210a18                pmu_get_internal_powerdown_status
 .text.pmu_set_external_reset_enable
                0x0000000037210a78       0x54 ./build-safety_d9_ref/chipdev/pmu/sd_pmu.mod.o
                0x0000000037210a78                pmu_set_external_reset_enable
 .text.pmu_set_external_reset_polarity
                0x0000000037210acc       0x58 ./build-safety_d9_ref/chipdev/pmu/sd_pmu.mod.o
                0x0000000037210acc                pmu_set_external_reset_polarity
 .text.pmu_set_external_reset_debounce_enable
                0x0000000037210b24       0x58 ./build-safety_d9_ref/chipdev/pmu/sd_pmu.mod.o
                0x0000000037210b24                pmu_set_external_reset_debounce_enable
 .text.pmu_set_external_reset_debounce_delay
                0x0000000037210b7c       0x58 ./build-safety_d9_ref/chipdev/pmu/sd_pmu.mod.o
                0x0000000037210b7c                pmu_set_external_reset_debounce_delay
 .text.pmu_get_external_reset_status
                0x0000000037210bd4       0x60 ./build-safety_d9_ref/chipdev/pmu/sd_pmu.mod.o
                0x0000000037210bd4                pmu_get_external_reset_status
 .text.pmu_set_internal_wakeup_enable
                0x0000000037210c34       0x50 ./build-safety_d9_ref/chipdev/pmu/sd_pmu.mod.o
                0x0000000037210c34                pmu_set_internal_wakeup_enable
 .text.pmu_set_external_wakeup_enable
                0x0000000037210c84       0x58 ./build-safety_d9_ref/chipdev/pmu/sd_pmu.mod.o
                0x0000000037210c84                pmu_set_external_wakeup_enable
 .text.pmu_set_external_wakeup_polarity
                0x0000000037210cdc       0x58 ./build-safety_d9_ref/chipdev/pmu/sd_pmu.mod.o
                0x0000000037210cdc                pmu_set_external_wakeup_polarity
 .text.pmu_set_external_wakeup_debounce_enable
                0x0000000037210d34       0x58 ./build-safety_d9_ref/chipdev/pmu/sd_pmu.mod.o
                0x0000000037210d34                pmu_set_external_wakeup_debounce_enable
 .text.pmu_set_external_wakeup_debounce_delay
                0x0000000037210d8c       0x58 ./build-safety_d9_ref/chipdev/pmu/sd_pmu.mod.o
                0x0000000037210d8c                pmu_set_external_wakeup_debounce_delay
 .text.pmu_get_external_wakeup_status
                0x0000000037210de4       0x60 ./build-safety_d9_ref/chipdev/pmu/sd_pmu.mod.o
                0x0000000037210de4                pmu_get_external_wakeup_status
 .text.pmu_set_glitch_filter_delay
                0x0000000037210e44       0x44 ./build-safety_d9_ref/chipdev/pmu/sd_pmu.mod.o
                0x0000000037210e44                pmu_set_glitch_filter_delay
 .text.pmu_set_glitch_filter_enable
                0x0000000037210e88       0x50 ./build-safety_d9_ref/chipdev/pmu/sd_pmu.mod.o
                0x0000000037210e88                pmu_set_glitch_filter_enable
 .text.pmu_set_por_powerdown_delay
                0x0000000037210ed8       0x44 ./build-safety_d9_ref/chipdev/pmu/sd_pmu.mod.o
                0x0000000037210ed8                pmu_set_por_powerdown_delay
 .text.pmu_set_por_auto_powerdown
                0x0000000037210f1c       0x44 ./build-safety_d9_ref/chipdev/pmu/sd_pmu.mod.o
                0x0000000037210f1c                pmu_set_por_auto_powerdown
 .text.pmu_set_por_force_powerdown
                0x0000000037210f60       0x44 ./build-safety_d9_ref/chipdev/pmu/sd_pmu.mod.o
                0x0000000037210f60                pmu_set_por_force_powerdown
 .text.scr_write_signal.isra.4
                0x0000000037210fa4       0x2c ./build-safety_d9_ref/chipdev/port/sd_port.mod.o
 .text.scr_read_signal.isra.5
                0x0000000037210fd0       0x2c ./build-safety_d9_ref/chipdev/port/sd_port.mod.o
 .text.Port_SetGPIOSCR
                0x0000000037210ffc       0xf4 ./build-safety_d9_ref/chipdev/port/sd_port.mod.o
 .text.Port_getGPIOSCR
                0x00000000372110f0       0xb8 ./build-safety_d9_ref/chipdev/port/sd_port.mod.o
 .text.Port_SetPinDirection
                0x00000000372111a8       0x94 ./build-safety_d9_ref/chipdev/port/sd_port.mod.o
                0x00000000372111a8                Port_SetPinDirection
 .text.Port_SetPinMode
                0x000000003721123c       0xdc ./build-safety_d9_ref/chipdev/port/sd_port.mod.o
                0x000000003721123c                Port_SetPinMode
 .text.Port_SetHandle
                0x0000000037211318       0x30 ./build-safety_d9_ref/chipdev/port/sd_port.mod.o
                0x0000000037211318                Port_SetHandle
 .text.Port_SetToGPIOCtrl
                0x0000000037211348        0x4 ./build-safety_d9_ref/chipdev/port/sd_port.mod.o
                0x0000000037211348                Port_SetToGPIOCtrl
 .text.port_set_pin_data
                0x000000003721134c       0xb4 ./build-safety_d9_ref/chipdev/port/sd_port.mod.o
                0x000000003721134c                port_set_pin_data
 .text.port_get_pin_info
                0x0000000037211400      0x1b4 ./build-safety_d9_ref/chipdev/port/sd_port.mod.o
                0x0000000037211400                port_get_pin_info
 .text.rstgen_get_default_config
                0x00000000372115b4        0x8 ./build-safety_d9_ref/chipdev/rstgen/sd_rstgen.mod.o
                0x00000000372115b4                rstgen_get_default_config
 .text.rstgen_init
                0x00000000372115bc       0x3c ./build-safety_d9_ref/chipdev/rstgen/sd_rstgen.mod.o
                0x00000000372115bc                rstgen_init
 .text.rstgen_global_rst_enable
                0x00000000372115f8       0x14 ./build-safety_d9_ref/chipdev/rstgen/sd_rstgen.mod.o
                0x00000000372115f8                rstgen_global_rst_enable
 .text.rstgen_global_rst_disable
                0x000000003721160c       0x18 ./build-safety_d9_ref/chipdev/rstgen/sd_rstgen.mod.o
                0x000000003721160c                rstgen_global_rst_disable
 .text.rstgen_sw_self_rst
                0x0000000037211624       0x1c ./build-safety_d9_ref/chipdev/rstgen/sd_rstgen.mod.o
                0x0000000037211624                rstgen_sw_self_rst
 .text.rstgen_sw_oth_rst
                0x0000000037211640       0x1c ./build-safety_d9_ref/chipdev/rstgen/sd_rstgen.mod.o
                0x0000000037211640                rstgen_sw_oth_rst
 .text.rstgen_get_rst_sta
                0x000000003721165c        0x8 ./build-safety_d9_ref/chipdev/rstgen/sd_rstgen.mod.o
                0x000000003721165c                rstgen_get_rst_sta
 .text.rstgen_iso_enable
                0x0000000037211664       0x10 ./build-safety_d9_ref/chipdev/rstgen/sd_rstgen.mod.o
                0x0000000037211664                rstgen_iso_enable
 .text.rstgen_iso_status
                0x0000000037211674        0xc ./build-safety_d9_ref/chipdev/rstgen/sd_rstgen.mod.o
                0x0000000037211674                rstgen_iso_status
 .text.rstgen_iso_disable
                0x0000000037211680        0xc ./build-safety_d9_ref/chipdev/rstgen/sd_rstgen.mod.o
                0x0000000037211680                rstgen_iso_disable
 .text.rstgen_core_reset
                0x000000003721168c       0x4c ./build-safety_d9_ref/chipdev/rstgen/sd_rstgen.mod.o
                0x000000003721168c                rstgen_core_reset
 .text.rstgen_core_ctl
                0x00000000372116d8       0x54 ./build-safety_d9_ref/chipdev/rstgen/sd_rstgen.mod.o
                0x00000000372116d8                rstgen_core_ctl
 .text.rstgen_module_ctl
                0x000000003721172c       0x4c ./build-safety_d9_ref/chipdev/rstgen/sd_rstgen.mod.o
                0x000000003721172c                rstgen_module_ctl
 .text.rstgen_module_status
                0x0000000037211778        0xc ./build-safety_d9_ref/chipdev/rstgen/sd_rstgen.mod.o
                0x0000000037211778                rstgen_module_status
 .text.rstgen_core_status
                0x0000000037211784        0xc ./build-safety_d9_ref/chipdev/rstgen/sd_rstgen.mod.o
                0x0000000037211784                rstgen_core_status
 .text.rtc_switch_osc
                0x0000000037211790       0x3c ./build-safety_d9_ref/chipdev/rtc.mod.o
                0x0000000037211790                rtc_switch_osc
 .text.rtc_wakeup_enable